180.102.196.13 - - [03/Jun/2024:16:29:09 +0800] "GET /wp-includes/css/admin-bar.min.css?ver=5.6.6 HTTP/1.1" 200 19329 "http://1.92.107.167/" "Mozilla/5.0 (Windows NT 10.0; Win64; x64) AppleWebKit/537.36 (KHTML, like Gecko) Chrome/125.0.0.0 Safari/537.36"
180.102.196.13 - - [03/Jun/2024:16:29:09 +0800] "GET /wp-includes/css/dist/block-library/theme.min.css?ver=5.6.6 HTTP/1.1" 200 2297 "http://1.92.107.167/" "Mozilla/5.0 (Windows NT 10.0; Win64; x64) AppleWebKit/537.36 (KHTML, like Gecko) Chrome/125.0.0.0 Safari/537.36"
180.102.196.13 - - [03/Jun/2024:16:29:09 +0800] "GET /wp-includes/css/dist/block-library/style.min.css?ver=5.6.6 HTTP/1.1" 200 51338 "http://1.92.107.167/" "Mozilla/5.0 (Windows NT 10.0; Win64; x64) AppleWebKit/537.36 (KHTML, like Gecko) Chrome/125.0.0.0 Safari/537.36"
180.102.196.13 - - [03/Jun/2024:16:29:09 +0800] "GET /wp-content/themes/twentytwentyone/assets/js/responsive-embeds.js?ver=1.1 HTTP/1.1" 200 1127 "http://1.92.107.167/" "Mozilla/5.0 (Windows NT 10.0; Win64; x64) AppleWebKit/537.36 (KHTML, like Gecko) Chrome/125.0.0.0 Safari/537.36"
180.102.196.13 - - [03/Jun/2024:16:29:09 +0800] "GET /wp-includes/js/wp-embed.min.js?ver=5.6.6 HTTP/1.1" 200 1426 "http://1.92.107.167/" "Mozilla/5.0 (Windows NT 10.0; Win64; x64) AppleWebKit/537.36 (KHTML, like Gecko) Chrome/125.0.0.0 Safari/537.36"
180.102.196.13 - - [03/Jun/2024:16:29:10 +0800] "GET /wp-content/themes/twentytwentyone/assets/css/print.css?ver=1.1 HTTP/1.1" 200 2897 "http://1.92.107.167/" "Mozilla/5.0 (Windows NT 10.0; Win64; x64) AppleWebKit/537.36 (KHTML, like Gecko) Chrome/125.0.0.0 Safari/537.36"
180.102.196.13 - - [03/Jun/2024:16:29:09 +0800] "GET /wp-content/themes/twentytwentyone/style.css?ver=1.1 HTTP/1.1" 200 152103 "http://1.92.107.167/" "Mozilla/5.0 (Windows NT 10.0; Win64; x64) AppleWebKit/537.36 (KHTML, like Gecko) Chrome/125.0.0.0 Safari/537.36"
1.92.107.167 - - [03/Jun/2024:16:29:09 +0800] "POST /wp-cron.php?doing_wp_cron=1717403349.8741240501403808593750 HTTP/1.1" 200 - "http://1.92.107.167/wp-cron.php?doing_wp_cron=1717403349.8741240501403808593750" "WordPress/5.6.6; http://1.92.107.167"
180.102.196.13 - - [03/Jun/2024:16:29:09 +0800] "POST /wp-admin/admin-ajax.php HTTP/1.1" 200 1 "http://1.92.107.167/wp-admin/post.php?post=6&action=edit" "Mozilla/5.0 (Windows NT 10.0; Win64; x64) AppleWebKit/537.36 (KHTML, like Gecko) Chrome/125.0.0.0 Safari/537.36"
::1 - - [03/Jun/2024:16:29:16 +0800] "OPTIONS * HTTP/1.0" 200 - "-" "Apache/2.4.6 (CentOS) PHP/7.2.34 (internal dummy connection)"
221.217.54.148 - - [03/Jun/2024:16:29:32 +0800] "POST /wp-admin/admin-ajax.php HTTP/1.1" 200 47 "http://1.92.107.167/wp-admin/plugins.php" "Mozilla/5.0 (Windows NT 10.0; Win64; x64; rv:126.0) Gecko/20100101 Firefox/126.0"
123.117.34.38 - - [03/Jun/2024:16:30:05 +0800] "POST /wp-admin/admin-ajax.php HTTP/1.1" 200 47 "http://1.92.107.167/wp-admin/edit.php" "Mozilla/5.0 (Windows NT 10.0; Win64; x64) AppleWebKit/537.36 (KHTML, like Gecko) Chrome/125.0.0.0 Safari/537.36"
123.117.34.38 - - [03/Jun/2024:16:31:11 +0800] "POST /wp-admin/admin-ajax.php HTTP/1.1" 200 47 "http://1.92.107.167/wp-admin/" "Mozilla/5.0 (Windows NT 10.0; Win64; x64) AppleWebKit/537.36 (KHTML, like Gecko) Chrome/125.0.0.0 Safari/537.36"
123.117.34.38 - - [03/Jun/2024:16:31:13 +0800] "GET /wp-admin/plugins.php HTTP/1.1" 200 57224 "http://1.92.107.167/wp-admin/" "Mozilla/5.0 (Windows NT 10.0; Win64; x64) AppleWebKit/537.36 (KHTML, like Gecko) Chrome/125.0.0.0 Safari/537.36"
123.117.34.38 - - [03/Jun/2024:16:31:13 +0800] "GET /wp-admin/images/spinner-2x.gif HTTP/1.1" 200 7536 "http://1.92.107.167/wp-admin/load-styles.php?c=1&dir=ltr&load%5Bchunk_0%5D=dashicons,admin-bar,common,forms,admin-menu,dashboard,list-tables,edit,revisions,media,themes,about,nav-menus,wp-pointer,widgets&load%5Bchunk_1%5D=,site-icon,l10n,buttons,wp-auth-check&ver=5.6.6" "Mozilla/5.0 (Windows NT 10.0; Win64; x64) AppleWebKit/537.36 (KHTML, like Gecko) Chrome/125.0.0.0 Safari/537.36"
123.117.34.38 - - [03/Jun/2024:16:31:15 +0800] "GET /wp-admin/plugins.php?action=activate&plugin=redis-cache%2Fredis-cache.php&plugin_status=all&paged=1&s&_wpnonce=157d5f05b6 HTTP/1.1" 302 - "http://1.92.107.167/wp-admin/plugins.php" "Mozilla/5.0 (Windows NT 10.0; Win64; x64) AppleWebKit/537.36 (KHTML, like Gecko) Chrome/125.0.0.0 Safari/537.36"
123.117.34.38 - - [03/Jun/2024:16:31:15 +0800] "GET /wp-admin/plugins.php?activate=true&plugin_status=all&paged=1&s= HTTP/1.1" 302 59511 "http://1.92.107.167/wp-admin/plugins.php" "Mozilla/5.0 (Windows NT 10.0; Win64; x64) AppleWebKit/537.36 (KHTML, like Gecko) Chrome/125.0.0.0 Safari/537.36"
1.92.107.167 - - [03/Jun/2024:16:31:15 +0800] "POST /wp-cron.php?doing_wp_cron=1717403475.3029830455780029296875 HTTP/1.1" 200 - "http://1.92.107.167/wp-cron.php?doing_wp_cron=1717403475.3029830455780029296875" "WordPress/5.6.6; http://1.92.107.167"
123.117.34.38 - - [03/Jun/2024:16:31:15 +0800] "GET /wp-admin/options-general.php?page=redis-cache HTTP/1.1" 200 35094 "http://1.92.107.167/wp-admin/plugins.php" "Mozilla/5.0 (Windows NT 10.0; Win64; x64) AppleWebKit/537.36 (KHTML, like Gecko) Chrome/125.0.0.0 Safari/537.36"
123.117.34.38 - - [03/Jun/2024:16:31:15 +0800] "GET /wp-content/plugins/redis-cache//assets/css/admin.css?ver=2.4.4 HTTP/1.1" 200 3379 "http://1.92.107.167/wp-admin/options-general.php?page=redis-cache" "Mozilla/5.0 (Windows NT 10.0; Win64; x64) AppleWebKit/537.36 (KHTML, like Gecko) Chrome/125.0.0.0 Safari/537.36"
123.117.34.38 - - [03/Jun/2024:16:31:15 +0800] "GET /wp-content/plugins/redis-cache/assets/js/admin.js?ver=2.4.4 HTTP/1.1" 200 17387 "http://1.92.107.167/wp-admin/options-general.php?page=redis-cache" "Mozilla/5.0 (Windows NT 10.0; Win64; x64) AppleWebKit/537.36 (KHTML, like Gecko) Chrome/125.0.0.0 Safari/537.36"
123.117.34.38 - - [03/Jun/2024:16:31:15 +0800] "GET /wp-content/plugins/redis-cache/assets/js/apexcharts.min.js?ver=2.4.4 HTTP/1.1" 200 487568 "http://1.92.107.167/wp-admin/options-general.php?page=redis-cache" "Mozilla/5.0 (Windows NT 10.0; Win64; x64) AppleWebKit/537.36 (KHTML, like Gecko) Chrome/125.0.0.0 Safari/537.36"
180.102.196.13 - - [03/Jun/2024:16:31:19 +0800] "GET / HTTP/1.1" 200 11717 "-" "Mozilla/5.0 (Windows NT 10.0; Win64; x64) AppleWebKit/537.36 (KHTML, like Gecko) Chrome/125.0.0.0 Safari/537.36"
123.117.34.38 - - [03/Jun/2024:16:31:32 +0800] "POST /wp-admin/admin-ajax.php HTTP/1.1" 200 47 "http://1.92.107.167/wp-admin/plugins.php" "Mozilla/5.0 (Windows NT 10.0; Win64; x64; rv:126.0) Gecko/20100101 Firefox/126.0"
123.117.34.38 - - [03/Jun/2024:16:31:36 +0800] "GET /wp-admin/plugins.php HTTP/1.1" 200 59272 "http://1.92.107.167/wp-admin/options-general.php?page=redis-cache" "Mozilla/5.0 (Windows NT 10.0; Win64; x64) AppleWebKit/537.36 (KHTML, like Gecko) Chrome/125.0.0.0 Safari/537.36"
123.117.34.38 - - [03/Jun/2024:16:31:44 +0800] "POST /wp-admin/admin-ajax.php HTTP/1.1" 200 299 "http://1.92.107.167/wp-admin/plugins.php" "Mozilla/5.0 (Windows NT 10.0; Win64; x64) AppleWebKit/537.36 (KHTML, like Gecko) Chrome/125.0.0.0 Safari/537.36"
123.117.34.38 - - [03/Jun/2024:16:32:06 +0800] "POST /wp-admin/admin-ajax.php HTTP/1.1" 200 47 "http://1.92.107.167/wp-admin/edit.php" "Mozilla/5.0 (Windows NT 10.0; Win64; x64) AppleWebKit/537.36 (KHTML, like Gecko) Chrome/125.0.0.0 Safari/537.36"
180.102.196.13 - - [03/Jun/2024:16:32:11 +0800] "-" 408 - "-" "-"
123.117.34.38 - - [03/Jun/2024:16:32:37 +0800] "POST /wp-admin/admin-ajax.php HTTP/1.1" 200 47 "http://1.92.107.167/wp-admin/plugins.php" "Mozilla/5.0 (Windows NT 10.0; Win64; x64) AppleWebKit/537.36 (KHTML, like Gecko) Chrome/125.0.0.0 Safari/537.36"
221.217.54.148 - - [03/Jun/2024:16:33:32 +0800] "POST /wp-admin/admin-ajax.php HTTP/1.1" 200 47 "http://1.92.107.167/wp-admin/plugins.php" "Mozilla/5.0 (Windows NT 10.0; Win64; x64; rv:126.0) Gecko/20100101 Firefox/126.0"
180.102.196.13 - - [03/Jun/2024:16:33:44 +0800] "GET / HTTP/1.1" 200 11717 "-" "Mozilla/5.0 (Windows NT 10.0; Win64; x64) AppleWebKit/537.36 (KHTML, like Gecko) Chrome/125.0.0.0 Safari/537.36"
180.102.196.13 - - [03/Jun/2024:16:33:48 +0800] "GET / HTTP/1.1" 200 11717 "-" "Mozilla/5.0 (Windows NT 10.0; Win64; x64) AppleWebKit/537.36 (KHTML, like Gecko) Chrome/125.0.0.0 Safari/537.36"
123.117.34.38 - - [03/Jun/2024:16:34:07 +0800] "POST /wp-admin/admin-ajax.php HTTP/1.1" 200 47 "http://1.92.107.167/wp-admin/edit.php" "Mozilla/5.0 (Windows NT 10.0; Win64; x64) AppleWebKit/537.36 (KHTML, like Gecko) Chrome/125.0.0.0 Safari/537.36"
198.74.56.46 - - [03/Jun/2024:16:34:19 +0800] "GET / HTTP/1.1" 200 11667 "-" "Mozilla/5.0 zgrab/0.x"
221.217.54.148 - - [03/Jun/2024:16:34:32 +0800] "POST /wp-admin/admin-ajax.php HTTP/1.1" 200 47 "http://1.92.107.167/wp-admin/plugins.php" "Mozilla/5.0 (Windows NT 10.0; Win64; x64; rv:126.0) Gecko/20100101 Firefox/126.0"
45.79.172.21 - - [03/Jun/2024:16:34:34 +0800] "GET / HTTP/1.1" 200 11667 "-" "Mozilla/5.0 (Macintosh; Intel Mac OS X 13_1) AppleWebKit/537.36 (KHTML, like Gecko) Chrome/108.0.0.0 Safari/537.36"
180.102.196.13 - - [03/Jun/2024:16:34:36 +0800] "-" 408 - "-" "-"
123.117.34.38 - - [03/Jun/2024:16:34:38 +0800] "POST /wp-admin/admin-ajax.php HTTP/1.1" 200 47 "http://1.92.107.167/wp-admin/plugins.php" "Mozilla/5.0 (Windows NT 10.0; Win64; x64) AppleWebKit/537.36 (KHTML, like Gecko) Chrome/125.0.0.0 Safari/537.36"
123.117.34.38 - - [03/Jun/2024:16:34:51 +0800] "POST /wp-comments-post.php HTTP/1.1" 302 - "http://1.92.107.167/index.php/2024/06/03/hello-world/" "Mozilla/5.0 (Windows NT 10.0; Win64; x64) AppleWebKit/537.36 (KHTML, like Gecko) Chrome/125.0.0.0 Safari/537.36 Edg/125.0.0.0"
123.117.34.38 - - [03/Jun/2024:16:34:51 +0800] "GET /index.php/2024/06/03/hello-world/ HTTP/1.1" 200 29600 "http://1.92.107.167/index.php/2024/06/03/hello-world/" "Mozilla/5.0 (Windows NT 10.0; Win64; x64) AppleWebKit/537.36 (KHTML, like Gecko) Chrome/125.0.0.0 Safari/537.36 Edg/125.0.0.0"
123.117.34.38 - - [03/Jun/2024:16:36:08 +0800] "POST /wp-admin/admin-ajax.php HTTP/1.1" 200 47 "http://1.92.107.167/wp-admin/edit.php" "Mozilla/5.0 (Windows NT 10.0; Win64; x64) AppleWebKit/537.36 (KHTML, like Gecko) Chrome/125.0.0.0 Safari/537.36"
180.102.196.13 - - [03/Jun/2024:16:36:29 +0800] "GET / HTTP/1.1" 200 11717 "-" "Mozilla/5.0 (Windows NT 10.0; Win64; x64) AppleWebKit/537.36 (KHTML, like Gecko) Chrome/125.0.0.0 Safari/537.36"
221.217.54.148 - - [03/Jun/2024:16:36:32 +0800] "POST /wp-admin/admin-ajax.php HTTP/1.1" 200 47 "http://1.92.107.167/wp-admin/plugins.php" "Mozilla/5.0 (Windows NT 10.0; Win64; x64; rv:126.0) Gecko/20100101 Firefox/126.0"
180.102.196.13 - - [03/Jun/2024:16:36:38 +0800] "GET / HTTP/1.1" 200 20602 "http://blog.anishell.cn/" "Mozilla/5.0 (Windows NT 10.0; Win64; x64) AppleWebKit/537.36 (KHTML, like Gecko) Chrome/125.0.0.0 Safari/537.36"
123.117.34.38 - - [03/Jun/2024:16:36:39 +0800] "POST /wp-admin/admin-ajax.php HTTP/1.1" 200 47 "http://1.92.107.167/wp-admin/plugins.php" "Mozilla/5.0 (Windows NT 10.0; Win64; x64) AppleWebKit/537.36 (KHTML, like Gecko) Chrome/125.0.0.0 Safari/537.36"
180.102.196.13 - - [03/Jun/2024:16:36:44 +0800] "GET /wp-admin/edit-comments.php HTTP/1.1" 200 101879 "http://1.92.107.167/" "Mozilla/5.0 (Windows NT 10.0; Win64; x64) AppleWebKit/537.36 (KHTML, like Gecko) Chrome/125.0.0.0 Safari/537.36"
180.102.196.13 - - [03/Jun/2024:16:36:43 +0800] "GET /wp-admin/update-core.php HTTP/1.1" 200 45127 "http://1.92.107.167/" "Mozilla/5.0 (Windows NT 10.0; Win64; x64) AppleWebKit/537.36 (KHTML, like Gecko) Chrome/125.0.0.0 Safari/537.36"
180.102.196.13 - - [03/Jun/2024:16:36:52 +0800] "GET /index.php/2024/06/03/hello-world/ HTTP/1.1" 200 35907 "http://1.92.107.167/wp-admin/edit-comments.php" "Mozilla/5.0 (Windows NT 10.0; Win64; x64) AppleWebKit/537.36 (KHTML, like Gecko) Chrome/125.0.0.0 Safari/537.36"
180.102.196.13 - - [03/Jun/2024:16:36:52 +0800] "GET /wp-includes/js/comment-reply.min.js?ver=5.6.6 HTTP/1.1" 200 2984 "http://1.92.107.167/index.php/2024/06/03/hello-world/" "Mozilla/5.0 (Windows NT 10.0; Win64; x64) AppleWebKit/537.36 (KHTML, like Gecko) Chrome/125.0.0.0 Safari/537.36"
221.217.54.148 - - [03/Jun/2024:16:37:01 +0800] "GET /wp-admin/plugins.php?action=activate&plugin=redis-cache%2Fredis-cache.php&plugin_status=all&paged=1&s&_wpnonce=8c4a79757d HTTP/1.1" 302 - "http://1.92.107.167/wp-admin/plugins.php" "Mozilla/5.0 (Windows NT 10.0; Win64; x64; rv:126.0) Gecko/20100101 Firefox/126.0"
123.117.34.38 - - [03/Jun/2024:16:37:02 +0800] "GET /wp-admin/plugins.php?activate=true&plugin_status=all&paged=1&s= HTTP/1.1" 200 57354 "http://1.92.107.167/wp-admin/plugins.php" "Mozilla/5.0 (Windows NT 10.0; Win64; x64; rv:126.0) Gecko/20100101 Firefox/126.0"
123.117.34.38 - - [03/Jun/2024:16:37:02 +0800] "GET /wp-includes/js/wp-emoji-release.min.js?ver=5.6.6 HTTP/1.1" 200 14229 "http://1.92.107.167/wp-admin/plugins.php?activate=true&plugin_status=all&paged=1&s=" "Mozilla/5.0 (Windows NT 10.0; Win64; x64; rv:126.0) Gecko/20100101 Firefox/126.0"
221.217.54.148 - - [03/Jun/2024:16:37:02 +0800] "GET /wp-admin/load-scripts.php?c=1&load%5Bchunk_0%5D=hoverIntent&ver=5.6.6 HTTP/1.1" 200 1123 "http://1.92.107.167/wp-admin/plugins.php?activate=true&plugin_status=all&paged=1&s=" "Mozilla/5.0 (Windows NT 10.0; Win64; x64; rv:126.0) Gecko/20100101 Firefox/126.0"
221.217.54.148 - - [03/Jun/2024:16:37:07 +0800] "GET /wp-admin/options-general.php?page=redis-cache HTTP/1.1" 200 34993 "http://1.92.107.167/wp-admin/plugins.php?plugin_status=all&paged=1&s" "Mozilla/5.0 (Windows NT 10.0; Win64; x64; rv:126.0) Gecko/20100101 Firefox/126.0"
221.217.54.148 - - [03/Jun/2024:16:37:07 +0800] "GET /wp-content/plugins/redis-cache//assets/css/admin.css?ver=2.4.4 HTTP/1.1" 200 3379 "http://1.92.107.167/wp-admin/options-general.php?page=redis-cache" "Mozilla/5.0 (Windows NT 10.0; Win64; x64; rv:126.0) Gecko/20100101 Firefox/126.0"
221.217.54.148 - - [03/Jun/2024:16:37:07 +0800] "GET /wp-content/plugins/redis-cache/assets/js/admin.js?ver=2.4.4 HTTP/1.1" 200 17387 "http://1.92.107.167/wp-admin/options-general.php?page=redis-cache" "Mozilla/5.0 (Windows NT 10.0; Win64; x64; rv:126.0) Gecko/20100101 Firefox/126.0"
221.217.54.148 - - [03/Jun/2024:16:37:07 +0800] "GET /wp-content/plugins/redis-cache/assets/js/apexcharts.min.js?ver=2.4.4 HTTP/1.1" 200 487568 "http://1.92.107.167/wp-admin/options-general.php?page=redis-cache" "Mozilla/5.0 (Windows NT 10.0; Win64; x64; rv:126.0) Gecko/20100101 Firefox/126.0"
180.102.196.13 - - [03/Jun/2024:16:37:20 +0800] "-" 408 - "-" "-"
180.102.196.13 - - [03/Jun/2024:16:37:25 +0800] "GET /wp-admin/edit-comments.php HTTP/1.1" 200 101989 "http://1.92.107.167/index.php/2024/06/03/hello-world/" "Mozilla/5.0 (Windows NT 10.0; Win64; x64) AppleWebKit/537.36 (KHTML, like Gecko) Chrome/125.0.0.0 Safari/537.36"
123.117.34.38 - - [03/Jun/2024:16:37:56 +0800] "GET /wp-admin/options-general.php?page=redis-cache HTTP/1.1" 200 35066 "http://1.92.107.167/wp-admin/plugins.php?plugin_status=all&paged=1&s" "Mozilla/5.0 (Windows NT 10.0; Win64; x64; rv:126.0) Gecko/20100101 Firefox/126.0"
123.117.34.38 - - [03/Jun/2024:16:37:57 +0800] "GET /favicon.ico HTTP/1.1" 404 209 "http://1.92.107.167/wp-admin/options-general.php?page=redis-cache" "Mozilla/5.0 (Windows NT 10.0; Win64; x64; rv:126.0) Gecko/20100101 Firefox/126.0"
221.217.54.148 - - [03/Jun/2024:16:37:58 +0800] "GET /wp-admin/options-general.php?page=redis-cache HTTP/1.1" 200 35066 "http://1.92.107.167/wp-admin/plugins.php?plugin_status=all&paged=1&s" "Mozilla/5.0 (Windows NT 10.0; Win64; x64; rv:126.0) Gecko/20100101 Firefox/126.0"
123.117.34.38 - - [03/Jun/2024:16:37:59 +0800] "GET /favicon.ico HTTP/1.1" 404 209 "http://1.92.107.167/wp-admin/options-general.php?page=redis-cache" "Mozilla/5.0 (Windows NT 10.0; Win64; x64; rv:126.0) Gecko/20100101 Firefox/126.0"
123.117.34.38 - - [03/Jun/2024:16:38:09 +0800] "POST /wp-admin/admin-ajax.php HTTP/1.1" 200 47 "http://1.92.107.167/wp-admin/edit.php" "Mozilla/5.0 (Windows NT 10.0; Win64; x64) AppleWebKit/537.36 (KHTML, like Gecko) Chrome/125.0.0.0 Safari/537.36"
180.102.196.13 - - [03/Jun/2024:16:38:16 +0800] "-" 408 - "-" "-"
123.117.34.38 - - [03/Jun/2024:16:38:18 +0800] "GET /wp-admin/options-general.php?page=redis-cache&action=enable-cache&_wpnonce=9aa333fefe HTTP/1.1" 302 - "http://1.92.107.167/wp-admin/options-general.php?page=redis-cache" "Mozilla/5.0 (Windows NT 10.0; Win64; x64; rv:126.0) Gecko/20100101 Firefox/126.0"
221.217.54.148 - - [03/Jun/2024:16:38:18 +0800] "GET /wp-admin/options-general.php?page=redis-cache&settings-updated=1 HTTP/1.1" 200 38725 "http://1.92.107.167/wp-admin/options-general.php?page=redis-cache" "Mozilla/5.0 (Windows NT 10.0; Win64; x64; rv:126.0) Gecko/20100101 Firefox/126.0"
180.102.196.13 - - [03/Jun/2024:16:38:26 +0800] "POST /wp-admin/admin-ajax.php HTTP/1.1" 200 47 "http://1.92.107.167/wp-admin/edit-comments.php" "Mozilla/5.0 (Windows NT 10.0; Win64; x64) AppleWebKit/537.36 (KHTML, like Gecko) Chrome/125.0.0.0 Safari/537.36"
123.117.34.38 - - [03/Jun/2024:16:38:40 +0800] "POST /wp-admin/admin-ajax.php HTTP/1.1" 200 47 "http://1.92.107.167/wp-admin/plugins.php" "Mozilla/5.0 (Windows NT 10.0; Win64; x64) AppleWebKit/537.36 (KHTML, like Gecko) Chrome/125.0.0.0 Safari/537.36"
221.217.54.148 - - [03/Jun/2024:16:39:01 +0800] "GET /wp-admin/options-general.php?page=redis-cache HTTP/1.1" 200 38721 "http://1.92.107.167/wp-admin/options-general.php?page=redis-cache" "Mozilla/5.0 (Windows NT 10.0; Win64; x64; rv:126.0) Gecko/20100101 Firefox/126.0"
221.217.54.148 - - [03/Jun/2024:16:39:02 +0800] "GET /wp-admin/options-general.php?page=redis-cache HTTP/1.1" 200 38721 "http://1.92.107.167/wp-admin/options-general.php?page=redis-cache" "Mozilla/5.0 (Windows NT 10.0; Win64; x64; rv:126.0) Gecko/20100101 Firefox/126.0"
123.117.34.38 - - [03/Jun/2024:16:39:15 +0800] "POST /wp-comments-post.php HTTP/1.1" 302 - "http://1.92.107.167/index.php/2024/06/03/hello-world/" "Mozilla/5.0 (Windows NT 10.0; Win64; x64) AppleWebKit/537.36 (KHTML, like Gecko) Chrome/125.0.0.0 Safari/537.36 Edg/125.0.0.0"
123.117.34.38 - - [03/Jun/2024:16:39:15 +0800] "GET /index.php/2024/06/03/hello-world/ HTTP/1.1" 200 31251 "http://1.92.107.167/index.php/2024/06/03/hello-world/" "Mozilla/5.0 (Windows NT 10.0; Win64; x64) AppleWebKit/537.36 (KHTML, like Gecko) Chrome/125.0.0.0 Safari/537.36 Edg/125.0.0.0"
221.217.54.148 - - [03/Jun/2024:16:39:17 +0800] "GET /wp-admin/edit.php HTTP/1.1" 200 60115 "http://1.92.107.167/wp-admin/options-general.php?page=redis-cache" "Mozilla/5.0 (Windows NT 10.0; Win64; x64; rv:126.0) Gecko/20100101 Firefox/126.0"
221.217.54.148 - - [03/Jun/2024:16:39:17 +0800] "GET /wp-admin/js/tags-suggest.min.js?ver=5.6.6 HTTP/1.1" 200 2250 "http://1.92.107.167/wp-admin/edit.php" "Mozilla/5.0 (Windows NT 10.0; Win64; x64; rv:126.0) Gecko/20100101 Firefox/126.0"
123.117.34.38 - - [03/Jun/2024:16:39:17 +0800] "GET /wp-admin/js/inline-edit-post.min.js?ver=5.6.6 HTTP/1.1" 200 7374 "http://1.92.107.167/wp-admin/edit.php" "Mozilla/5.0 (Windows NT 10.0; Win64; x64; rv:126.0) Gecko/20100101 Firefox/126.0"
123.117.34.38 - - [03/Jun/2024:16:39:17 +0800] "POST /wp-admin/admin-ajax.php HTTP/1.1" 200 47 "http://1.92.107.167/wp-admin/edit.php" "Mozilla/5.0 (Windows NT 10.0; Win64; x64; rv:126.0) Gecko/20100101 Firefox/126.0"
123.117.34.38 - - [03/Jun/2024:16:39:22 +0800] "GET /wp-includes/js/mediaelement/mediaelementplayer-legacy.min.css?ver=4.2.16 HTTP/1.1" 200 11256 "http://1.92.107.167/wp-admin/post-new.php" "Mozilla/5.0 (Windows NT 10.0; Win64; x64; rv:126.0) Gecko/20100101 Firefox/126.0"
123.117.34.38 - - [03/Jun/2024:16:39:22 +0800] "GET /wp-includes/js/mediaelement/wp-mediaelement.min.css?ver=5.6.6 HTTP/1.1" 200 4186 "http://1.92.107.167/wp-admin/post-new.php" "Mozilla/5.0 (Windows NT 10.0; Win64; x64; rv:126.0) Gecko/20100101 Firefox/126.0"
123.117.34.38 - - [03/Jun/2024:16:39:22 +0800] "GET /wp-content/themes/twentytwentyone/assets/css/custom-color-overrides.css?ver=1605206175 HTTP/1.1" 200 130 "http://1.92.107.167/wp-admin/post-new.php" "Mozilla/5.0 (Windows NT 10.0; Win64; x64; rv:126.0) Gecko/20100101 Firefox/126.0"
221.217.54.148 - - [03/Jun/2024:16:39:22 +0800] "GET /wp-includes/js/imgareaselect/imgareaselect.css?ver=0.9.8 HTTP/1.1" 200 790 "http://1.92.107.167/wp-admin/post-new.php" "Mozilla/5.0 (Windows NT 10.0; Win64; x64; rv:126.0) Gecko/20100101 Firefox/126.0"
123.117.34.38 - - [03/Jun/2024:16:39:22 +0800] "GET /wp-includes/js/dist/api-fetch.min.js?ver=c207d2d188ba8bf763f7acd50b7fd5a9 HTTP/1.1" 200 12503 "http://1.92.107.167/wp-admin/post-new.php" "Mozilla/5.0 (Windows NT 10.0; Win64; x64; rv:126.0) Gecko/20100101 Firefox/126.0"
123.117.34.38 - - [03/Jun/2024:16:39:22 +0800] "GET /wp-includes/js/dist/vendor/react.min.js?ver=16.13.1 HTTP/1.1" 200 12463 "http://1.92.107.167/wp-admin/post-new.php" "Mozilla/5.0 (Windows NT 10.0; Win64; x64; rv:126.0) Gecko/20100101 Firefox/126.0"
123.117.34.38 - - [03/Jun/2024:16:39:22 +0800] "GET /wp-includes/js/dist/blob.min.js?ver=125149076a58ec206a0a8ed2cf6b6894 HTTP/1.1" 200 1575 "http://1.92.107.167/wp-admin/post-new.php" "Mozilla/5.0 (Windows NT 10.0; Win64; x64; rv:126.0) Gecko/20100101 Firefox/126.0"
123.117.34.38 - - [03/Jun/2024:16:39:22 +0800] "GET /wp-includes/js/dist/autop.min.js?ver=e34d2621e1f0dad60385333bd1afd228 HTTP/1.1" 200 7863 "http://1.92.107.167/wp-admin/post-new.php" "Mozilla/5.0 (Windows NT 10.0; Win64; x64; rv:126.0) Gecko/20100101 Firefox/126.0"
123.117.34.38 - - [03/Jun/2024:16:39:22 +0800] "GET /wp-includes/js/dist/block-serialization-default-parser.min.js?ver=1ad42c18fd77dc8c8370f25dddd73a7f HTTP/1.1" 200 4516 "http://1.92.107.167/wp-admin/post-new.php" "Mozilla/5.0 (Windows NT 10.0; Win64; x64; rv:126.0) Gecko/20100101 Firefox/126.0"
123.117.34.38 - - [03/Jun/2024:16:39:22 +0800] "GET /wp-includes/js/dist/escape-html.min.js?ver=cf3ba719eafb9297c5843cfc50c8f87e HTTP/1.1" 200 1781 "http://1.92.107.167/wp-admin/post-new.php" "Mozilla/5.0 (Windows NT 10.0; Win64; x64; rv:126.0) Gecko/20100101 Firefox/126.0"
123.117.34.38 - - [03/Jun/2024:16:39:22 +0800] "GET /wp-includes/js/dist/element.min.js?ver=706303a9fd2fa288eac1331e8741b55b HTTP/1.1" 200 14732 "http://1.92.107.167/wp-admin/post-new.php" "Mozilla/5.0 (Windows NT 10.0; Win64; x64; rv:126.0) Gecko/20100101 Firefox/126.0"
123.117.34.38 - - [03/Jun/2024:16:39:22 +0800] "GET /wp-includes/js/dist/vendor/react-dom.min.js?ver=16.13.1 HTTP/1.1" 200 118656 "http://1.92.107.167/wp-admin/post-new.php" "Mozilla/5.0 (Windows NT 10.0; Win64; x64; rv:126.0) Gecko/20100101 Firefox/126.0"
123.117.34.38 - - [03/Jun/2024:16:39:22 +0800] "GET /wp-includes/js/dist/is-shallow-equal.min.js?ver=9b9485fde3a57e7ab33df6b14011ae5b HTTP/1.1" 200 1719 "http://1.92.107.167/wp-admin/post-new.php" "Mozilla/5.0 (Windows NT 10.0; Win64; x64; rv:126.0) Gecko/20100101 Firefox/126.0"
123.117.34.38 - - [03/Jun/2024:16:39:22 +0800] "GET /wp-includes/js/dist/priority-queue.min.js?ver=1c942d9a6078a04ec1c4fb9ea8278f65 HTTP/1.1" 200 1706 "http://1.92.107.167/wp-admin/post-new.php" "Mozilla/5.0 (Windows NT 10.0; Win64; x64; rv:126.0) Gecko/20100101 Firefox/126.0"
123.117.34.38 - - [03/Jun/2024:16:39:22 +0800] "GET /wp-includes/js/dist/compose.min.js?ver=bfc9b31971dbb3710b604b3240d0f413 HTTP/1.1" 200 34661 "http://1.92.107.167/wp-admin/post-new.php" "Mozilla/5.0 (Windows NT 10.0; Win64; x64; rv:126.0) Gecko/20100101 Firefox/126.0"
221.217.54.148 - - [03/Jun/2024:16:39:22 +0800] "GET /wp-admin/load-scripts.php?c=1&load%5Bchunk_0%5D=jquery-core,jquery-migrate,utils,moxiejs,plupload&ver=5.6.6 HTTP/1.1" 200 205861 "http://1.92.107.167/wp-admin/post-new.php" "Mozilla/5.0 (Windows NT 10.0; Win64; x64; rv:126.0) Gecko/20100101 Firefox/126.0"
123.117.34.38 - - [03/Jun/2024:16:39:22 +0800] "GET /wp-admin/post-new.php HTTP/1.1" 200 555304 "http://1.92.107.167/wp-admin/edit.php" "Mozilla/5.0 (Windows NT 10.0; Win64; x64; rv:126.0) Gecko/20100101 Firefox/126.0"
123.117.34.38 - - [03/Jun/2024:16:39:22 +0800] "GET /wp-includes/js/dist/deprecated.min.js?ver=ff631a4000dc785473645d3ab52385e3 HTTP/1.1" 200 1700 "http://1.92.107.167/wp-admin/post-new.php" "Mozilla/5.0 (Windows NT 10.0; Win64; x64; rv:126.0) Gecko/20100101 Firefox/126.0"
123.117.34.38 - - [03/Jun/2024:16:39:22 +0800] "GET /wp-includes/js/dist/redux-routine.min.js?ver=d8c1e4e916d317be15a3ffd3f4987df4 HTTP/1.1" 200 9920 "http://1.92.107.167/wp-admin/post-new.php" "Mozilla/5.0 (Windows NT 10.0; Win64; x64; rv:126.0) Gecko/20100101 Firefox/126.0"
123.117.34.38 - - [03/Jun/2024:16:39:22 +0800] "GET /wp-includes/js/dist/data.min.js?ver=9cdf7f7ecf4c20f88e45e3523e5ae261 HTTP/1.1" 200 32789 "http://1.92.107.167/wp-admin/post-new.php" "Mozilla/5.0 (Windows NT 10.0; Win64; x64; rv:126.0) Gecko/20100101 Firefox/126.0"
123.117.34.38 - - [03/Jun/2024:16:39:22 +0800] "GET /wp-includes/js/dist/dom.min.js?ver=5490d2c4df70dd60b44aa0c3d6f809f7 HTTP/1.1" 200 13141 "http://1.92.107.167/wp-admin/post-new.php" "Mozilla/5.0 (Windows NT 10.0; Win64; x64; rv:126.0) Gecko/20100101 Firefox/126.0"
123.117.34.38 - - [03/Jun/2024:16:39:22 +0800] "GET /wp-includes/js/dist/html-entities.min.js?ver=abfd8b9e347825581deb4984c249c287 HTTP/1.1" 200 1414 "http://1.92.107.167/wp-admin/post-new.php" "Mozilla/5.0 (Windows NT 10.0; Win64; x64; rv:126.0) Gecko/20100101 Firefox/126.0"
123.117.34.38 - - [03/Jun/2024:16:39:22 +0800] "GET /wp-includes/js/dist/primitives.min.js?ver=a7cdfa5293e15b0323199249d74ac1a0 HTTP/1.1" 200 4377 "http://1.92.107.167/wp-admin/post-new.php" "Mozilla/5.0 (Windows NT 10.0; Win64; x64; rv:126.0) Gecko/20100101 Firefox/126.0"
123.117.34.38 - - [03/Jun/2024:16:39:22 +0800] "GET /wp-includes/js/dist/shortcode.min.js?ver=459507198f077623ff1359ce8e372229 HTTP/1.1" 200 4101 "http://1.92.107.167/wp-admin/post-new.php" "Mozilla/5.0 (Windows NT 10.0; Win64; x64; rv:126.0) Gecko/20100101 Firefox/126.0"
123.117.34.38 - - [03/Jun/2024:16:39:22 +0800] "GET /wp-includes/js/dist/keycodes.min.js?ver=13d5d002b3d69cd53f22ab7cb4c56d11 HTTP/1.1" 200 5663 "http://1.92.107.167/wp-admin/post-new.php" "Mozilla/5.0 (Windows NT 10.0; Win64; x64; rv:126.0) Gecko/20100101 Firefox/126.0"
123.117.34.38 - - [03/Jun/2024:16:39:22 +0800] "GET /wp-includes/js/dist/rich-text.min.js?ver=e8d71d28b8e9961543e85d635d569e49 HTTP/1.1" 200 49650 "http://1.92.107.167/wp-admin/post-new.php" "Mozilla/5.0 (Windows NT 10.0; Win64; x64; rv:126.0) Gecko/20100101 Firefox/126.0"
123.117.34.38 - - [03/Jun/2024:16:39:22 +0800] "GET /wp-includes/js/dist/warning.min.js?ver=3090d66f4d52ea11ae509fece459c35e HTTP/1.1" 200 2834 "http://1.92.107.167/wp-admin/post-new.php" "Mozilla/5.0 (Windows NT 10.0; Win64; x64; rv:126.0) Gecko/20100101 Firefox/126.0"
221.217.54.148 - - [03/Jun/2024:16:39:22 +0800] "GET /wp-includes/js/dist/blocks.min.js?ver=7227df7d1e7b46c8f3c7f8658201a560 HTTP/1.1" 200 170681 "http://1.92.107.167/wp-admin/post-new.php" "Mozilla/5.0 (Windows NT 10.0; Win64; x64; rv:126.0) Gecko/20100101 Firefox/126.0"
123.117.34.38 - - [03/Jun/2024:16:39:23 +0800] "GET /wp-includes/js/dist/keyboard-shortcuts.min.js?ver=678727b8ee630962387664caf4cf3f12 HTTP/1.1" 200 7451 "http://1.92.107.167/wp-admin/post-new.php" "Mozilla/5.0 (Windows NT 10.0; Win64; x64; rv:126.0) Gecko/20100101 Firefox/126.0"
123.117.34.38 - - [03/Jun/2024:16:39:23 +0800] "GET /wp-includes/js/dist/notices.min.js?ver=e61d908bb49d9a09d1f7170734d600a0 HTTP/1.1" 200 5074 "http://1.92.107.167/wp-admin/post-new.php" "Mozilla/5.0 (Windows NT 10.0; Win64; x64; rv:126.0) Gecko/20100101 Firefox/126.0"
123.117.34.38 - - [03/Jun/2024:16:39:23 +0800] "GET /wp-includes/js/dist/token-list.min.js?ver=fd337e4558ebf613432fe88773727e70 HTTP/1.1" 200 3565 "http://1.92.107.167/wp-admin/post-new.php" "Mozilla/5.0 (Windows NT 10.0; Win64; x64; rv:126.0) Gecko/20100101 Firefox/126.0"
221.217.54.148 - - [03/Jun/2024:16:39:23 +0800] "GET /wp-includes/js/dist/viewport.min.js?ver=c768af596e50f338b259a9266cf7f508 HTTP/1.1" 200 4726 "http://1.92.107.167/wp-admin/post-new.php" "Mozilla/5.0 (Windows NT 10.0; Win64; x64; rv:126.0) Gecko/20100101 Firefox/126.0"
221.217.54.148 - - [03/Jun/2024:16:39:23 +0800] "GET /wp-includes/js/dist/wordcount.min.js?ver=71f8a55e379c2edca72486a1efd521c9 HTTP/1.1" 200 3233 "http://1.92.107.167/wp-admin/post-new.php" "Mozilla/5.0 (Windows NT 10.0; Win64; x64; rv:126.0) Gecko/20100101 Firefox/126.0"
123.117.34.38 - - [03/Jun/2024:16:39:23 +0800] "GET /wp-includes/js/dist/data-controls.min.js?ver=c3fdf3f41e8b17247fbce3ade92635ca HTTP/1.1" 200 1726 "http://1.92.107.167/wp-admin/post-new.php" "Mozilla/5.0 (Windows NT 10.0; Win64; x64; rv:126.0) Gecko/20100101 Firefox/126.0"
123.117.34.38 - - [03/Jun/2024:16:39:23 +0800] "GET /wp-includes/js/dist/core-data.min.js?ver=8c425c27f249a685b2dde58a0c845050 HTTP/1.1" 200 49916 "http://1.92.107.167/wp-admin/post-new.php" "Mozilla/5.0 (Windows NT 10.0; Win64; x64; rv:126.0) Gecko/20100101 Firefox/126.0"
123.117.34.38 - - [03/Jun/2024:16:39:23 +0800] "GET /wp-includes/js/dist/reusable-blocks.min.js?ver=0b7e25b1576a32e967d38a618aeb3d25 HTTP/1.1" 200 9684 "http://1.92.107.167/wp-admin/post-new.php" "Mozilla/5.0 (Windows NT 10.0; Win64; x64; rv:126.0) Gecko/20100101 Firefox/126.0"
123.117.34.38 - - [03/Jun/2024:16:39:23 +0800] "GET /wp-includes/js/dist/server-side-render.min.js?ver=40de7a6d8dff5ce5b9cb90bd7b9b411a HTTP/1.1" 200 9099 "http://1.92.107.167/wp-admin/post-new.php" "Mozilla/5.0 (Windows NT 10.0; Win64; x64; rv:126.0) Gecko/20100101 Firefox/126.0"
123.117.34.38 - - [03/Jun/2024:16:39:23 +0800] "GET /wp-admin/js/editor.min.js?ver=5.6.6 HTTP/1.1" 200 13227 "http://1.92.107.167/wp-admin/post-new.php" "Mozilla/5.0 (Windows NT 10.0; Win64; x64; rv:126.0) Gecko/20100101 Firefox/126.0"
123.117.34.38 - - [03/Jun/2024:16:39:23 +0800] "GET /wp-includes/js/dist/media-utils.min.js?ver=eb208ea6cf404c25226c9086c3a1ea17 HTTP/1.1" 200 16368 "http://1.92.107.167/wp-admin/post-new.php" "Mozilla/5.0 (Windows NT 10.0; Win64; x64; rv:126.0) Gecko/20100101 Firefox/126.0"
123.117.34.38 - - [03/Jun/2024:16:39:23 +0800] "GET /wp-includes/js/dist/editor.min.js?ver=54a5e3c8b42fa0bf83eb31e80e57c5e8 HTTP/1.1" 200 176026 "http://1.92.107.167/wp-admin/post-new.php" "Mozilla/5.0 (Windows NT 10.0; Win64; x64; rv:126.0) Gecko/20100101 Firefox/126.0"
221.217.54.148 - - [03/Jun/2024:16:39:22 +0800] "GET /wp-admin/load-styles.php?c=1&dir=ltr&load%5Bchunk_0%5D=dashicons,admin-bar,buttons,media-views,editor-buttons,wp-components,wp-block-editor,wp-nux,wp-editor,wp-block-library,wp-block-&load%5Bchunk_1%5D=library-theme,wp-edit-blocks,wp-edit-post,wp-format-library,wp-block-directory,common,forms,admin-menu,dashboard,list-tables,edi&load%5Bchunk_2%5D=t,revisions,media,themes,about,nav-menus,wp-pointer,widgets,site-icon,l10n,wp-auth-check&ver=5.6.6 HTTP/1.1" 200 816687 "http://1.92.107.167/wp-admin/post-new.php" "Mozilla/5.0 (Windows NT 10.0; Win64; x64; rv:126.0) Gecko/20100101 Firefox/126.0"
123.117.34.38 - - [03/Jun/2024:16:39:24 +0800] "GET /wp-includes/js/dist/plugins.min.js?ver=ad2888b8014b223e6e1605abaedc1619 HTTP/1.1" 200 7818 "http://1.92.107.167/wp-admin/post-new.php" "Mozilla/5.0 (Windows NT 10.0; Win64; x64; rv:126.0) Gecko/20100101 Firefox/126.0"
123.117.34.38 - - [03/Jun/2024:16:39:24 +0800] "GET /wp-includes/js/backbone.min.js?ver=1.4.0 HTTP/1.1" 200 23818 "http://1.92.107.167/wp-admin/post-new.php" "Mozilla/5.0 (Windows NT 10.0; Win64; x64; rv:126.0) Gecko/20100101 Firefox/126.0"
221.217.54.148 - - [03/Jun/2024:16:39:24 +0800] "GET /wp-includes/js/wp-backbone.min.js?ver=5.6.6 HTTP/1.1" 200 3037 "http://1.92.107.167/wp-admin/post-new.php" "Mozilla/5.0 (Windows NT 10.0; Win64; x64; rv:126.0) Gecko/20100101 Firefox/126.0"
221.217.54.148 - - [03/Jun/2024:16:39:24 +0800] "GET /wp-includes/js/media-models.min.js?ver=5.6.6 HTTP/1.1" 200 13932 "http://1.92.107.167/wp-admin/post-new.php" "Mozilla/5.0 (Windows NT 10.0; Win64; x64; rv:126.0) Gecko/20100101 Firefox/126.0"
221.217.54.148 - - [03/Jun/2024:16:39:24 +0800] "GET /wp-includes/js/plupload/wp-plupload.min.js?ver=5.6.6 HTTP/1.1" 200 5832 "http://1.92.107.167/wp-admin/post-new.php" "Mozilla/5.0 (Windows NT 10.0; Win64; x64; rv:126.0) Gecko/20100101 Firefox/126.0"
123.117.34.38 - - [03/Jun/2024:16:39:24 +0800] "GET /wp-includes/js/mediaelement/mediaelement-migrate.min.js?ver=5.6.6 HTTP/1.1" 200 1193 "http://1.92.107.167/wp-admin/post-new.php" "Mozilla/5.0 (Windows NT 10.0; Win64; x64; rv:126.0) Gecko/20100101 Firefox/126.0"
123.117.34.38 - - [03/Jun/2024:16:39:22 +0800] "GET /wp-includes/js/dist/components.min.js?ver=0e32c09e58dda35c20a008350498cf91 HTTP/1.1" 200 691791 "http://1.92.107.167/wp-admin/post-new.php" "Mozilla/5.0 (Windows NT 10.0; Win64; x64; rv:126.0) Gecko/20100101 Firefox/126.0"
123.117.34.38 - - [03/Jun/2024:16:39:25 +0800] "GET /wp-includes/js/mediaelement/wp-mediaelement.min.js?ver=5.6.6 HTTP/1.1" 200 906 "http://1.92.107.167/wp-admin/post-new.php" "Mozilla/5.0 (Windows NT 10.0; Win64; x64; rv:126.0) Gecko/20100101 Firefox/126.0"
123.117.34.38 - - [03/Jun/2024:16:39:25 +0800] "GET /wp-includes/js/media-views.min.js?ver=5.6.6 HTTP/1.1" 200 107201 "http://1.92.107.167/wp-admin/post-new.php" "Mozilla/5.0 (Windows NT 10.0; Win64; x64; rv:126.0) Gecko/20100101 Firefox/126.0"
221.217.54.148 - - [03/Jun/2024:16:39:24 +0800] "GET /wp-includes/js/mediaelement/mediaelement-and-player.min.js?ver=4.2.16 HTTP/1.1" 200 157610 "http://1.92.107.167/wp-admin/post-new.php" "Mozilla/5.0 (Windows NT 10.0; Win64; x64; rv:126.0) Gecko/20100101 Firefox/126.0"
221.217.54.148 - - [03/Jun/2024:16:39:25 +0800] "GET /wp-includes/js/dist/format-library.min.js?ver=44660b40fba80b2f9d8f1e0b3ec3bb3a HTTP/1.1" 200 27163 "http://1.92.107.167/wp-admin/post-new.php" "Mozilla/5.0 (Windows NT 10.0; Win64; x64; rv:126.0) Gecko/20100101 Firefox/126.0"
221.217.54.148 - - [03/Jun/2024:16:39:25 +0800] "GET /wp-includes/js/media-editor.min.js?ver=5.6.6 HTTP/1.1" 200 10909 "http://1.92.107.167/wp-admin/post-new.php" "Mozilla/5.0 (Windows NT 10.0; Win64; x64; rv:126.0) Gecko/20100101 Firefox/126.0"
221.217.54.148 - - [03/Jun/2024:16:39:25 +0800] "GET /wp-includes/js/media-audiovideo.min.js?ver=5.6.6 HTTP/1.1" 200 12857 "http://1.92.107.167/wp-admin/post-new.php" "Mozilla/5.0 (Windows NT 10.0; Win64; x64; rv:126.0) Gecko/20100101 Firefox/126.0"
221.217.54.148 - - [03/Jun/2024:16:39:25 +0800] "GET /wp-includes/js/mce-view.min.js?ver=5.6.6 HTTP/1.1" 200 9883 "http://1.92.107.167/wp-admin/post-new.php" "Mozilla/5.0 (Windows NT 10.0; Win64; x64; rv:126.0) Gecko/20100101 Firefox/126.0"
221.217.54.148 - - [03/Jun/2024:16:39:25 +0800] "GET /wp-includes/js/imgareaselect/jquery.imgareaselect.min.js?ver=5.6.6 HTTP/1.1" 200 9700 "http://1.92.107.167/wp-admin/post-new.php" "Mozilla/5.0 (Windows NT 10.0; Win64; x64; rv:126.0) Gecko/20100101 Firefox/126.0"
123.117.34.38 - - [03/Jun/2024:16:39:25 +0800] "GET /wp-admin/js/image-edit.min.js?ver=5.6.6 HTTP/1.1" 200 11189 "http://1.92.107.167/wp-admin/post-new.php" "Mozilla/5.0 (Windows NT 10.0; Win64; x64; rv:126.0) Gecko/20100101 Firefox/126.0"
123.117.34.38 - - [03/Jun/2024:16:39:23 +0800] "GET /wp-includes/js/dist/block-library.min.js?ver=53d46b519a4d6eb36ecc721ea8ea6d4b HTTP/1.1" 200 441076 "http://1.92.107.167/wp-admin/post-new.php" "Mozilla/5.0 (Windows NT 10.0; Win64; x64; rv:126.0) Gecko/20100101 Firefox/126.0"
123.117.34.38 - - [03/Jun/2024:16:39:25 +0800] "GET /wp-includes/js/dist/block-directory.min.js?ver=0493a381e9d730bbd5eee322bde97490 HTTP/1.1" 200 30982 "http://1.92.107.167/wp-admin/post-new.php" "Mozilla/5.0 (Windows NT 10.0; Win64; x64; rv:126.0) Gecko/20100101 Firefox/126.0"
123.117.34.38 - - [03/Jun/2024:16:39:25 +0800] "GET /wp-content/themes/twentytwentyone/assets/js/editor.js?ver=1.1 HTTP/1.1" 200 921 "http://1.92.107.167/wp-admin/post-new.php" "Mozilla/5.0 (Windows NT 10.0; Win64; x64; rv:126.0) Gecko/20100101 Firefox/126.0"
221.217.54.148 - - [03/Jun/2024:16:39:23 +0800] "GET /wp-includes/js/dist/block-editor.min.js?ver=08588f17bc9910d2156b346dec6964ad HTTP/1.1" 200 492467 "http://1.92.107.167/wp-admin/post-new.php" "Mozilla/5.0 (Windows NT 10.0; Win64; x64; rv:126.0) Gecko/20100101 Firefox/126.0"
123.117.34.38 - - [03/Jun/2024:16:39:25 +0800] "GET /wp-includes/js/dist/edit-post.min.js?ver=d5becb8935d7c4eba23ccf76c4141fa6 HTTP/1.1" 200 507710 "http://1.92.107.167/wp-admin/post-new.php" "Mozilla/5.0 (Windows NT 10.0; Win64; x64; rv:126.0) Gecko/20100101 Firefox/126.0"
123.117.34.38 - - [03/Jun/2024:16:39:25 +0800] "GET /wp-includes/js/tinymce/wp-tinymce.js?ver=49110-20201110 HTTP/1.1" 200 671346 "http://1.92.107.167/wp-admin/post-new.php" "Mozilla/5.0 (Windows NT 10.0; Win64; x64; rv:126.0) Gecko/20100101 Firefox/126.0"
221.217.54.148 - - [03/Jun/2024:16:39:27 +0800] "GET /index.php/wp-json/wp/v2/blocks?per_page=100&context=edit&_locale=user HTTP/1.1" 200 2 "http://1.92.107.167/wp-admin/post-new.php" "Mozilla/5.0 (Windows NT 10.0; Win64; x64; rv:126.0) Gecko/20100101 Firefox/126.0"
221.217.54.148 - - [03/Jun/2024:16:39:27 +0800] "GET /index.php/wp-json/?context=edit&_locale=user HTTP/1.1" 200 110267 "http://1.92.107.167/wp-admin/post-new.php" "Mozilla/5.0 (Windows NT 10.0; Win64; x64; rv:126.0) Gecko/20100101 Firefox/126.0"
123.117.34.38 - - [03/Jun/2024:16:39:27 +0800] "GET /index.php/wp-json/wp/v2/users/me?_locale=user HTTP/1.1" 200 608 "http://1.92.107.167/wp-admin/post-new.php" "Mozilla/5.0 (Windows NT 10.0; Win64; x64; rv:126.0) Gecko/20100101 Firefox/126.0"
221.217.54.148 - - [03/Jun/2024:16:39:27 +0800] "GET /index.php/wp-json/wp/v2/users/?who=authors&per_page=100&_locale=user HTTP/1.1" 200 610 "http://1.92.107.167/wp-admin/post-new.php" "Mozilla/5.0 (Windows NT 10.0; Win64; x64; rv:126.0) Gecko/20100101 Firefox/126.0"
221.217.54.148 - - [03/Jun/2024:16:39:27 +0800] "GET /index.php/wp-json/wp/v2/posts/8?_locale=user HTTP/1.1" 200 1566 "http://1.92.107.167/wp-admin/post-new.php" "Mozilla/5.0 (Windows NT 10.0; Win64; x64; rv:126.0) Gecko/20100101 Firefox/126.0"
123.117.34.38 - - [03/Jun/2024:16:39:30 +0800] "GET / HTTP/1.1" 200 11825 "-" "Mozilla/5.0 (Windows NT 10.0; Win64; x64) AppleWebKit/537.36 (KHTML, like Gecko) Chrome/125.0.0.0 Safari/537.36 Edg/125.0.0.0"
123.117.34.38 - - [03/Jun/2024:16:39:30 +0800] "GET /wp-includes/css/dist/block-library/style.min.css?ver=5.6.6 HTTP/1.1" 200 51338 "http://1.92.107.167/" "Mozilla/5.0 (Windows NT 10.0; Win64; x64) AppleWebKit/537.36 (KHTML, like Gecko) Chrome/125.0.0.0 Safari/537.36 Edg/125.0.0.0"
123.117.34.38 - - [03/Jun/2024:16:39:30 +0800] "GET /wp-includes/css/dist/block-library/theme.min.css?ver=5.6.6 HTTP/1.1" 200 2297 "http://1.92.107.167/" "Mozilla/5.0 (Windows NT 10.0; Win64; x64) AppleWebKit/537.36 (KHTML, like Gecko) Chrome/125.0.0.0 Safari/537.36 Edg/125.0.0.0"
123.117.34.38 - - [03/Jun/2024:16:39:30 +0800] "GET /wp-includes/js/wp-embed.min.js?ver=5.6.6 HTTP/1.1" 200 1426 "http://1.92.107.167/" "Mozilla/5.0 (Windows NT 10.0; Win64; x64) AppleWebKit/537.36 (KHTML, like Gecko) Chrome/125.0.0.0 Safari/537.36 Edg/125.0.0.0"
123.117.34.38 - - [03/Jun/2024:16:39:30 +0800] "GET /wp-content/themes/twentytwentyone/assets/js/responsive-embeds.js?ver=1.1 HTTP/1.1" 200 1127 "http://1.92.107.167/" "Mozilla/5.0 (Windows NT 10.0; Win64; x64) AppleWebKit/537.36 (KHTML, like Gecko) Chrome/125.0.0.0 Safari/537.36 Edg/125.0.0.0"
123.117.34.38 - - [03/Jun/2024:16:39:30 +0800] "GET /wp-content/themes/twentytwentyone/style.css?ver=1.1 HTTP/1.1" 200 152103 "http://1.92.107.167/" "Mozilla/5.0 (Windows NT 10.0; Win64; x64) AppleWebKit/537.36 (KHTML, like Gecko) Chrome/125.0.0.0 Safari/537.36 Edg/125.0.0.0"
123.117.34.38 - - [03/Jun/2024:16:39:30 +0800] "GET /wp-content/themes/twentytwentyone/assets/css/print.css?ver=1.1 HTTP/1.1" 200 2897 "http://1.92.107.167/" "Mozilla/5.0 (Windows NT 10.0; Win64; x64) AppleWebKit/537.36 (KHTML, like Gecko) Chrome/125.0.0.0 Safari/537.36 Edg/125.0.0.0"
123.117.34.38 - - [03/Jun/2024:16:39:30 +0800] "GET /wp-includes/js/wp-emoji-release.min.js?ver=5.6.6 HTTP/1.1" 200 14229 "http://1.92.107.167/" "Mozilla/5.0 (Windows NT 10.0; Win64; x64) AppleWebKit/537.36 (KHTML, like Gecko) Chrome/125.0.0.0 Safari/537.36 Edg/125.0.0.0"
123.117.34.38 - - [03/Jun/2024:16:39:30 +0800] "GET /favicon.ico HTTP/1.1" 404 209 "http://1.92.107.167/" "Mozilla/5.0 (Windows NT 10.0; Win64; x64) AppleWebKit/537.36 (KHTML, like Gecko) Chrome/125.0.0.0 Safari/537.36 Edg/125.0.0.0"
::1 - - [03/Jun/2024:16:39:37 +0800] "OPTIONS * HTTP/1.0" 200 - "-" "Apache/2.4.6 (CentOS) PHP/7.2.34 (internal dummy connection)"
::1 - - [03/Jun/2024:16:39:38 +0800] "OPTIONS * HTTP/1.0" 200 - "-" "Apache/2.4.6 (CentOS) PHP/7.2.34 (internal dummy connection)"
123.117.34.38 - - [03/Jun/2024:16:39:39 +0800] "GET /index.php/2024/06/03/hello-world/ HTTP/1.1" 200 26677 "http://1.92.107.167/" "Mozilla/5.0 (Windows NT 10.0; Win64; x64) AppleWebKit/537.36 (KHTML, like Gecko) Chrome/125.0.0.0 Safari/537.36 Edg/125.0.0.0"
123.117.34.38 - - [03/Jun/2024:16:39:39 +0800] "GET /wp-includes/js/comment-reply.min.js?ver=5.6.6 HTTP/1.1" 200 2984 "http://1.92.107.167/index.php/2024/06/03/hello-world/" "Mozilla/5.0 (Windows NT 10.0; Win64; x64) AppleWebKit/537.36 (KHTML, like Gecko) Chrome/125.0.0.0 Safari/537.36 Edg/125.0.0.0"
123.117.34.38 - - [03/Jun/2024:16:39:40 +0800] "GET /index.php/wp-json/wp/v2/taxonomies/post_tag?context=edit&_locale=user HTTP/1.1" 200 1746 "http://1.92.107.167/wp-admin/post-new.php" "Mozilla/5.0 (Windows NT 10.0; Win64; x64; rv:126.0) Gecko/20100101 Firefox/126.0"
221.217.54.148 - - [03/Jun/2024:16:39:40 +0800] "GET / HTTP/1.1" 200 11825 "-" "Mozilla/5.0 (Windows NT 10.0; Win64; x64) AppleWebKit/537.36 (KHTML, like Gecko) Chrome/125.0.0.0 Safari/537.36"
221.217.54.148 - - [03/Jun/2024:16:39:41 +0800] "GET / HTTP/1.1" 200 11825 "-" "Mozilla/5.0 (Windows NT 10.0; Win64; x64) AppleWebKit/537.36 (KHTML, like Gecko) Chrome/125.0.0.0 Safari/537.36"
123.117.34.38 - - [03/Jun/2024:16:39:41 +0800] "POST /index.php/wp-json/wp/v2/posts/8?_locale=user HTTP/1.1" 200 2924 "http://1.92.107.167/wp-admin/post.php?post=8&action=edit" "Mozilla/5.0 (Windows NT 10.0; Win64; x64; rv:126.0) Gecko/20100101 Firefox/126.0"
1.92.107.167 - - [03/Jun/2024:16:39:41 +0800] "POST /wp-cron.php?doing_wp_cron=1717403981.7500090599060058593750 HTTP/1.1" 200 - "http://1.92.107.167/wp-cron.php?doing_wp_cron=1717403981.7500090599060058593750" "WordPress/5.6.6; http://1.92.107.167"
221.217.54.148 - - [03/Jun/2024:16:39:41 +0800] "GET / HTTP/1.1" 200 12812 "-" "Mozilla/5.0 (Windows NT 10.0; Win64; x64) AppleWebKit/537.36 (KHTML, like Gecko) Chrome/125.0.0.0 Safari/537.36"
221.217.54.148 - - [03/Jun/2024:16:39:43 +0800] "GET /index.php/2024/06/03/aaa%e5%bb%ba%e6%9d%90%e5%90%b4%e6%80%bb/ HTTP/1.1" 404 10966 "http://1.92.107.167/" "Mozilla/5.0 (Windows NT 10.0; Win64; x64) AppleWebKit/537.36 (KHTML, like Gecko) Chrome/125.0.0.0 Safari/537.36"
123.117.34.38 - - [03/Jun/2024:16:39:44 +0800] "POST /wp-admin/admin-ajax.php HTTP/1.1" 200 1 "http://1.92.107.167/wp-admin/post.php?post=8&action=edit" "Mozilla/5.0 (Windows NT 10.0; Win64; x64; rv:126.0) Gecko/20100101 Firefox/126.0"
221.217.54.148 - - [03/Jun/2024:16:39:44 +0800] "GET /index.php/2024/06/03/asdfdsafdsafdsa/ HTTP/1.1" 200 23531 "http://1.92.107.167/wp-admin/post.php?post=8&action=edit" "Mozilla/5.0 (Windows NT 10.0; Win64; x64; rv:126.0) Gecko/20100101 Firefox/126.0"
123.117.34.38 - - [03/Jun/2024:16:39:44 +0800] "GET /wp-includes/css/admin-bar.min.css?ver=5.6.6 HTTP/1.1" 200 19329 "http://1.92.107.167/index.php/2024/06/03/asdfdsafdsafdsa/" "Mozilla/5.0 (Windows NT 10.0; Win64; x64; rv:126.0) Gecko/20100101 Firefox/126.0"
221.217.54.148 - - [03/Jun/2024:16:39:44 +0800] "GET /wp-includes/js/comment-reply.min.js?ver=5.6.6 HTTP/1.1" 200 2984 "http://1.92.107.167/index.php/2024/06/03/asdfdsafdsafdsa/" "Mozilla/5.0 (Windows NT 10.0; Win64; x64; rv:126.0) Gecko/20100101 Firefox/126.0"
123.117.34.38 - - [03/Jun/2024:16:39:49 +0800] "GET /index.php/2024/06/03/asdfdsafdsafdsa/ HTTP/1.1" 200 14969 "http://1.92.107.167/index.php/2024/06/03/aaa%e5%bb%ba%e6%9d%90%e5%90%b4%e6%80%bb/" "Mozilla/5.0 (Windows NT 10.0; Win64; x64) AppleWebKit/537.36 (KHTML, like Gecko) Chrome/125.0.0.0 Safari/537.36"
221.217.54.148 - - [03/Jun/2024:16:39:50 +0800] "GET /index.php/2024/06/03/hello-world/?unapproved=6&moderation-hash=cd99861eba7568f98541171417f7b142 HTTP/1.1" 200 26801 "http://1.92.107.167/index.php/2024/06/03/hello-world/" "Mozilla/5.0 (Windows NT 10.0; Win64; x64) AppleWebKit/537.36 (KHTML, like Gecko) Chrome/125.0.0.0 Safari/537.36 Edg/125.0.0.0"
123.117.34.38 - - [03/Jun/2024:16:39:53 +0800] "GET /index.php/2024/06/03/hello-world/ HTTP/1.1" 200 26801 "http://1.92.107.167/index.php/2024/06/03/aaa%e5%bb%ba%e6%9d%90%e5%90%b4%e6%80%bb/" "Mozilla/5.0 (Windows NT 10.0; Win64; x64) AppleWebKit/537.36 (KHTML, like Gecko) Chrome/125.0.0.0 Safari/537.36"
221.217.54.148 - - [03/Jun/2024:16:39:54 +0800] "GET /index.php/2024/06/03/hello-world/?unapproved=6&moderation-hash=cd99861eba7568f98541171417f7b142 HTTP/1.1" 200 26801 "http://1.92.107.167/index.php/2024/06/03/hello-world/" "Mozilla/5.0 (Windows NT 10.0; Win64; x64) AppleWebKit/537.36 (KHTML, like Gecko) Chrome/125.0.0.0 Safari/537.36 Edg/125.0.0.0"
221.217.54.148 - - [03/Jun/2024:16:39:55 +0800] "GET /index.php/2024/06/03/hello-world/?unapproved=6&moderation-hash=cd99861eba7568f98541171417f7b142 HTTP/1.1" 200 26801 "http://1.92.107.167/index.php/2024/06/03/hello-world/" "Mozilla/5.0 (Windows NT 10.0; Win64; x64) AppleWebKit/537.36 (KHTML, like Gecko) Chrome/125.0.0.0 Safari/537.36 Edg/125.0.0.0"
221.217.54.148 - - [03/Jun/2024:16:39:55 +0800] "GET /index.php/2024/06/03/hello-world/?unapproved=6&moderation-hash=cd99861eba7568f98541171417f7b142 HTTP/1.1" 200 26801 "http://1.92.107.167/index.php/2024/06/03/hello-world/" "Mozilla/5.0 (Windows NT 10.0; Win64; x64) AppleWebKit/537.36 (KHTML, like Gecko) Chrome/125.0.0.0 Safari/537.36 Edg/125.0.0.0"
123.117.34.38 - - [03/Jun/2024:16:39:58 +0800] "GET /wp-admin/ HTTP/1.1" 200 99427 "-" "Mozilla/5.0 (Windows NT 10.0; Win64; x64; rv:126.0) Gecko/20100101 Firefox/126.0"
123.117.34.38 - - [03/Jun/2024:16:40:00 +0800] "POST /wp-admin/admin-ajax.php HTTP/1.1" 200 101 "http://1.92.107.167/wp-admin/" "Mozilla/5.0 (Windows NT 10.0; Win64; x64; rv:126.0) Gecko/20100101 Firefox/126.0"
123.117.34.38 - - [03/Jun/2024:16:40:00 +0800] "GET /wp-admin/admin-ajax.php?action=dashboard-widgets&widget=dashboard_primary&pagenow=dashboard HTTP/1.1" 200 1249 "http://1.92.107.167/wp-admin/" "Mozilla/5.0 (Windows NT 10.0; Win64; x64; rv:126.0) Gecko/20100101 Firefox/126.0"
123.117.34.38 - - [03/Jun/2024:16:40:03 +0800] "GET /wp-admin/plugins.php HTTP/1.1" 200 57594 "http://1.92.107.167/wp-admin/" "Mozilla/5.0 (Windows NT 10.0; Win64; x64; rv:126.0) Gecko/20100101 Firefox/126.0"
123.117.34.38 - - [03/Jun/2024:16:40:07 +0800] "GET /wp-admin/options-general.php?page=redis-cache HTTP/1.1" 200 39474 "http://1.92.107.167/wp-admin/plugins.php" "Mozilla/5.0 (Windows NT 10.0; Win64; x64; rv:126.0) Gecko/20100101 Firefox/126.0"
123.117.34.38 - - [03/Jun/2024:16:40:10 +0800] "POST /wp-admin/admin-ajax.php HTTP/1.1" 200 47 "http://1.92.107.167/wp-admin/edit.php" "Mozilla/5.0 (Windows NT 10.0; Win64; x64) AppleWebKit/537.36 (KHTML, like Gecko) Chrome/125.0.0.0 Safari/537.36"
111.194.49.197 - - [03/Jun/2024:16:40:13 +0800] "GET / HTTP/1.1" 200 12812 "-" "Mozilla/5.0 (Windows NT 10.0; Win64; x64; rv:126.0) Gecko/20100101 Firefox/126.0"
111.194.49.197 - - [03/Jun/2024:16:40:13 +0800] "GET /wp-includes/css/dist/block-library/style.min.css?ver=5.6.6 HTTP/1.1" 200 51338 "http://1.92.107.167/" "Mozilla/5.0 (Windows NT 10.0; Win64; x64; rv:126.0) Gecko/20100101 Firefox/126.0"
111.194.49.197 - - [03/Jun/2024:16:40:13 +0800] "GET /wp-includes/js/wp-emoji-release.min.js?ver=5.6.6 HTTP/1.1" 200 14229 "http://1.92.107.167/" "Mozilla/5.0 (Windows NT 10.0; Win64; x64; rv:126.0) Gecko/20100101 Firefox/126.0"
111.194.49.197 - - [03/Jun/2024:16:40:13 +0800] "GET /wp-includes/css/dist/block-library/theme.min.css?ver=5.6.6 HTTP/1.1" 200 2297 "http://1.92.107.167/" "Mozilla/5.0 (Windows NT 10.0; Win64; x64; rv:126.0) Gecko/20100101 Firefox/126.0"
111.194.49.197 - - [03/Jun/2024:16:40:13 +0800] "GET /wp-includes/js/wp-embed.min.js?ver=5.6.6 HTTP/1.1" 200 1426 "http://1.92.107.167/" "Mozilla/5.0 (Windows NT 10.0; Win64; x64; rv:126.0) Gecko/20100101 Firefox/126.0"
111.194.49.197 - - [03/Jun/2024:16:40:13 +0800] "GET /wp-content/themes/twentytwentyone/assets/js/responsive-embeds.js?ver=1.1 HTTP/1.1" 200 1127 "http://1.92.107.167/" "Mozilla/5.0 (Windows NT 10.0; Win64; x64; rv:126.0) Gecko/20100101 Firefox/126.0"
111.194.49.197 - - [03/Jun/2024:16:40:13 +0800] "GET /wp-content/themes/twentytwentyone/style.css?ver=1.1 HTTP/1.1" 200 152103 "http://1.92.107.167/" "Mozilla/5.0 (Windows NT 10.0; Win64; x64; rv:126.0) Gecko/20100101 Firefox/126.0"
111.194.49.197 - - [03/Jun/2024:16:40:13 +0800] "GET /wp-content/themes/twentytwentyone/assets/css/print.css?ver=1.1 HTTP/1.1" 200 2897 "http://1.92.107.167/" "Mozilla/5.0 (Windows NT 10.0; Win64; x64; rv:126.0) Gecko/20100101 Firefox/126.0"
111.194.49.197 - - [03/Jun/2024:16:40:13 +0800] "GET /favicon.ico HTTP/1.1" 404 209 "http://1.92.107.167/" "Mozilla/5.0 (Windows NT 10.0; Win64; x64; rv:126.0) Gecko/20100101 Firefox/126.0"
106.120.13.53 - - [03/Jun/2024:16:40:17 +0800] "GET / HTTP/1.1" 200 12812 "http://1.92.107.167/index.php/2024/06/03/hello-world/" "Mozilla/5.0 (Windows NT 10.0; Win64; x64) AppleWebKit/537.36 (KHTML, like Gecko) Chrome/115.0.0.0 Safari/537.36 Edg/115.0.1901.188"
106.120.13.53 - - [03/Jun/2024:16:40:22 +0800] "GET /index.php/2024/06/03/hello-world/ HTTP/1.1" 200 26801 "http://1.92.107.167/" "Mozilla/5.0 (Windows NT 10.0; Win64; x64) AppleWebKit/537.36 (KHTML, like Gecko) Chrome/115.0.0.0 Safari/537.36 Edg/115.0.1901.188"
180.102.196.13 - - [03/Jun/2024:16:40:27 +0800] "POST /wp-admin/admin-ajax.php HTTP/1.1" 200 47 "http://1.92.107.167/wp-admin/edit-comments.php" "Mozilla/5.0 (Windows NT 10.0; Win64; x64) AppleWebKit/537.36 (KHTML, like Gecko) Chrome/125.0.0.0 Safari/537.36"
123.117.34.38 - - [03/Jun/2024:16:40:29 +0800] "POST /wp-admin/admin-ajax.php HTTP/1.1" 200 47 "http://1.92.107.167/wp-admin/plugins.php" "Mozilla/5.0 (Windows NT 10.0; Win64; x64) AppleWebKit/537.36 (KHTML, like Gecko) Chrome/125.0.0.0 Safari/537.36"
