123.117.34.38 - - [03/Jun/2024:15:25:18 +0800] "GET / HTTP/1.1" 403 4897 "-" "Mozilla/5.0 (Windows NT 10.0; Win64; x64; rv:126.0) Gecko/20100101 Firefox/126.0"
123.117.34.38 - - [03/Jun/2024:15:25:19 +0800] "GET /noindex/css/open-sans.css HTTP/1.1" 200 5081 "http://blog.linuxtec.cn/" "Mozilla/5.0 (Windows NT 10.0; Win64; x64; rv:126.0) Gecko/20100101 Firefox/126.0"
221.217.54.148 - - [03/Jun/2024:15:25:19 +0800] "GET /noindex/css/bootstrap.min.css HTTP/1.1" 200 19341 "http://blog.linuxtec.cn/" "Mozilla/5.0 (Windows NT 10.0; Win64; x64; rv:126.0) Gecko/20100101 Firefox/126.0"
221.217.54.148 - - [03/Jun/2024:15:25:19 +0800] "GET /images/poweredby.png HTTP/1.1" 200 3956 "http://blog.linuxtec.cn/" "Mozilla/5.0 (Windows NT 10.0; Win64; x64; rv:126.0) Gecko/20100101 Firefox/126.0"
123.117.34.38 - - [03/Jun/2024:15:25:19 +0800] "GET /images/apache_pb.gif HTTP/1.1" 200 2326 "http://blog.linuxtec.cn/" "Mozilla/5.0 (Windows NT 10.0; Win64; x64; rv:126.0) Gecko/20100101 Firefox/126.0"
221.217.54.148 - - [03/Jun/2024:15:25:19 +0800] "GET /noindex/css/fonts/Light/OpenSans-Light.woff HTTP/1.1" 404 241 "http://blog.linuxtec.cn/noindex/css/open-sans.css" "Mozilla/5.0 (Windows NT 10.0; Win64; x64; rv:126.0) Gecko/20100101 Firefox/126.0"
221.217.54.148 - - [03/Jun/2024:15:25:19 +0800] "GET /noindex/css/fonts/Bold/OpenSans-Bold.woff HTTP/1.1" 404 239 "http://blog.linuxtec.cn/noindex/css/open-sans.css" "Mozilla/5.0 (Windows NT 10.0; Win64; x64; rv:126.0) Gecko/20100101 Firefox/126.0"
221.217.54.148 - - [03/Jun/2024:15:25:19 +0800] "GET /noindex/css/fonts/Bold/OpenSans-Bold.ttf HTTP/1.1" 404 238 "http://blog.linuxtec.cn/noindex/css/open-sans.css" "Mozilla/5.0 (Windows NT 10.0; Win64; x64; rv:126.0) Gecko/20100101 Firefox/126.0"
221.217.54.148 - - [03/Jun/2024:15:25:19 +0800] "GET /noindex/css/fonts/Light/OpenSans-Light.ttf HTTP/1.1" 404 240 "http://blog.linuxtec.cn/noindex/css/open-sans.css" "Mozilla/5.0 (Windows NT 10.0; Win64; x64; rv:126.0) Gecko/20100101 Firefox/126.0"
::1 - - [03/Jun/2024:15:25:24 +0800] "OPTIONS * HTTP/1.0" 200 - "-" "Apache/2.4.6 (CentOS) (internal dummy connection)"
::1 - - [03/Jun/2024:15:25:25 +0800] "OPTIONS * HTTP/1.0" 200 - "-" "Apache/2.4.6 (CentOS) (internal dummy connection)"
221.217.54.148 - - [03/Jun/2024:15:25:43 +0800] "GET /wordpress HTTP/1.1" 301 242 "-" "Mozilla/5.0 (Windows NT 10.0; Win64; x64; rv:126.0) Gecko/20100101 Firefox/126.0"
221.217.54.148 - - [03/Jun/2024:15:25:43 +0800] "GET /wordpress/ HTTP/1.1" 200 4761 "-" "Mozilla/5.0 (Windows NT 10.0; Win64; x64; rv:126.0) Gecko/20100101 Firefox/126.0"
221.217.54.148 - - [03/Jun/2024:15:25:43 +0800] "GET /icons/back.gif HTTP/1.1" 200 216 "http://blog.linuxtec.cn/wordpress/" "Mozilla/5.0 (Windows NT 10.0; Win64; x64; rv:126.0) Gecko/20100101 Firefox/126.0"
123.117.34.38 - - [03/Jun/2024:15:25:43 +0800] "GET /icons/blank.gif HTTP/1.1" 200 148 "http://blog.linuxtec.cn/wordpress/" "Mozilla/5.0 (Windows NT 10.0; Win64; x64; rv:126.0) Gecko/20100101 Firefox/126.0"
123.117.34.38 - - [03/Jun/2024:15:25:43 +0800] "GET /icons/text.gif HTTP/1.1" 200 229 "http://blog.linuxtec.cn/wordpress/" "Mozilla/5.0 (Windows NT 10.0; Win64; x64; rv:126.0) Gecko/20100101 Firefox/126.0"
221.217.54.148 - - [03/Jun/2024:15:25:43 +0800] "GET /icons/folder.gif HTTP/1.1" 200 225 "http://blog.linuxtec.cn/wordpress/" "Mozilla/5.0 (Windows NT 10.0; Win64; x64; rv:126.0) Gecko/20100101 Firefox/126.0"
123.117.34.38 - - [03/Jun/2024:15:25:43 +0800] "GET /icons/unknown.gif HTTP/1.1" 200 245 "http://blog.linuxtec.cn/wordpress/" "Mozilla/5.0 (Windows NT 10.0; Win64; x64; rv:126.0) Gecko/20100101 Firefox/126.0"
221.217.54.148 - - [03/Jun/2024:15:26:21 +0800] "GET /wordpress/ HTTP/1.1" 404 208 "-" "Mozilla/5.0 (Windows NT 10.0; Win64; x64; rv:126.0) Gecko/20100101 Firefox/126.0"
221.217.54.148 - - [03/Jun/2024:15:26:26 +0800] "GET / HTTP/1.1" 200 405 "-" "Mozilla/5.0 (Windows NT 10.0; Win64; x64; rv:126.0) Gecko/20100101 Firefox/126.0"
221.217.54.148 - - [03/Jun/2024:15:36:45 +0800] "GET / HTTP/1.1" 200 405 "-" "Mozilla/5.0 (Windows NT 10.0; Win64; x64; rv:126.0) Gecko/20100101 Firefox/126.0"
221.217.54.148 - - [03/Jun/2024:15:37:09 +0800] "GET / HTTP/1.1" 200 405 "-" "Mozilla/5.0 (Windows NT 10.0; Win64; x64) AppleWebKit/537.36 (KHTML, like Gecko) Chrome/121.0.0.0 Safari/537.36"
123.117.34.38 - - [03/Jun/2024:15:37:10 +0800] "GET / HTTP/1.1" 200 405 "-" "Mozilla/5.0 (Windows NT 10.0; Win64; x64; rv:126.0) Gecko/20100101 Firefox/126.0"
221.217.54.148 - - [03/Jun/2024:15:37:10 +0800] "GET /favicon.ico HTTP/1.1" 404 209 "http://1.92.107.167/" "Mozilla/5.0 (Windows NT 10.0; Win64; x64; rv:126.0) Gecko/20100101 Firefox/126.0"
221.217.54.148 - - [03/Jun/2024:15:37:27 +0800] "GET / HTTP/1.1" 302 - "-" "Mozilla/5.0 (Windows NT 10.0; Win64; x64; rv:126.0) Gecko/20100101 Firefox/126.0"
221.217.54.148 - - [03/Jun/2024:15:37:27 +0800] "GET /wp-admin/setup-config.php HTTP/1.1" 200 2607 "-" "Mozilla/5.0 (Windows NT 10.0; Win64; x64; rv:126.0) Gecko/20100101 Firefox/126.0"
221.217.54.148 - - [03/Jun/2024:15:37:28 +0800] "GET /wp-includes/css/dashicons.min.css?ver=5.6.6 HTTP/1.1" 200 59016 "http://1.92.107.167/wp-admin/setup-config.php" "Mozilla/5.0 (Windows NT 10.0; Win64; x64; rv:126.0) Gecko/20100101 Firefox/126.0"
123.117.34.38 - - [03/Jun/2024:15:37:28 +0800] "GET /wp-includes/css/buttons.min.css?ver=5.6.6 HTTP/1.1" 200 5845 "http://1.92.107.167/wp-admin/setup-config.php" "Mozilla/5.0 (Windows NT 10.0; Win64; x64; rv:126.0) Gecko/20100101 Firefox/126.0"
221.217.54.148 - - [03/Jun/2024:15:37:28 +0800] "GET /wp-admin/css/l10n.min.css?ver=5.6.6 HTTP/1.1" 200 2477 "http://1.92.107.167/wp-admin/setup-config.php" "Mozilla/5.0 (Windows NT 10.0; Win64; x64; rv:126.0) Gecko/20100101 Firefox/126.0"
221.217.54.148 - - [03/Jun/2024:15:37:28 +0800] "GET /wp-admin/css/forms.min.css?ver=5.6.6 HTTP/1.1" 200 25083 "http://1.92.107.167/wp-admin/setup-config.php" "Mozilla/5.0 (Windows NT 10.0; Win64; x64; rv:126.0) Gecko/20100101 Firefox/126.0"
123.117.34.38 - - [03/Jun/2024:15:37:28 +0800] "GET /wp-admin/css/install.min.css?ver=5.6.6 HTTP/1.1" 200 4994 "http://1.92.107.167/wp-admin/setup-config.php" "Mozilla/5.0 (Windows NT 10.0; Win64; x64; rv:126.0) Gecko/20100101 Firefox/126.0"
123.117.34.38 - - [03/Jun/2024:15:37:28 +0800] "GET /wp-includes/js/jquery/jquery-migrate.min.js?ver=3.3.2 HTTP/1.1" 200 11224 "http://1.92.107.167/wp-admin/setup-config.php" "Mozilla/5.0 (Windows NT 10.0; Win64; x64; rv:126.0) Gecko/20100101 Firefox/126.0"
221.217.54.148 - - [03/Jun/2024:15:37:28 +0800] "GET /wp-admin/js/language-chooser.min.js?ver=5.6.6 HTTP/1.1" 200 409 "http://1.92.107.167/wp-admin/setup-config.php" "Mozilla/5.0 (Windows NT 10.0; Win64; x64; rv:126.0) Gecko/20100101 Firefox/126.0"
123.117.34.38 - - [03/Jun/2024:15:37:28 +0800] "GET /wp-includes/js/jquery/jquery.min.js?ver=3.5.1 HTTP/1.1" 200 89496 "http://1.92.107.167/wp-admin/setup-config.php" "Mozilla/5.0 (Windows NT 10.0; Win64; x64; rv:126.0) Gecko/20100101 Firefox/126.0"
221.217.54.148 - - [03/Jun/2024:15:37:28 +0800] "GET /wp-admin/images/wordpress-logo.svg?ver=20131107 HTTP/1.1" 200 1521 "http://1.92.107.167/wp-admin/css/install.min.css?ver=5.6.6" "Mozilla/5.0 (Windows NT 10.0; Win64; x64; rv:126.0) Gecko/20100101 Firefox/126.0"
221.217.54.148 - - [03/Jun/2024:15:37:30 +0800] "GET / HTTP/1.1" 302 - "-" "Mozilla/5.0 (Windows NT 10.0; Win64; x64) AppleWebKit/537.36 (KHTML, like Gecko) Chrome/121.0.0.0 Safari/537.36"
221.217.54.148 - - [03/Jun/2024:15:37:33 +0800] "GET /favicon.ico HTTP/1.1" 404 209 "http://blog.linuxtec.cn/" "Mozilla/5.0 (Windows NT 10.0; Win64; x64) AppleWebKit/537.36 (KHTML, like Gecko) Chrome/121.0.0.0 Safari/537.36"
::1 - - [03/Jun/2024:15:37:33 +0800] "OPTIONS * HTTP/1.0" 200 - "-" "Apache/2.4.6 (CentOS) PHP/7.2.34 (internal dummy connection)"
::1 - - [03/Jun/2024:15:37:34 +0800] "OPTIONS * HTTP/1.0" 200 - "-" "Apache/2.4.6 (CentOS) PHP/7.2.34 (internal dummy connection)"
123.117.34.38 - - [03/Jun/2024:15:38:17 +0800] "GET /favicon.ico HTTP/1.1" 404 209 "http://blog.linuxtec.cn/" "Mozilla/5.0 (Windows NT 10.0; Win64; x64) AppleWebKit/537.36 (KHTML, like Gecko) Chrome/121.0.0.0 Safari/537.36"
123.117.34.38 - - [03/Jun/2024:15:38:18 +0800] "GET /favicon.ico HTTP/1.1" 404 209 "http://blog.linuxtec.cn/" "Mozilla/5.0 (Windows NT 10.0; Win64; x64) AppleWebKit/537.36 (KHTML, like Gecko) Chrome/121.0.0.0 Safari/537.36"
123.117.34.38 - - [03/Jun/2024:15:38:19 +0800] "GET /favicon.ico HTTP/1.1" 404 209 "http://blog.linuxtec.cn/" "Mozilla/5.0 (Windows NT 10.0; Win64; x64) AppleWebKit/537.36 (KHTML, like Gecko) Chrome/121.0.0.0 Safari/537.36"
221.217.54.148 - - [03/Jun/2024:15:38:20 +0800] "GET / HTTP/1.1" 302 - "-" "Mozilla/5.0 (Windows NT 10.0; Win64; x64) AppleWebKit/537.36 (KHTML, like Gecko) Chrome/121.0.0.0 Safari/537.36"
221.217.54.148 - - [03/Jun/2024:15:38:23 +0800] "GET / HTTP/1.1" 302 - "-" "Mozilla/5.0 (Windows NT 10.0; Win64; x64) AppleWebKit/537.36 (KHTML, like Gecko) Chrome/121.0.0.0 Safari/537.36"
123.117.34.38 - - [03/Jun/2024:15:38:23 +0800] "GET /favicon.ico HTTP/1.1" 404 209 "http://blog.linuxtec.cn/" "Mozilla/5.0 (Windows NT 10.0; Win64; x64) AppleWebKit/537.36 (KHTML, like Gecko) Chrome/121.0.0.0 Safari/537.36"
123.117.34.38 - - [03/Jun/2024:15:38:27 +0800] "GET / HTTP/1.1" 302 - "-" "Mozilla/5.0 (Windows NT 10.0; Win64; x64) AppleWebKit/537.36 (KHTML, like Gecko) Chrome/121.0.0.0 Safari/537.36"
221.217.54.148 - - [03/Jun/2024:15:38:28 +0800] "GET /favicon.ico HTTP/1.1" 404 209 "http://blog.linuxtec.cn/" "Mozilla/5.0 (Windows NT 10.0; Win64; x64) AppleWebKit/537.36 (KHTML, like Gecko) Chrome/121.0.0.0 Safari/537.36"
221.217.54.148 - - [03/Jun/2024:15:38:29 +0800] "GET /favicon.ico HTTP/1.1" 404 209 "http://blog.linuxtec.cn/" "Mozilla/5.0 (Windows NT 10.0; Win64; x64) AppleWebKit/537.36 (KHTML, like Gecko) Chrome/121.0.0.0 Safari/537.36"
221.217.54.148 - - [03/Jun/2024:15:38:30 +0800] "GET /favicon.ico HTTP/1.1" 404 209 "http://blog.linuxtec.cn/" "Mozilla/5.0 (Windows NT 10.0; Win64; x64) AppleWebKit/537.36 (KHTML, like Gecko) Chrome/121.0.0.0 Safari/537.36"
221.217.54.148 - - [03/Jun/2024:15:38:30 +0800] "GET / HTTP/1.1" 302 - "-" "Mozilla/5.0 (Windows NT 10.0; Win64; x64) AppleWebKit/537.36 (KHTML, like Gecko) Chrome/121.0.0.0 Safari/537.36"
123.117.34.38 - - [03/Jun/2024:15:38:31 +0800] "GET / HTTP/1.1" 302 - "-" "Mozilla/5.0 (Windows NT 10.0; Win64; x64) AppleWebKit/537.36 (KHTML, like Gecko) Chrome/121.0.0.0 Safari/537.36"
221.217.54.148 - - [03/Jun/2024:15:38:31 +0800] "GET / HTTP/1.1" 302 - "-" "Mozilla/5.0 (Windows NT 10.0; Win64; x64) AppleWebKit/537.36 (KHTML, like Gecko) Chrome/121.0.0.0 Safari/537.36"
221.217.54.148 - - [03/Jun/2024:15:38:32 +0800] "GET /favicon.ico HTTP/1.1" 404 209 "http://blog.linuxtec.cn/" "Mozilla/5.0 (Windows NT 10.0; Win64; x64) AppleWebKit/537.36 (KHTML, like Gecko) Chrome/121.0.0.0 Safari/537.36"
221.217.54.148 - - [03/Jun/2024:15:38:34 +0800] "GET / HTTP/1.1" 302 - "-" "Mozilla/5.0 (Windows NT 10.0; Win64; x64) AppleWebKit/537.36 (KHTML, like Gecko) Chrome/121.0.0.0 Safari/537.36"
221.217.54.148 - - [03/Jun/2024:15:38:34 +0800] "GET / HTTP/1.1" 302 - "-" "Mozilla/5.0 (Windows NT 10.0; Win64; x64) AppleWebKit/537.36 (KHTML, like Gecko) Chrome/121.0.0.0 Safari/537.36"
123.117.34.38 - - [03/Jun/2024:15:38:38 +0800] "GET / HTTP/1.1" 302 - "-" "Mozilla/5.0 (Windows NT 10.0; Win64; x64) AppleWebKit/537.36 (KHTML, like Gecko) Chrome/121.0.0.0 Safari/537.36"
123.117.34.38 - - [03/Jun/2024:15:40:59 +0800] "GET / HTTP/1.1" 302 - "-" "Mozilla/5.0 (Windows NT 10.0; Win64; x64) AppleWebKit/537.36 (KHTML, like Gecko) Chrome/121.0.0.0 Safari/537.36"
123.117.34.38 - - [03/Jun/2024:15:41:00 +0800] "GET /favicon.ico HTTP/1.1" 404 209 "http://blog.linuxtec.cn/" "Mozilla/5.0 (Windows NT 10.0; Win64; x64) AppleWebKit/537.36 (KHTML, like Gecko) Chrome/121.0.0.0 Safari/537.36"
123.117.34.38 - - [03/Jun/2024:15:41:00 +0800] "GET /favicon.ico HTTP/1.1" 404 209 "http://blog.linuxtec.cn/" "Mozilla/5.0 (Windows NT 10.0; Win64; x64) AppleWebKit/537.36 (KHTML, like Gecko) Chrome/121.0.0.0 Safari/537.36"
123.117.34.38 - - [03/Jun/2024:15:41:54 +0800] "GET / HTTP/1.1" 302 - "-" "Mozilla/5.0 (Windows NT 10.0; Win64; x64) AppleWebKit/537.36 (KHTML, like Gecko) Chrome/121.0.0.0 Safari/537.36"
123.117.34.38 - - [03/Jun/2024:16:02:36 +0800] "GET / HTTP/1.1" 302 - "-" "Mozilla/5.0 (Windows NT 10.0; Win64; x64; rv:126.0) Gecko/20100101 Firefox/126.0"
221.217.54.148 - - [03/Jun/2024:16:02:36 +0800] "GET /wp-admin/setup-config.php HTTP/1.1" 200 2607 "-" "Mozilla/5.0 (Windows NT 10.0; Win64; x64; rv:126.0) Gecko/20100101 Firefox/126.0"
221.217.54.148 - - [03/Jun/2024:16:02:36 +0800] "GET /wp-includes/css/dashicons.min.css?ver=5.6.6 HTTP/1.1" 200 59016 "http://1.92.107.167/wp-admin/setup-config.php" "Mozilla/5.0 (Windows NT 10.0; Win64; x64; rv:126.0) Gecko/20100101 Firefox/126.0"
123.117.34.38 - - [03/Jun/2024:16:02:36 +0800] "GET /wp-includes/css/buttons.min.css?ver=5.6.6 HTTP/1.1" 200 5845 "http://1.92.107.167/wp-admin/setup-config.php" "Mozilla/5.0 (Windows NT 10.0; Win64; x64; rv:126.0) Gecko/20100101 Firefox/126.0"
172.212.59.117 - - [03/Jun/2024:16:02:46 +0800] "GET /hudson HTTP/1.1" 404 204 "-" "Mozilla/5.0 zgrab/0.x"
221.217.54.148 - - [03/Jun/2024:16:03:26 +0800] "GET /wp-admin/setup-config.php?step=1&language=zh_CN HTTP/1.1" 200 3320 "http://1.92.107.167/wp-admin/setup-config.php" "Mozilla/5.0 (Windows NT 10.0; Win64; x64; rv:126.0) Gecko/20100101 Firefox/126.0"
123.117.34.38 - - [03/Jun/2024:16:03:32 +0800] "GET / HTTP/1.1" 302 - "-" "Mozilla/5.0 (Windows NT 10.0; Win64; x64; rv:126.0) Gecko/20100101 Firefox/126.0"
221.217.54.148 - - [03/Jun/2024:16:04:03 +0800] "GET / HTTP/1.1" 302 - "-" "Mozilla/5.0 (Windows NT 10.0; Win64; x64; rv:126.0) Gecko/20100101 Firefox/126.0"
221.217.54.148 - - [03/Jun/2024:16:04:03 +0800] "GET /wp-admin/setup-config.php HTTP/1.1" 200 2607 "-" "Mozilla/5.0 (Windows NT 10.0; Win64; x64; rv:126.0) Gecko/20100101 Firefox/126.0"
221.217.54.148 - - [03/Jun/2024:16:04:04 +0800] "GET /wp-admin/css/forms.min.css?ver=5.6.6 HTTP/1.1" 200 25083 "http://1.92.107.167/wp-admin/setup-config.php" "Mozilla/5.0 (Windows NT 10.0; Win64; x64; rv:126.0) Gecko/20100101 Firefox/126.0"
221.217.54.148 - - [03/Jun/2024:16:04:04 +0800] "GET /wp-includes/css/buttons.min.css?ver=5.6.6 HTTP/1.1" 200 5845 "http://1.92.107.167/wp-admin/setup-config.php" "Mozilla/5.0 (Windows NT 10.0; Win64; x64; rv:126.0) Gecko/20100101 Firefox/126.0"
123.117.34.38 - - [03/Jun/2024:16:04:04 +0800] "GET /wp-includes/css/dashicons.min.css?ver=5.6.6 HTTP/1.1" 200 59016 "http://1.92.107.167/wp-admin/setup-config.php" "Mozilla/5.0 (Windows NT 10.0; Win64; x64; rv:126.0) Gecko/20100101 Firefox/126.0"
123.117.34.38 - - [03/Jun/2024:16:04:05 +0800] "GET /wp-admin/setup-config.php?step=1&language=zh_CN HTTP/1.1" 200 3320 "http://1.92.107.167/wp-admin/setup-config.php" "Mozilla/5.0 (Windows NT 10.0; Win64; x64; rv:126.0) Gecko/20100101 Firefox/126.0"
87.121.69.52 - - [03/Jun/2024:16:04:18 +0800] "CONNECT google.com:443 HTTP/1.1" 302 - "-" "Go-http-client/1.1"
123.117.34.38 - - [03/Jun/2024:16:04:40 +0800] "POST /wp-admin/setup-config.php?step=2 HTTP/1.1" 500 3449 "http://1.92.107.167/wp-admin/setup-config.php?step=1&language=zh_CN" "Mozilla/5.0 (Windows NT 10.0; Win64; x64; rv:126.0) Gecko/20100101 Firefox/126.0"
123.117.34.38 - - [03/Jun/2024:16:06:00 +0800] "POST /wp-admin/setup-config.php?step=2 HTTP/1.1" 500 3449 "http://1.92.107.167/wp-admin/setup-config.php?step=1&language=zh_CN" "Mozilla/5.0 (Windows NT 10.0; Win64; x64; rv:126.0) Gecko/20100101 Firefox/126.0"
221.217.54.148 - - [03/Jun/2024:16:06:53 +0800] "POST /wp-admin/setup-config.php?step=2 HTTP/1.1" 500 3446 "http://1.92.107.167/wp-admin/setup-config.php?step=1&language=zh_CN" "Mozilla/5.0 (Windows NT 10.0; Win64; x64; rv:126.0) Gecko/20100101 Firefox/126.0"
221.217.54.148 - - [03/Jun/2024:16:07:39 +0800] "POST /wp-admin/setup-config.php?step=2 HTTP/1.1" 200 5315 "http://1.92.107.167/wp-admin/setup-config.php?step=1&language=zh_CN" "Mozilla/5.0 (Windows NT 10.0; Win64; x64; rv:126.0) Gecko/20100101 Firefox/126.0"
123.117.34.38 - - [03/Jun/2024:16:08:14 +0800] "GET /wp-admin/install.php?language=zh_CN HTTP/1.1" 200 9377 "http://1.92.107.167/wp-admin/setup-config.php?step=2" "Mozilla/5.0 (Windows NT 10.0; Win64; x64; rv:126.0) Gecko/20100101 Firefox/126.0"
123.117.34.38 - - [03/Jun/2024:16:08:14 +0800] "GET /wp-includes/js/zxcvbn-async.min.js?ver=1.0 HTTP/1.1" 200 351 "http://1.92.107.167/wp-admin/install.php?language=zh_CN" "Mozilla/5.0 (Windows NT 10.0; Win64; x64; rv:126.0) Gecko/20100101 Firefox/126.0"
221.217.54.148 - - [03/Jun/2024:16:08:14 +0800] "GET /wp-includes/js/dist/i18n.min.js?ver=9e36b5da09c96c657b0297fd6f7cb1fd HTTP/1.1" 200 9558 "http://1.92.107.167/wp-admin/install.php?language=zh_CN" "Mozilla/5.0 (Windows NT 10.0; Win64; x64; rv:126.0) Gecko/20100101 Firefox/126.0"
123.117.34.38 - - [03/Jun/2024:16:08:14 +0800] "GET /wp-includes/js/underscore.min.js?ver=1.8.3 HTTP/1.1" 200 16045 "http://1.92.107.167/wp-admin/install.php?language=zh_CN" "Mozilla/5.0 (Windows NT 10.0; Win64; x64; rv:126.0) Gecko/20100101 Firefox/126.0"
123.117.34.38 - - [03/Jun/2024:16:08:14 +0800] "GET /wp-includes/js/wp-util.min.js?ver=5.6.6 HTTP/1.1" 200 1077 "http://1.92.107.167/wp-admin/install.php?language=zh_CN" "Mozilla/5.0 (Windows NT 10.0; Win64; x64; rv:126.0) Gecko/20100101 Firefox/126.0"
123.117.34.38 - - [03/Jun/2024:16:08:14 +0800] "GET /wp-admin/js/user-profile.min.js?ver=5.6.6 HTTP/1.1" 200 5463 "http://1.92.107.167/wp-admin/install.php?language=zh_CN" "Mozilla/5.0 (Windows NT 10.0; Win64; x64; rv:126.0) Gecko/20100101 Firefox/126.0"
123.117.34.38 - - [03/Jun/2024:16:08:14 +0800] "GET /wp-admin/js/password-strength-meter.min.js?ver=5.6.6 HTTP/1.1" 200 1119 "http://1.92.107.167/wp-admin/install.php?language=zh_CN" "Mozilla/5.0 (Windows NT 10.0; Win64; x64; rv:126.0) Gecko/20100101 Firefox/126.0"
221.217.54.148 - - [03/Jun/2024:16:08:14 +0800] "GET /wp-includes/js/dist/vendor/wp-polyfill.min.js?ver=7.4.4 HTTP/1.1" 200 99310 "http://1.92.107.167/wp-admin/install.php?language=zh_CN" "Mozilla/5.0 (Windows NT 10.0; Win64; x64; rv:126.0) Gecko/20100101 Firefox/126.0"
221.217.54.148 - - [03/Jun/2024:16:08:15 +0800] "GET /wp-includes/js/zxcvbn.min.js HTTP/1.1" 200 822237 "http://1.92.107.167/wp-admin/install.php?language=zh_CN" "Mozilla/5.0 (Windows NT 10.0; Win64; x64; rv:126.0) Gecko/20100101 Firefox/126.0"
::1 - - [03/Jun/2024:16:08:20 +0800] "OPTIONS * HTTP/1.0" 200 - "-" "Apache/2.4.6 (CentOS) PHP/7.2.34 (internal dummy connection)"
1.92.107.167 - - [03/Jun/2024:16:08:33 +0800] "GET /2024/06/03/hello-world/ HTTP/1.1" 404 221 "http://1.92.107.167/2024/06/03/hello-world/" "WordPress/5.6.6; http://1.92.107.167"
1.92.107.167 - - [03/Jun/2024:16:08:33 +0800] "GET /index.php/2024/06/03/hello-world/ HTTP/1.1" 200 14815 "http://1.92.107.167/index.php/2024/06/03/hello-world/" "WordPress/5.6.6; http://1.92.107.167"
221.217.54.148 - - [03/Jun/2024:16:08:33 +0800] "POST /wp-admin/install.php?step=2 HTTP/1.1" 200 6451 "http://1.92.107.167/wp-admin/install.php?language=zh_CN" "Mozilla/5.0 (Windows NT 10.0; Win64; x64; rv:126.0) Gecko/20100101 Firefox/126.0"
221.217.54.148 - - [03/Jun/2024:16:08:36 +0800] "GET /wp-login.php HTTP/1.1" 200 7775 "http://1.92.107.167/wp-admin/install.php?step=2" "Mozilla/5.0 (Windows NT 10.0; Win64; x64; rv:126.0) Gecko/20100101 Firefox/126.0"
221.217.54.148 - - [03/Jun/2024:16:08:36 +0800] "GET /wp-admin/css/login.min.css?ver=5.6.6 HTTP/1.1" 200 5486 "http://1.92.107.167/wp-login.php" "Mozilla/5.0 (Windows NT 10.0; Win64; x64; rv:126.0) Gecko/20100101 Firefox/126.0"
221.217.54.148 - - [03/Jun/2024:16:08:38 +0800] "GET / HTTP/1.1" 200 9859 "http://1.92.107.167/wp-login.php" "Mozilla/5.0 (Windows NT 10.0; Win64; x64; rv:126.0) Gecko/20100101 Firefox/126.0"
123.117.34.38 - - [03/Jun/2024:16:08:38 +0800] "GET /wp-includes/css/dist/block-library/theme.min.css?ver=5.6.6 HTTP/1.1" 200 2297 "http://1.92.107.167/" "Mozilla/5.0 (Windows NT 10.0; Win64; x64; rv:126.0) Gecko/20100101 Firefox/126.0"
221.217.54.148 - - [03/Jun/2024:16:08:38 +0800] "GET /wp-includes/css/dist/block-library/style.min.css?ver=5.6.6 HTTP/1.1" 200 51338 "http://1.92.107.167/" "Mozilla/5.0 (Windows NT 10.0; Win64; x64; rv:126.0) Gecko/20100101 Firefox/126.0"
221.217.54.148 - - [03/Jun/2024:16:08:38 +0800] "GET /wp-content/themes/twentytwentyone/assets/js/responsive-embeds.js?ver=1.1 HTTP/1.1" 200 1127 "http://1.92.107.167/" "Mozilla/5.0 (Windows NT 10.0; Win64; x64; rv:126.0) Gecko/20100101 Firefox/126.0"
123.117.34.38 - - [03/Jun/2024:16:08:38 +0800] "GET /wp-includes/js/wp-embed.min.js?ver=5.6.6 HTTP/1.1" 200 1426 "http://1.92.107.167/" "Mozilla/5.0 (Windows NT 10.0; Win64; x64; rv:126.0) Gecko/20100101 Firefox/126.0"
221.217.54.148 - - [03/Jun/2024:16:08:38 +0800] "GET /wp-content/themes/twentytwentyone/style.css?ver=1.1 HTTP/1.1" 200 152103 "http://1.92.107.167/" "Mozilla/5.0 (Windows NT 10.0; Win64; x64; rv:126.0) Gecko/20100101 Firefox/126.0"
123.117.34.38 - - [03/Jun/2024:16:08:38 +0800] "GET /wp-includes/js/wp-emoji-release.min.js?ver=5.6.6 HTTP/1.1" 200 14229 "http://1.92.107.167/" "Mozilla/5.0 (Windows NT 10.0; Win64; x64; rv:126.0) Gecko/20100101 Firefox/126.0"
221.217.54.148 - - [03/Jun/2024:16:08:38 +0800] "GET /wp-content/themes/twentytwentyone/assets/css/print.css?ver=1.1 HTTP/1.1" 200 2897 "http://1.92.107.167/" "Mozilla/5.0 (Windows NT 10.0; Win64; x64; rv:126.0) Gecko/20100101 Firefox/126.0"
1.92.107.167 - - [03/Jun/2024:16:08:33 +0800] "POST /wp-cron.php?doing_wp_cron=1717402113.8952279090881347656250 HTTP/1.1" 200 - "http://1.92.107.167/wp-cron.php?doing_wp_cron=1717402113.8952279090881347656250" "WordPress/5.6.6; http://1.92.107.167"
::1 - - [03/Jun/2024:16:08:44 +0800] "OPTIONS * HTTP/1.0" 200 - "-" "Apache/2.4.6 (CentOS) PHP/7.2.34 (internal dummy connection)"
123.117.34.38 - - [03/Jun/2024:16:08:57 +0800] "GET / HTTP/1.1" 200 8959 "-" "Mozilla/5.0 (Windows NT 10.0; Win64; x64; rv:126.0) Gecko/20100101 Firefox/126.0"
123.117.34.38 - - [03/Jun/2024:16:09:08 +0800] "GET / HTTP/1.1" 200 9859 "-" "Mozilla/5.0 (Windows NT 10.0; Win64; x64) AppleWebKit/537.36 (KHTML, like Gecko) Chrome/125.0.0.0 Safari/537.36"
123.117.34.38 - - [03/Jun/2024:16:09:08 +0800] "GET /wp-includes/css/dist/block-library/style.min.css?ver=5.6.6 HTTP/1.1" 200 51338 "http://1.92.107.167/" "Mozilla/5.0 (Windows NT 10.0; Win64; x64) AppleWebKit/537.36 (KHTML, like Gecko) Chrome/125.0.0.0 Safari/537.36"
123.117.34.38 - - [03/Jun/2024:16:09:08 +0800] "GET /wp-includes/css/dist/block-library/theme.min.css?ver=5.6.6 HTTP/1.1" 200 2297 "http://1.92.107.167/" "Mozilla/5.0 (Windows NT 10.0; Win64; x64) AppleWebKit/537.36 (KHTML, like Gecko) Chrome/125.0.0.0 Safari/537.36"
123.117.34.38 - - [03/Jun/2024:16:09:08 +0800] "GET /wp-content/themes/twentytwentyone/assets/js/responsive-embeds.js?ver=1.1 HTTP/1.1" 200 1127 "http://1.92.107.167/" "Mozilla/5.0 (Windows NT 10.0; Win64; x64) AppleWebKit/537.36 (KHTML, like Gecko) Chrome/125.0.0.0 Safari/537.36"
123.117.34.38 - - [03/Jun/2024:16:09:08 +0800] "GET /wp-includes/js/wp-embed.min.js?ver=5.6.6 HTTP/1.1" 200 1426 "http://1.92.107.167/" "Mozilla/5.0 (Windows NT 10.0; Win64; x64) AppleWebKit/537.36 (KHTML, like Gecko) Chrome/125.0.0.0 Safari/537.36"
123.117.34.38 - - [03/Jun/2024:16:09:08 +0800] "GET /wp-content/themes/twentytwentyone/style.css?ver=1.1 HTTP/1.1" 200 152103 "http://1.92.107.167/" "Mozilla/5.0 (Windows NT 10.0; Win64; x64) AppleWebKit/537.36 (KHTML, like Gecko) Chrome/125.0.0.0 Safari/537.36"
123.117.34.38 - - [03/Jun/2024:16:09:08 +0800] "GET /wp-includes/js/wp-emoji-release.min.js?ver=5.6.6 HTTP/1.1" 200 14229 "http://1.92.107.167/" "Mozilla/5.0 (Windows NT 10.0; Win64; x64) AppleWebKit/537.36 (KHTML, like Gecko) Chrome/125.0.0.0 Safari/537.36"
123.117.34.38 - - [03/Jun/2024:16:09:08 +0800] "GET /wp-content/themes/twentytwentyone/assets/css/print.css?ver=1.1 HTTP/1.1" 200 2897 "http://1.92.107.167/" "Mozilla/5.0 (Windows NT 10.0; Win64; x64) AppleWebKit/537.36 (KHTML, like Gecko) Chrome/125.0.0.0 Safari/537.36"
123.117.34.38 - - [03/Jun/2024:16:09:08 +0800] "GET /favicon.ico HTTP/1.1" 404 209 "http://1.92.107.167/" "Mozilla/5.0 (Windows NT 10.0; Win64; x64) AppleWebKit/537.36 (KHTML, like Gecko) Chrome/125.0.0.0 Safari/537.36"
123.117.34.38 - - [03/Jun/2024:16:09:10 +0800] "GET /index.php/2024/06/03/hello-world/ HTTP/1.1" 200 14815 "http://1.92.107.167/" "Mozilla/5.0 (Windows NT 10.0; Win64; x64) AppleWebKit/537.36 (KHTML, like Gecko) Chrome/125.0.0.0 Safari/537.36"
123.117.34.38 - - [03/Jun/2024:16:09:10 +0800] "GET /wp-includes/js/comment-reply.min.js?ver=5.6.6 HTTP/1.1" 200 2984 "http://1.92.107.167/index.php/2024/06/03/hello-world/" "Mozilla/5.0 (Windows NT 10.0; Win64; x64) AppleWebKit/537.36 (KHTML, like Gecko) Chrome/125.0.0.0 Safari/537.36"
123.117.34.38 - - [03/Jun/2024:16:09:30 +0800] "GET / HTTP/1.1" 200 8959 "-" "Mozilla/5.0 (Windows NT 10.0; Win64; x64; rv:126.0) Gecko/20100101 Firefox/126.0"
221.217.54.148 - - [03/Jun/2024:16:09:31 +0800] "GET / HTTP/1.1" 200 8959 "-" "Mozilla/5.0 (Windows NT 10.0; Win64; x64; rv:126.0) Gecko/20100101 Firefox/126.0"
123.117.34.38 - - [03/Jun/2024:16:09:31 +0800] "GET / HTTP/1.1" 200 8959 "-" "Mozilla/5.0 (Windows NT 10.0; Win64; x64; rv:126.0) Gecko/20100101 Firefox/126.0"
123.117.34.38 - - [03/Jun/2024:16:09:32 +0800] "GET / HTTP/1.1" 200 9859 "-" "Mozilla/5.0 (Windows NT 10.0; Win64; x64) AppleWebKit/537.36 (KHTML, like Gecko) Chrome/125.0.0.0 Safari/537.36 Edg/125.0.0.0"
123.117.34.38 - - [03/Jun/2024:16:09:32 +0800] "GET /wp-includes/css/dist/block-library/style.min.css?ver=5.6.6 HTTP/1.1" 200 51338 "http://1.92.107.167/" "Mozilla/5.0 (Windows NT 10.0; Win64; x64) AppleWebKit/537.36 (KHTML, like Gecko) Chrome/125.0.0.0 Safari/537.36 Edg/125.0.0.0"
221.217.54.148 - - [03/Jun/2024:16:09:32 +0800] "GET /wp-includes/css/dist/block-library/theme.min.css?ver=5.6.6 HTTP/1.1" 200 2297 "http://1.92.107.167/" "Mozilla/5.0 (Windows NT 10.0; Win64; x64) AppleWebKit/537.36 (KHTML, like Gecko) Chrome/125.0.0.0 Safari/537.36 Edg/125.0.0.0"
123.117.34.38 - - [03/Jun/2024:16:09:32 +0800] "GET /wp-content/themes/twentytwentyone/assets/js/responsive-embeds.js?ver=1.1 HTTP/1.1" 200 1127 "http://1.92.107.167/" "Mozilla/5.0 (Windows NT 10.0; Win64; x64) AppleWebKit/537.36 (KHTML, like Gecko) Chrome/125.0.0.0 Safari/537.36 Edg/125.0.0.0"
221.217.54.148 - - [03/Jun/2024:16:09:32 +0800] "GET /wp-includes/js/wp-embed.min.js?ver=5.6.6 HTTP/1.1" 200 1426 "http://1.92.107.167/" "Mozilla/5.0 (Windows NT 10.0; Win64; x64) AppleWebKit/537.36 (KHTML, like Gecko) Chrome/125.0.0.0 Safari/537.36 Edg/125.0.0.0"
221.217.54.148 - - [03/Jun/2024:16:09:32 +0800] "GET /wp-content/themes/twentytwentyone/style.css?ver=1.1 HTTP/1.1" 200 152103 "http://1.92.107.167/" "Mozilla/5.0 (Windows NT 10.0; Win64; x64) AppleWebKit/537.36 (KHTML, like Gecko) Chrome/125.0.0.0 Safari/537.36 Edg/125.0.0.0"
221.217.54.148 - - [03/Jun/2024:16:09:32 +0800] "GET /wp-includes/js/wp-emoji-release.min.js?ver=5.6.6 HTTP/1.1" 200 14229 "http://1.92.107.167/" "Mozilla/5.0 (Windows NT 10.0; Win64; x64) AppleWebKit/537.36 (KHTML, like Gecko) Chrome/125.0.0.0 Safari/537.36 Edg/125.0.0.0"
123.117.34.38 - - [03/Jun/2024:16:09:32 +0800] "GET /wp-content/themes/twentytwentyone/assets/css/print.css?ver=1.1 HTTP/1.1" 200 2897 "http://1.92.107.167/" "Mozilla/5.0 (Windows NT 10.0; Win64; x64) AppleWebKit/537.36 (KHTML, like Gecko) Chrome/125.0.0.0 Safari/537.36 Edg/125.0.0.0"
123.117.34.38 - - [03/Jun/2024:16:09:32 +0800] "GET /favicon.ico HTTP/1.1" 404 209 "http://1.92.107.167/" "Mozilla/5.0 (Windows NT 10.0; Win64; x64) AppleWebKit/537.36 (KHTML, like Gecko) Chrome/125.0.0.0 Safari/537.36 Edg/125.0.0.0"
::1 - - [03/Jun/2024:16:09:39 +0800] "OPTIONS * HTTP/1.0" 200 - "-" "Apache/2.4.6 (CentOS) PHP/7.2.34 (internal dummy connection)"
::1 - - [03/Jun/2024:16:09:40 +0800] "OPTIONS * HTTP/1.0" 200 - "-" "Apache/2.4.6 (CentOS) PHP/7.2.34 (internal dummy connection)"
123.117.34.38 - - [03/Jun/2024:16:09:51 +0800] "POST /wp-comments-post.php HTTP/1.1" 302 - "http://1.92.107.167/index.php/2024/06/03/hello-world/" "Mozilla/5.0 (Windows NT 10.0; Win64; x64) AppleWebKit/537.36 (KHTML, like Gecko) Chrome/125.0.0.0 Safari/537.36"
123.117.34.38 - - [03/Jun/2024:16:09:51 +0800] "GET /index.php/2024/06/03/hello-world/ HTTP/1.1" 200 16326 "http://1.92.107.167/index.php/2024/06/03/hello-world/" "Mozilla/5.0 (Windows NT 10.0; Win64; x64) AppleWebKit/537.36 (KHTML, like Gecko) Chrome/125.0.0.0 Safari/537.36"
221.217.54.148 - - [03/Jun/2024:16:10:02 +0800] "GET / HTTP/1.1" 200 9859 "-" "Mozilla/5.0 (Windows NT 10.0; Win64; x64) AppleWebKit/537.36 (KHTML, like Gecko) Chrome/121.0.0.0 Safari/537.36"
221.217.54.148 - - [03/Jun/2024:16:10:02 +0800] "GET /wp-includes/css/dist/block-library/style.min.css?ver=5.6.6 HTTP/1.1" 200 51338 "http://1.92.107.167/" "Mozilla/5.0 (Windows NT 10.0; Win64; x64) AppleWebKit/537.36 (KHTML, like Gecko) Chrome/121.0.0.0 Safari/537.36"
123.117.34.38 - - [03/Jun/2024:16:10:02 +0800] "GET /wp-includes/css/dist/block-library/theme.min.css?ver=5.6.6 HTTP/1.1" 200 2297 "http://1.92.107.167/" "Mozilla/5.0 (Windows NT 10.0; Win64; x64) AppleWebKit/537.36 (KHTML, like Gecko) Chrome/121.0.0.0 Safari/537.36"
221.217.54.148 - - [03/Jun/2024:16:10:02 +0800] "GET /wp-includes/js/wp-embed.min.js?ver=5.6.6 HTTP/1.1" 200 1426 "http://1.92.107.167/" "Mozilla/5.0 (Windows NT 10.0; Win64; x64) AppleWebKit/537.36 (KHTML, like Gecko) Chrome/121.0.0.0 Safari/537.36"
221.217.54.148 - - [03/Jun/2024:16:10:02 +0800] "GET /wp-content/themes/twentytwentyone/assets/js/responsive-embeds.js?ver=1.1 HTTP/1.1" 200 1127 "http://1.92.107.167/" "Mozilla/5.0 (Windows NT 10.0; Win64; x64) AppleWebKit/537.36 (KHTML, like Gecko) Chrome/121.0.0.0 Safari/537.36"
123.117.34.38 - - [03/Jun/2024:16:10:02 +0800] "GET /wp-content/themes/twentytwentyone/style.css?ver=1.1 HTTP/1.1" 200 152103 "http://1.92.107.167/" "Mozilla/5.0 (Windows NT 10.0; Win64; x64) AppleWebKit/537.36 (KHTML, like Gecko) Chrome/121.0.0.0 Safari/537.36"
123.117.34.38 - - [03/Jun/2024:16:10:02 +0800] "GET /wp-includes/js/wp-emoji-release.min.js?ver=5.6.6 HTTP/1.1" 200 14229 "http://1.92.107.167/" "Mozilla/5.0 (Windows NT 10.0; Win64; x64) AppleWebKit/537.36 (KHTML, like Gecko) Chrome/121.0.0.0 Safari/537.36"
221.217.54.148 - - [03/Jun/2024:16:10:02 +0800] "GET /wp-content/themes/twentytwentyone/assets/css/print.css?ver=1.1 HTTP/1.1" 200 2897 "http://1.92.107.167/" "Mozilla/5.0 (Windows NT 10.0; Win64; x64) AppleWebKit/537.36 (KHTML, like Gecko) Chrome/121.0.0.0 Safari/537.36"
221.217.54.148 - - [03/Jun/2024:16:10:02 +0800] "GET /favicon.ico HTTP/1.1" 404 209 "http://1.92.107.167/" "Mozilla/5.0 (Windows NT 10.0; Win64; x64) AppleWebKit/537.36 (KHTML, like Gecko) Chrome/121.0.0.0 Safari/537.36"
123.117.34.38 - - [03/Jun/2024:16:10:05 +0800] "GET / HTTP/1.1" 200 9859 "-" "Mozilla/5.0 (Windows NT 10.0; Win64; x64) AppleWebKit/537.36 (KHTML, like Gecko) Chrome/125.0.0.0 Safari/537.36"
221.217.54.148 - - [03/Jun/2024:16:10:05 +0800] "GET /wp-includes/css/dist/block-library/theme.min.css?ver=5.6.6 HTTP/1.1" 200 2297 "http://1.92.107.167/" "Mozilla/5.0 (Windows NT 10.0; Win64; x64) AppleWebKit/537.36 (KHTML, like Gecko) Chrome/125.0.0.0 Safari/537.36"
123.117.34.38 - - [03/Jun/2024:16:10:05 +0800] "GET /wp-includes/css/dist/block-library/style.min.css?ver=5.6.6 HTTP/1.1" 200 51338 "http://1.92.107.167/" "Mozilla/5.0 (Windows NT 10.0; Win64; x64) AppleWebKit/537.36 (KHTML, like Gecko) Chrome/125.0.0.0 Safari/537.36"
221.217.54.148 - - [03/Jun/2024:16:10:05 +0800] "GET /wp-content/themes/twentytwentyone/assets/js/responsive-embeds.js?ver=1.1 HTTP/1.1" 200 1127 "http://1.92.107.167/" "Mozilla/5.0 (Windows NT 10.0; Win64; x64) AppleWebKit/537.36 (KHTML, like Gecko) Chrome/125.0.0.0 Safari/537.36"
221.217.54.148 - - [03/Jun/2024:16:10:05 +0800] "GET /wp-includes/js/wp-embed.min.js?ver=5.6.6 HTTP/1.1" 200 1426 "http://1.92.107.167/" "Mozilla/5.0 (Windows NT 10.0; Win64; x64) AppleWebKit/537.36 (KHTML, like Gecko) Chrome/125.0.0.0 Safari/537.36"
221.217.54.148 - - [03/Jun/2024:16:10:05 +0800] "GET /wp-content/themes/twentytwentyone/style.css?ver=1.1 HTTP/1.1" 200 152103 "http://1.92.107.167/" "Mozilla/5.0 (Windows NT 10.0; Win64; x64) AppleWebKit/537.36 (KHTML, like Gecko) Chrome/125.0.0.0 Safari/537.36"
221.217.54.148 - - [03/Jun/2024:16:10:05 +0800] "GET /wp-content/themes/twentytwentyone/assets/css/print.css?ver=1.1 HTTP/1.1" 200 2897 "http://1.92.107.167/" "Mozilla/5.0 (Windows NT 10.0; Win64; x64) AppleWebKit/537.36 (KHTML, like Gecko) Chrome/125.0.0.0 Safari/537.36"
221.217.54.148 - - [03/Jun/2024:16:10:05 +0800] "GET /wp-includes/js/wp-emoji-release.min.js?ver=5.6.6 HTTP/1.1" 200 14229 "http://1.92.107.167/" "Mozilla/5.0 (Windows NT 10.0; Win64; x64) AppleWebKit/537.36 (KHTML, like Gecko) Chrome/125.0.0.0 Safari/537.36"
221.217.54.148 - - [03/Jun/2024:16:10:05 +0800] "GET /favicon.ico HTTP/1.1" 404 209 "http://1.92.107.167/" "Mozilla/5.0 (Windows NT 10.0; Win64; x64) AppleWebKit/537.36 (KHTML, like Gecko) Chrome/125.0.0.0 Safari/537.36"
221.217.54.148 - - [03/Jun/2024:16:10:05 +0800] "GET /index.php/2024/06/03/hello-world/ HTTP/1.1" 200 14815 "http://1.92.107.167/" "Mozilla/5.0 (Windows NT 10.0; Win64; x64) AppleWebKit/537.36 (KHTML, like Gecko) Chrome/125.0.0.0 Safari/537.36 Edg/125.0.0.0"
221.217.54.148 - - [03/Jun/2024:16:10:06 +0800] "GET /wp-includes/js/comment-reply.min.js?ver=5.6.6 HTTP/1.1" 200 2984 "http://1.92.107.167/index.php/2024/06/03/hello-world/" "Mozilla/5.0 (Windows NT 10.0; Win64; x64) AppleWebKit/537.36 (KHTML, like Gecko) Chrome/125.0.0.0 Safari/537.36 Edg/125.0.0.0"
::1 - - [03/Jun/2024:16:10:10 +0800] "OPTIONS * HTTP/1.0" 200 - "-" "Apache/2.4.6 (CentOS) PHP/7.2.34 (internal dummy connection)"
::1 - - [03/Jun/2024:16:10:11 +0800] "OPTIONS * HTTP/1.0" 200 - "-" "Apache/2.4.6 (CentOS) PHP/7.2.34 (internal dummy connection)"
123.117.34.38 - - [03/Jun/2024:16:10:12 +0800] "GET /index.php/2024/06/03/hello-world/ HTTP/1.1" 200 14815 "http://1.92.107.167/" "Mozilla/5.0 (Windows NT 10.0; Win64; x64) AppleWebKit/537.36 (KHTML, like Gecko) Chrome/125.0.0.0 Safari/537.36"
123.117.34.38 - - [03/Jun/2024:16:10:12 +0800] "GET /wp-includes/js/comment-reply.min.js?ver=5.6.6 HTTP/1.1" 200 2984 "http://1.92.107.167/index.php/2024/06/03/hello-world/" "Mozilla/5.0 (Windows NT 10.0; Win64; x64) AppleWebKit/537.36 (KHTML, like Gecko) Chrome/125.0.0.0 Safari/537.36"
::1 - - [03/Jun/2024:16:10:12 +0800] "OPTIONS * HTTP/1.0" 200 - "-" "Apache/2.4.6 (CentOS) PHP/7.2.34 (internal dummy connection)"
::1 - - [03/Jun/2024:16:10:13 +0800] "OPTIONS * HTTP/1.0" 200 - "-" "Apache/2.4.6 (CentOS) PHP/7.2.34 (internal dummy connection)"
221.217.54.148 - - [03/Jun/2024:16:10:14 +0800] "GET / HTTP/1.1" 200 9859 "-" "Mozilla/5.0 (Windows NT 10.0; Win64; x64; rv:126.0) Gecko/20100101 Firefox/126.0"
221.217.54.148 - - [03/Jun/2024:16:10:14 +0800] "GET /wp-includes/css/dist/block-library/theme.min.css?ver=5.6.6 HTTP/1.1" 200 2297 "http://1.92.107.167/" "Mozilla/5.0 (Windows NT 10.0; Win64; x64; rv:126.0) Gecko/20100101 Firefox/126.0"
123.117.34.38 - - [03/Jun/2024:16:10:14 +0800] "GET /wp-includes/css/dist/block-library/style.min.css?ver=5.6.6 HTTP/1.1" 200 51338 "http://1.92.107.167/" "Mozilla/5.0 (Windows NT 10.0; Win64; x64; rv:126.0) Gecko/20100101 Firefox/126.0"
221.217.54.148 - - [03/Jun/2024:16:10:14 +0800] "GET /wp-includes/js/wp-emoji-release.min.js?ver=5.6.6 HTTP/1.1" 200 14229 "http://1.92.107.167/" "Mozilla/5.0 (Windows NT 10.0; Win64; x64; rv:126.0) Gecko/20100101 Firefox/126.0"
221.217.54.148 - - [03/Jun/2024:16:10:14 +0800] "GET /wp-content/themes/twentytwentyone/assets/js/responsive-embeds.js?ver=1.1 HTTP/1.1" 200 1127 "http://1.92.107.167/" "Mozilla/5.0 (Windows NT 10.0; Win64; x64; rv:126.0) Gecko/20100101 Firefox/126.0"
123.117.34.38 - - [03/Jun/2024:16:10:14 +0800] "GET /wp-includes/js/wp-embed.min.js?ver=5.6.6 HTTP/1.1" 200 1426 "http://1.92.107.167/" "Mozilla/5.0 (Windows NT 10.0; Win64; x64; rv:126.0) Gecko/20100101 Firefox/126.0"
123.117.34.38 - - [03/Jun/2024:16:10:14 +0800] "GET /wp-content/themes/twentytwentyone/style.css?ver=1.1 HTTP/1.1" 200 152103 "http://1.92.107.167/" "Mozilla/5.0 (Windows NT 10.0; Win64; x64; rv:126.0) Gecko/20100101 Firefox/126.0"
123.117.34.38 - - [03/Jun/2024:16:10:14 +0800] "GET /wp-content/themes/twentytwentyone/assets/css/print.css?ver=1.1 HTTP/1.1" 200 2897 "http://1.92.107.167/" "Mozilla/5.0 (Windows NT 10.0; Win64; x64; rv:126.0) Gecko/20100101 Firefox/126.0"
123.117.34.38 - - [03/Jun/2024:16:10:14 +0800] "GET /favicon.ico HTTP/1.1" 404 209 "http://1.92.107.167/" "Mozilla/5.0 (Windows NT 10.0; Win64; x64; rv:126.0) Gecko/20100101 Firefox/126.0"
106.120.13.53 - - [03/Jun/2024:16:10:17 +0800] "GET / HTTP/1.1" 200 9859 "-" "Mozilla/5.0 (Windows NT 10.0; Win64; x64; rv:126.0) Gecko/20100101 Firefox/126.0"
106.120.13.53 - - [03/Jun/2024:16:10:17 +0800] "GET /wp-includes/js/wp-emoji-release.min.js?ver=5.6.6 HTTP/1.1" 200 14229 "http://1.92.107.167/" "Mozilla/5.0 (Windows NT 10.0; Win64; x64; rv:126.0) Gecko/20100101 Firefox/126.0"
106.120.13.53 - - [03/Jun/2024:16:10:17 +0800] "GET /wp-includes/css/dist/block-library/style.min.css?ver=5.6.6 HTTP/1.1" 200 51338 "http://1.92.107.167/" "Mozilla/5.0 (Windows NT 10.0; Win64; x64; rv:126.0) Gecko/20100101 Firefox/126.0"
106.120.13.53 - - [03/Jun/2024:16:10:17 +0800] "GET /wp-includes/css/dist/block-library/theme.min.css?ver=5.6.6 HTTP/1.1" 200 2297 "http://1.92.107.167/" "Mozilla/5.0 (Windows NT 10.0; Win64; x64; rv:126.0) Gecko/20100101 Firefox/126.0"
106.120.13.53 - - [03/Jun/2024:16:10:17 +0800] "GET /wp-content/themes/twentytwentyone/assets/js/responsive-embeds.js?ver=1.1 HTTP/1.1" 200 1127 "http://1.92.107.167/" "Mozilla/5.0 (Windows NT 10.0; Win64; x64; rv:126.0) Gecko/20100101 Firefox/126.0"
106.120.13.53 - - [03/Jun/2024:16:10:17 +0800] "GET /wp-includes/js/wp-embed.min.js?ver=5.6.6 HTTP/1.1" 200 1426 "http://1.92.107.167/" "Mozilla/5.0 (Windows NT 10.0; Win64; x64; rv:126.0) Gecko/20100101 Firefox/126.0"
106.120.13.53 - - [03/Jun/2024:16:10:17 +0800] "GET /wp-content/themes/twentytwentyone/style.css?ver=1.1 HTTP/1.1" 200 152103 "http://1.92.107.167/" "Mozilla/5.0 (Windows NT 10.0; Win64; x64; rv:126.0) Gecko/20100101 Firefox/126.0"
123.117.34.38 - - [03/Jun/2024:16:10:17 +0800] "GET / HTTP/1.1" 200 9859 "-" "Mozilla/5.0 (Windows NT 10.0; Win64; x64) AppleWebKit/537.36 (KHTML, like Gecko) Chrome/125.0.0.0 Safari/537.36 Edg/125.0.0.0"
123.117.34.38 - - [03/Jun/2024:16:10:18 +0800] "GET /wp-includes/css/dist/block-library/style.min.css?ver=5.6.6 HTTP/1.1" 200 51338 "http://1.92.107.167/" "Mozilla/5.0 (Windows NT 10.0; Win64; x64) AppleWebKit/537.36 (KHTML, like Gecko) Chrome/125.0.0.0 Safari/537.36 Edg/125.0.0.0"
221.217.54.148 - - [03/Jun/2024:16:10:18 +0800] "GET /wp-includes/css/dist/block-library/theme.min.css?ver=5.6.6 HTTP/1.1" 200 2297 "http://1.92.107.167/" "Mozilla/5.0 (Windows NT 10.0; Win64; x64) AppleWebKit/537.36 (KHTML, like Gecko) Chrome/125.0.0.0 Safari/537.36 Edg/125.0.0.0"
123.117.34.38 - - [03/Jun/2024:16:10:18 +0800] "GET /wp-includes/js/wp-emoji-release.min.js?ver=5.6.6 HTTP/1.1" 200 14229 "http://1.92.107.167/" "Mozilla/5.0 (Windows NT 10.0; Win64; x64) AppleWebKit/537.36 (KHTML, like Gecko) Chrome/125.0.0.0 Safari/537.36 Edg/125.0.0.0"
221.217.54.148 - - [03/Jun/2024:16:10:18 +0800] "GET /wp-content/themes/twentytwentyone/assets/css/print.css?ver=1.1 HTTP/1.1" 200 2897 "http://1.92.107.167/" "Mozilla/5.0 (Windows NT 10.0; Win64; x64) AppleWebKit/537.36 (KHTML, like Gecko) Chrome/125.0.0.0 Safari/537.36 Edg/125.0.0.0"
221.217.54.148 - - [03/Jun/2024:16:10:18 +0800] "GET /wp-content/themes/twentytwentyone/style.css?ver=1.1 HTTP/1.1" 200 152103 "http://1.92.107.167/" "Mozilla/5.0 (Windows NT 10.0; Win64; x64) AppleWebKit/537.36 (KHTML, like Gecko) Chrome/125.0.0.0 Safari/537.36 Edg/125.0.0.0"
106.120.13.53 - - [03/Jun/2024:16:10:18 +0800] "GET /wp-content/themes/twentytwentyone/assets/css/print.css?ver=1.1 HTTP/1.1" 200 2897 "http://1.92.107.167/" "Mozilla/5.0 (Windows NT 10.0; Win64; x64; rv:126.0) Gecko/20100101 Firefox/126.0"
106.120.13.53 - - [03/Jun/2024:16:10:18 +0800] "GET /favicon.ico HTTP/1.1" 404 209 "http://1.92.107.167/" "Mozilla/5.0 (Windows NT 10.0; Win64; x64; rv:126.0) Gecko/20100101 Firefox/126.0"
123.117.34.38 - - [03/Jun/2024:16:10:19 +0800] "GET /wp-content/themes/twentytwentyone/assets/js/responsive-embeds.js?ver=1.1 HTTP/1.1" 200 1127 "http://1.92.107.167/" "Mozilla/5.0 (Windows NT 10.0; Win64; x64) AppleWebKit/537.36 (KHTML, like Gecko) Chrome/125.0.0.0 Safari/537.36 Edg/125.0.0.0"
123.117.34.38 - - [03/Jun/2024:16:10:19 +0800] "GET /wp-includes/js/wp-embed.min.js?ver=5.6.6 HTTP/1.1" 200 1426 "http://1.92.107.167/" "Mozilla/5.0 (Windows NT 10.0; Win64; x64) AppleWebKit/537.36 (KHTML, like Gecko) Chrome/125.0.0.0 Safari/537.36 Edg/125.0.0.0"
123.117.34.38 - - [03/Jun/2024:16:10:19 +0800] "GET /favicon.ico HTTP/1.1" 404 209 "http://1.92.107.167/" "Mozilla/5.0 (Windows NT 10.0; Win64; x64) AppleWebKit/537.36 (KHTML, like Gecko) Chrome/125.0.0.0 Safari/537.36 Edg/125.0.0.0"
106.120.13.53 - - [03/Jun/2024:16:10:20 +0800] "GET /index.php/2024/06/03/hello-world/ HTTP/1.1" 200 14815 "http://1.92.107.167/" "Mozilla/5.0 (Windows NT 10.0; Win64; x64; rv:126.0) Gecko/20100101 Firefox/126.0"
106.120.13.53 - - [03/Jun/2024:16:10:20 +0800] "GET /wp-includes/js/comment-reply.min.js?ver=5.6.6 HTTP/1.1" 200 2984 "http://1.92.107.167/index.php/2024/06/03/hello-world/" "Mozilla/5.0 (Windows NT 10.0; Win64; x64; rv:126.0) Gecko/20100101 Firefox/126.0"
123.117.34.38 - - [03/Jun/2024:16:10:20 +0800] "GET / HTTP/1.1" 200 9859 "-" "Mozilla/5.0 (Windows NT 10.0; Win64; x64; rv:126.0) Gecko/20100101 Firefox/126.0"
221.217.54.148 - - [03/Jun/2024:16:10:20 +0800] "GET /wp-includes/js/wp-emoji-release.min.js?ver=5.6.6 HTTP/1.1" 200 14229 "http://1.92.107.167/" "Mozilla/5.0 (Windows NT 10.0; Win64; x64; rv:126.0) Gecko/20100101 Firefox/126.0"
123.117.34.38 - - [03/Jun/2024:16:10:20 +0800] "GET /wp-includes/css/dist/block-library/style.min.css?ver=5.6.6 HTTP/1.1" 200 51338 "http://1.92.107.167/" "Mozilla/5.0 (Windows NT 10.0; Win64; x64; rv:126.0) Gecko/20100101 Firefox/126.0"
221.217.54.148 - - [03/Jun/2024:16:10:20 +0800] "GET /wp-includes/css/dist/block-library/theme.min.css?ver=5.6.6 HTTP/1.1" 200 2297 "http://1.92.107.167/" "Mozilla/5.0 (Windows NT 10.0; Win64; x64; rv:126.0) Gecko/20100101 Firefox/126.0"
123.117.34.38 - - [03/Jun/2024:16:10:20 +0800] "GET /wp-content/themes/twentytwentyone/assets/js/responsive-embeds.js?ver=1.1 HTTP/1.1" 200 1127 "http://1.92.107.167/" "Mozilla/5.0 (Windows NT 10.0; Win64; x64; rv:126.0) Gecko/20100101 Firefox/126.0"
221.217.54.148 - - [03/Jun/2024:16:10:20 +0800] "GET /wp-includes/js/wp-embed.min.js?ver=5.6.6 HTTP/1.1" 200 1426 "http://1.92.107.167/" "Mozilla/5.0 (Windows NT 10.0; Win64; x64; rv:126.0) Gecko/20100101 Firefox/126.0"
123.117.34.38 - - [03/Jun/2024:16:10:20 +0800] "GET /wp-content/themes/twentytwentyone/style.css?ver=1.1 HTTP/1.1" 200 152103 "http://1.92.107.167/" "Mozilla/5.0 (Windows NT 10.0; Win64; x64; rv:126.0) Gecko/20100101 Firefox/126.0"
123.117.34.38 - - [03/Jun/2024:16:10:20 +0800] "GET /wp-content/themes/twentytwentyone/assets/css/print.css?ver=1.1 HTTP/1.1" 200 2897 "http://1.92.107.167/" "Mozilla/5.0 (Windows NT 10.0; Win64; x64; rv:126.0) Gecko/20100101 Firefox/126.0"
123.117.34.38 - - [03/Jun/2024:16:10:20 +0800] "GET /favicon.ico HTTP/1.1" 404 209 "http://1.92.107.167/" "Mozilla/5.0 (Windows NT 10.0; Win64; x64; rv:126.0) Gecko/20100101 Firefox/126.0"
::1 - - [03/Jun/2024:16:10:26 +0800] "OPTIONS * HTTP/1.0" 200 - "-" "Apache/2.4.6 (CentOS) PHP/7.2.34 (internal dummy connection)"
::1 - - [03/Jun/2024:16:10:27 +0800] "OPTIONS * HTTP/1.0" 200 - "-" "Apache/2.4.6 (CentOS) PHP/7.2.34 (internal dummy connection)"
123.117.34.38 - - [03/Jun/2024:16:10:27 +0800] "GET /index.php/2024/06/03/hello-world/ HTTP/1.1" 200 14815 "http://1.92.107.167/" "Mozilla/5.0 (Windows NT 10.0; Win64; x64) AppleWebKit/537.36 (KHTML, like Gecko) Chrome/125.0.0.0 Safari/537.36"
::1 - - [03/Jun/2024:16:10:28 +0800] "OPTIONS * HTTP/1.0" 200 - "-" "Apache/2.4.6 (CentOS) PHP/7.2.34 (internal dummy connection)"
::1 - - [03/Jun/2024:16:10:29 +0800] "OPTIONS * HTTP/1.0" 200 - "-" "Apache/2.4.6 (CentOS) PHP/7.2.34 (internal dummy connection)"
123.117.34.38 - - [03/Jun/2024:16:10:30 +0800] "GET / HTTP/1.1" 200 9909 "-" "Mozilla/5.0 (Windows NT 10.0; Win64; x64; rv:126.0) Gecko/20100101 Firefox/126.0"
123.117.34.38 - - [03/Jun/2024:16:10:30 +0800] "GET /wp-includes/css/dist/block-library/style.min.css?ver=5.6.6 HTTP/1.1" 200 51338 "http://blog.anishell.cn/" "Mozilla/5.0 (Windows NT 10.0; Win64; x64; rv:126.0) Gecko/20100101 Firefox/126.0"
221.217.54.148 - - [03/Jun/2024:16:10:30 +0800] "GET /wp-includes/css/dist/block-library/theme.min.css?ver=5.6.6 HTTP/1.1" 200 2297 "http://blog.anishell.cn/" "Mozilla/5.0 (Windows NT 10.0; Win64; x64; rv:126.0) Gecko/20100101 Firefox/126.0"
123.117.34.38 - - [03/Jun/2024:16:10:30 +0800] "GET /wp-content/themes/twentytwentyone/assets/js/responsive-embeds.js?ver=1.1 HTTP/1.1" 200 1127 "http://blog.anishell.cn/" "Mozilla/5.0 (Windows NT 10.0; Win64; x64; rv:126.0) Gecko/20100101 Firefox/126.0"
123.117.34.38 - - [03/Jun/2024:16:10:30 +0800] "GET /wp-includes/js/wp-embed.min.js?ver=5.6.6 HTTP/1.1" 200 1426 "http://blog.anishell.cn/" "Mozilla/5.0 (Windows NT 10.0; Win64; x64; rv:126.0) Gecko/20100101 Firefox/126.0"
221.217.54.148 - - [03/Jun/2024:16:10:30 +0800] "GET /wp-includes/js/wp-emoji-release.min.js?ver=5.6.6 HTTP/1.1" 200 14229 "http://blog.anishell.cn/" "Mozilla/5.0 (Windows NT 10.0; Win64; x64; rv:126.0) Gecko/20100101 Firefox/126.0"
221.217.54.148 - - [03/Jun/2024:16:10:30 +0800] "GET /wp-content/themes/twentytwentyone/style.css?ver=1.1 HTTP/1.1" 200 152103 "http://blog.anishell.cn/" "Mozilla/5.0 (Windows NT 10.0; Win64; x64; rv:126.0) Gecko/20100101 Firefox/126.0"
221.217.54.148 - - [03/Jun/2024:16:10:30 +0800] "GET /wp-content/themes/twentytwentyone/assets/css/print.css?ver=1.1 HTTP/1.1" 200 2897 "http://blog.anishell.cn/" "Mozilla/5.0 (Windows NT 10.0; Win64; x64; rv:126.0) Gecko/20100101 Firefox/126.0"
106.120.13.53 - - [03/Jun/2024:16:10:30 +0800] "GET / HTTP/1.1" 200 9859 "-" "Mozilla/5.0 (Windows NT 10.0; Win64; x64) AppleWebKit/537.36 (KHTML, like Gecko) Chrome/115.0.0.0 Safari/537.36 Edg/115.0.1901.188"
106.120.13.53 - - [03/Jun/2024:16:10:30 +0800] "GET /wp-includes/css/dist/block-library/style.min.css?ver=5.6.6 HTTP/1.1" 200 51338 "http://1.92.107.167/" "Mozilla/5.0 (Windows NT 10.0; Win64; x64) AppleWebKit/537.36 (KHTML, like Gecko) Chrome/115.0.0.0 Safari/537.36 Edg/115.0.1901.188"
106.120.13.53 - - [03/Jun/2024:16:10:30 +0800] "GET /wp-includes/css/dist/block-library/theme.min.css?ver=5.6.6 HTTP/1.1" 200 2297 "http://1.92.107.167/" "Mozilla/5.0 (Windows NT 10.0; Win64; x64) AppleWebKit/537.36 (KHTML, like Gecko) Chrome/115.0.0.0 Safari/537.36 Edg/115.0.1901.188"
106.120.13.53 - - [03/Jun/2024:16:10:30 +0800] "GET /wp-content/themes/twentytwentyone/assets/js/responsive-embeds.js?ver=1.1 HTTP/1.1" 200 1127 "http://1.92.107.167/" "Mozilla/5.0 (Windows NT 10.0; Win64; x64) AppleWebKit/537.36 (KHTML, like Gecko) Chrome/115.0.0.0 Safari/537.36 Edg/115.0.1901.188"
106.120.13.53 - - [03/Jun/2024:16:10:30 +0800] "GET /wp-includes/js/wp-embed.min.js?ver=5.6.6 HTTP/1.1" 200 1426 "http://1.92.107.167/" "Mozilla/5.0 (Windows NT 10.0; Win64; x64) AppleWebKit/537.36 (KHTML, like Gecko) Chrome/115.0.0.0 Safari/537.36 Edg/115.0.1901.188"
106.120.13.53 - - [03/Jun/2024:16:10:30 +0800] "GET /wp-content/themes/twentytwentyone/style.css?ver=1.1 HTTP/1.1" 200 152103 "http://1.92.107.167/" "Mozilla/5.0 (Windows NT 10.0; Win64; x64) AppleWebKit/537.36 (KHTML, like Gecko) Chrome/115.0.0.0 Safari/537.36 Edg/115.0.1901.188"
106.120.13.53 - - [03/Jun/2024:16:10:31 +0800] "GET /wp-includes/js/wp-emoji-release.min.js?ver=5.6.6 HTTP/1.1" 200 14229 "http://1.92.107.167/" "Mozilla/5.0 (Windows NT 10.0; Win64; x64) AppleWebKit/537.36 (KHTML, like Gecko) Chrome/115.0.0.0 Safari/537.36 Edg/115.0.1901.188"
106.120.13.53 - - [03/Jun/2024:16:10:31 +0800] "GET /wp-content/themes/twentytwentyone/assets/css/print.css?ver=1.1 HTTP/1.1" 200 2897 "http://1.92.107.167/" "Mozilla/5.0 (Windows NT 10.0; Win64; x64) AppleWebKit/537.36 (KHTML, like Gecko) Chrome/115.0.0.0 Safari/537.36 Edg/115.0.1901.188"
106.120.13.53 - - [03/Jun/2024:16:10:31 +0800] "GET /favicon.ico HTTP/1.1" 404 209 "http://1.92.107.167/" "Mozilla/5.0 (Windows NT 10.0; Win64; x64) AppleWebKit/537.36 (KHTML, like Gecko) Chrome/115.0.0.0 Safari/537.36 Edg/115.0.1901.188"
::1 - - [03/Jun/2024:16:10:35 +0800] "OPTIONS * HTTP/1.0" 200 - "-" "Apache/2.4.6 (CentOS) PHP/7.2.34 (internal dummy connection)"
106.120.13.53 - - [03/Jun/2024:16:10:36 +0800] "GET /index.php/2024/06/03/hello-world/ HTTP/1.1" 200 14815 "http://1.92.107.167/" "Mozilla/5.0 (Windows NT 10.0; Win64; x64) AppleWebKit/537.36 (KHTML, like Gecko) Chrome/115.0.0.0 Safari/537.36 Edg/115.0.1901.188"
::1 - - [03/Jun/2024:16:10:36 +0800] "OPTIONS * HTTP/1.0" 200 - "-" "Apache/2.4.6 (CentOS) PHP/7.2.34 (internal dummy connection)"
106.120.13.53 - - [03/Jun/2024:16:10:36 +0800] "GET /wp-includes/js/comment-reply.min.js?ver=5.6.6 HTTP/1.1" 200 2984 "http://1.92.107.167/index.php/2024/06/03/hello-world/" "Mozilla/5.0 (Windows NT 10.0; Win64; x64) AppleWebKit/537.36 (KHTML, like Gecko) Chrome/115.0.0.0 Safari/537.36 Edg/115.0.1901.188"
::1 - - [03/Jun/2024:16:10:37 +0800] "OPTIONS * HTTP/1.0" 200 - "-" "Apache/2.4.6 (CentOS) PHP/7.2.34 (internal dummy connection)"
::1 - - [03/Jun/2024:16:10:38 +0800] "OPTIONS * HTTP/1.0" 200 - "-" "Apache/2.4.6 (CentOS) PHP/7.2.34 (internal dummy connection)"
106.120.13.53 - - [03/Jun/2024:16:10:39 +0800] "GET / HTTP/1.1" 200 9859 "http://1.92.107.167/index.php/2024/06/03/hello-world/" "Mozilla/5.0 (Windows NT 10.0; Win64; x64) AppleWebKit/537.36 (KHTML, like Gecko) Chrome/115.0.0.0 Safari/537.36 Edg/115.0.1901.188"
