::1 - - [03/Jun/2024:16:10:39 +0800] "OPTIONS * HTTP/1.0" 200 - "-" "Apache/2.4.6 (CentOS) PHP/7.2.34 (internal dummy connection)"
::1 - - [03/Jun/2024:16:10:40 +0800] "OPTIONS * HTTP/1.0" 200 - "-" "Apache/2.4.6 (CentOS) PHP/7.2.34 (internal dummy connection)"
106.120.13.53 - - [03/Jun/2024:16:10:46 +0800] "GET /index.php/2024/06/03/hello-world/ HTTP/1.1" 200 14815 "http://1.92.107.167/" "Mozilla/5.0 (Windows NT 10.0; Win64; x64) AppleWebKit/537.36 (KHTML, like Gecko) Chrome/115.0.0.0 Safari/537.36 Edg/115.0.1901.188"
221.217.54.148 - - [03/Jun/2024:16:10:52 +0800] "GET /index.php/2024/06/03/hello-world/ HTTP/1.1" 200 14815 "http://1.92.107.167/" "Mozilla/5.0 (Windows NT 10.0; Win64; x64; rv:126.0) Gecko/20100101 Firefox/126.0"
221.217.54.148 - - [03/Jun/2024:16:10:52 +0800] "GET /wp-includes/js/comment-reply.min.js?ver=5.6.6 HTTP/1.1" 200 2984 "http://1.92.107.167/index.php/2024/06/03/hello-world/" "Mozilla/5.0 (Windows NT 10.0; Win64; x64; rv:126.0) Gecko/20100101 Firefox/126.0"
221.217.54.148 - - [03/Jun/2024:16:10:53 +0800] "-" 408 - "-" "-"
123.117.34.38 - - [03/Jun/2024:16:10:55 +0800] "GET /wp-admin HTTP/1.1" 301 237 "-" "Mozilla/5.0 (Windows NT 10.0; Win64; x64) AppleWebKit/537.36 (KHTML, like Gecko) Chrome/125.0.0.0 Safari/537.36"
123.117.34.38 - - [03/Jun/2024:16:10:55 +0800] "GET /wp-admin/ HTTP/1.1" 302 - "-" "Mozilla/5.0 (Windows NT 10.0; Win64; x64) AppleWebKit/537.36 (KHTML, like Gecko) Chrome/125.0.0.0 Safari/537.36"
123.117.34.38 - - [03/Jun/2024:16:10:55 +0800] "GET /wp-login.php?redirect_to=http%3A%2F%2F1.92.107.167%2Fwp-admin%2F&reauth=1 HTTP/1.1" 200 7775 "-" "Mozilla/5.0 (Windows NT 10.0; Win64; x64) AppleWebKit/537.36 (KHTML, like Gecko) Chrome/125.0.0.0 Safari/537.36"
123.117.34.38 - - [03/Jun/2024:16:10:55 +0800] "GET /wp-includes/css/dashicons.min.css?ver=5.6.6 HTTP/1.1" 200 59016 "http://1.92.107.167/wp-login.php?redirect_to=http%3A%2F%2F1.92.107.167%2Fwp-admin%2F&reauth=1" "Mozilla/5.0 (Windows NT 10.0; Win64; x64) AppleWebKit/537.36 (KHTML, like Gecko) Chrome/125.0.0.0 Safari/537.36"
123.117.34.38 - - [03/Jun/2024:16:10:55 +0800] "GET /wp-includes/css/buttons.min.css?ver=5.6.6 HTTP/1.1" 200 5845 "http://1.92.107.167/wp-login.php?redirect_to=http%3A%2F%2F1.92.107.167%2Fwp-admin%2F&reauth=1" "Mozilla/5.0 (Windows NT 10.0; Win64; x64) AppleWebKit/537.36 (KHTML, like Gecko) Chrome/125.0.0.0 Safari/537.36"
123.117.34.38 - - [03/Jun/2024:16:10:55 +0800] "GET /wp-admin/css/forms.min.css?ver=5.6.6 HTTP/1.1" 200 25083 "http://1.92.107.167/wp-login.php?redirect_to=http%3A%2F%2F1.92.107.167%2Fwp-admin%2F&reauth=1" "Mozilla/5.0 (Windows NT 10.0; Win64; x64) AppleWebKit/537.36 (KHTML, like Gecko) Chrome/125.0.0.0 Safari/537.36"
123.117.34.38 - - [03/Jun/2024:16:10:55 +0800] "GET /wp-admin/css/l10n.min.css?ver=5.6.6 HTTP/1.1" 200 2477 "http://1.92.107.167/wp-login.php?redirect_to=http%3A%2F%2F1.92.107.167%2Fwp-admin%2F&reauth=1" "Mozilla/5.0 (Windows NT 10.0; Win64; x64) AppleWebKit/537.36 (KHTML, like Gecko) Chrome/125.0.0.0 Safari/537.36"
123.117.34.38 - - [03/Jun/2024:16:10:55 +0800] "GET /wp-admin/css/login.min.css?ver=5.6.6 HTTP/1.1" 200 5486 "http://1.92.107.167/wp-login.php?redirect_to=http%3A%2F%2F1.92.107.167%2Fwp-admin%2F&reauth=1" "Mozilla/5.0 (Windows NT 10.0; Win64; x64) AppleWebKit/537.36 (KHTML, like Gecko) Chrome/125.0.0.0 Safari/537.36"
123.117.34.38 - - [03/Jun/2024:16:10:55 +0800] "GET /wp-includes/js/jquery/jquery-migrate.min.js?ver=3.3.2 HTTP/1.1" 200 11224 "http://1.92.107.167/wp-login.php?redirect_to=http%3A%2F%2F1.92.107.167%2Fwp-admin%2F&reauth=1" "Mozilla/5.0 (Windows NT 10.0; Win64; x64) AppleWebKit/537.36 (KHTML, like Gecko) Chrome/125.0.0.0 Safari/537.36"
123.117.34.38 - - [03/Jun/2024:16:10:55 +0800] "GET /wp-includes/js/zxcvbn-async.min.js?ver=1.0 HTTP/1.1" 200 351 "http://1.92.107.167/wp-login.php?redirect_to=http%3A%2F%2F1.92.107.167%2Fwp-admin%2F&reauth=1" "Mozilla/5.0 (Windows NT 10.0; Win64; x64) AppleWebKit/537.36 (KHTML, like Gecko) Chrome/125.0.0.0 Safari/537.36"
123.117.34.38 - - [03/Jun/2024:16:10:55 +0800] "GET /wp-includes/js/dist/i18n.min.js?ver=9e36b5da09c96c657b0297fd6f7cb1fd HTTP/1.1" 200 9558 "http://1.92.107.167/wp-login.php?redirect_to=http%3A%2F%2F1.92.107.167%2Fwp-admin%2F&reauth=1" "Mozilla/5.0 (Windows NT 10.0; Win64; x64) AppleWebKit/537.36 (KHTML, like Gecko) Chrome/125.0.0.0 Safari/537.36"
123.117.34.38 - - [03/Jun/2024:16:10:55 +0800] "GET /wp-admin/js/password-strength-meter.min.js?ver=5.6.6 HTTP/1.1" 200 1119 "http://1.92.107.167/wp-login.php?redirect_to=http%3A%2F%2F1.92.107.167%2Fwp-admin%2F&reauth=1" "Mozilla/5.0 (Windows NT 10.0; Win64; x64) AppleWebKit/537.36 (KHTML, like Gecko) Chrome/125.0.0.0 Safari/537.36"
123.117.34.38 - - [03/Jun/2024:16:10:55 +0800] "GET /wp-includes/js/underscore.min.js?ver=1.8.3 HTTP/1.1" 200 16045 "http://1.92.107.167/wp-login.php?redirect_to=http%3A%2F%2F1.92.107.167%2Fwp-admin%2F&reauth=1" "Mozilla/5.0 (Windows NT 10.0; Win64; x64) AppleWebKit/537.36 (KHTML, like Gecko) Chrome/125.0.0.0 Safari/537.36"
123.117.34.38 - - [03/Jun/2024:16:10:55 +0800] "GET /wp-includes/js/wp-util.min.js?ver=5.6.6 HTTP/1.1" 200 1077 "http://1.92.107.167/wp-login.php?redirect_to=http%3A%2F%2F1.92.107.167%2Fwp-admin%2F&reauth=1" "Mozilla/5.0 (Windows NT 10.0; Win64; x64) AppleWebKit/537.36 (KHTML, like Gecko) Chrome/125.0.0.0 Safari/537.36"
123.117.34.38 - - [03/Jun/2024:16:10:55 +0800] "GET /wp-admin/js/user-profile.min.js?ver=5.6.6 HTTP/1.1" 200 5463 "http://1.92.107.167/wp-login.php?redirect_to=http%3A%2F%2F1.92.107.167%2Fwp-admin%2F&reauth=1" "Mozilla/5.0 (Windows NT 10.0; Win64; x64) AppleWebKit/537.36 (KHTML, like Gecko) Chrome/125.0.0.0 Safari/537.36"
123.117.34.38 - - [03/Jun/2024:16:10:55 +0800] "GET /wp-admin/images/wordpress-logo.svg?ver=20131107 HTTP/1.1" 200 1521 "http://1.92.107.167/wp-admin/css/login.min.css?ver=5.6.6" "Mozilla/5.0 (Windows NT 10.0; Win64; x64) AppleWebKit/537.36 (KHTML, like Gecko) Chrome/125.0.0.0 Safari/537.36"
123.117.34.38 - - [03/Jun/2024:16:10:55 +0800] "GET /wp-includes/js/dist/vendor/wp-polyfill.min.js?ver=7.4.4 HTTP/1.1" 200 99310 "http://1.92.107.167/wp-login.php?redirect_to=http%3A%2F%2F1.92.107.167%2Fwp-admin%2F&reauth=1" "Mozilla/5.0 (Windows NT 10.0; Win64; x64) AppleWebKit/537.36 (KHTML, like Gecko) Chrome/125.0.0.0 Safari/537.36"
123.117.34.38 - - [03/Jun/2024:16:10:55 +0800] "GET /wp-includes/js/jquery/jquery.min.js?ver=3.5.1 HTTP/1.1" 200 89496 "http://1.92.107.167/wp-login.php?redirect_to=http%3A%2F%2F1.92.107.167%2Fwp-admin%2F&reauth=1" "Mozilla/5.0 (Windows NT 10.0; Win64; x64) AppleWebKit/537.36 (KHTML, like Gecko) Chrome/125.0.0.0 Safari/537.36"
123.117.34.38 - - [03/Jun/2024:16:10:55 +0800] "GET /wp-includes/js/zxcvbn.min.js HTTP/1.1" 200 822237 "http://1.92.107.167/wp-login.php?redirect_to=http%3A%2F%2F1.92.107.167%2Fwp-admin%2F&reauth=1" "Mozilla/5.0 (Windows NT 10.0; Win64; x64) AppleWebKit/537.36 (KHTML, like Gecko) Chrome/125.0.0.0 Safari/537.36"
::1 - - [03/Jun/2024:16:11:02 +0800] "OPTIONS * HTTP/1.0" 200 - "-" "Apache/2.4.6 (CentOS) PHP/7.2.34 (internal dummy connection)"
123.117.34.38 - - [03/Jun/2024:16:11:03 +0800] "GET / HTTP/1.1" 200 9859 "http://1.92.107.167/index.php/2024/06/03/hello-world/" "Mozilla/5.0 (Windows NT 10.0; Win64; x64; rv:126.0) Gecko/20100101 Firefox/126.0"
123.117.34.38 - - [03/Jun/2024:16:11:07 +0800] "POST /wp-login.php HTTP/1.1" 200 8045 "http://1.92.107.167/wp-login.php?redirect_to=http%3A%2F%2F1.92.107.167%2Fwp-admin%2F&reauth=1" "Mozilla/5.0 (Windows NT 10.0; Win64; x64) AppleWebKit/537.36 (KHTML, like Gecko) Chrome/125.0.0.0 Safari/537.36"
::1 - - [03/Jun/2024:16:11:13 +0800] "OPTIONS * HTTP/1.0" 200 - "-" "Apache/2.4.6 (CentOS) PHP/7.2.34 (internal dummy connection)"
221.217.54.148 - - [03/Jun/2024:16:11:19 +0800] "-" 408 - "-" "-"
::1 - - [03/Jun/2024:16:11:20 +0800] "OPTIONS * HTTP/1.0" 200 - "-" "Apache/2.4.6 (CentOS) PHP/7.2.34 (internal dummy connection)"
106.120.13.53 - - [03/Jun/2024:16:11:22 +0800] "GET /index.php/2024/06/03/hello-world/ HTTP/1.1" 200 14815 "-" "Mozilla/5.0 (Windows NT 10.0; Win64; x64; rv:126.0) Gecko/20100101 Firefox/126.0"
106.120.13.53 - - [03/Jun/2024:16:11:22 +0800] "GET /wp-includes/js/wp-emoji-release.min.js?ver=5.6.6 HTTP/1.1" 200 14229 "http://1.92.107.167/index.php/2024/06/03/hello-world/" "Mozilla/5.0 (Windows NT 10.0; Win64; x64; rv:126.0) Gecko/20100101 Firefox/126.0"
123.117.34.38 - - [03/Jun/2024:16:11:33 +0800] "POST /wp-login.php HTTP/1.1" 302 - "http://1.92.107.167/wp-login.php" "Mozilla/5.0 (Windows NT 10.0; Win64; x64) AppleWebKit/537.36 (KHTML, like Gecko) Chrome/125.0.0.0 Safari/537.36"
1.92.107.167 - - [03/Jun/2024:16:11:34 +0800] "POST /wp-cron.php?doing_wp_cron=1717402294.8131439685821533203125 HTTP/1.1" 200 - "http://1.92.107.167/wp-cron.php?doing_wp_cron=1717402294.8131439685821533203125" "WordPress/5.6.6; http://1.92.107.167"
123.117.34.38 - - [03/Jun/2024:16:11:34 +0800] "POST /wp-login.php HTTP/1.1" 302 - "http://1.92.107.167/wp-login.php" "Mozilla/5.0 (Windows NT 10.0; Win64; x64) AppleWebKit/537.36 (KHTML, like Gecko) Chrome/125.0.0.0 Safari/537.36"
123.117.34.38 - - [03/Jun/2024:16:11:33 +0800] "GET /wp-admin/ HTTP/1.1" 200 41809 "http://1.92.107.167/wp-login.php" "Mozilla/5.0 (Windows NT 10.0; Win64; x64) AppleWebKit/537.36 (KHTML, like Gecko) Chrome/125.0.0.0 Safari/537.36"
123.117.34.38 - - [03/Jun/2024:16:11:35 +0800] "GET /wp-includes/js/thickbox/thickbox.css?ver=5.6.6 HTTP/1.1" 200 2659 "http://1.92.107.167/wp-admin/" "Mozilla/5.0 (Windows NT 10.0; Win64; x64) AppleWebKit/537.36 (KHTML, like Gecko) Chrome/125.0.0.0 Safari/537.36"
123.117.34.38 - - [03/Jun/2024:16:11:35 +0800] "GET /wp-admin/load-styles.php?c=0&dir=ltr&load%5Bchunk_0%5D=dashicons,admin-bar,site-health,common,forms,admin-menu,dashboard,list-tables,edit,revisions,media,themes,about,nav-menus,wp-poi&load%5Bchunk_1%5D=nter,widgets,site-icon,l10n,buttons,wp-auth-check&ver=5.6.6 HTTP/1.1" 200 379494 "http://1.92.107.167/wp-admin/" "Mozilla/5.0 (Windows NT 10.0; Win64; x64) AppleWebKit/537.36 (KHTML, like Gecko) Chrome/125.0.0.0 Safari/537.36"
123.117.34.38 - - [03/Jun/2024:16:11:35 +0800] "GET /wp-admin/load-scripts.php?c=0&load%5Bchunk_0%5D=jquery-core,jquery-migrate,utils&ver=5.6.6 HTTP/1.1" 200 102587 "http://1.92.107.167/wp-admin/" "Mozilla/5.0 (Windows NT 10.0; Win64; x64) AppleWebKit/537.36 (KHTML, like Gecko) Chrome/125.0.0.0 Safari/537.36"
123.117.34.38 - - [03/Jun/2024:16:11:34 +0800] "GET /wp-admin/ HTTP/1.1" 200 86566 "http://1.92.107.167/wp-login.php" "Mozilla/5.0 (Windows NT 10.0; Win64; x64) AppleWebKit/537.36 (KHTML, like Gecko) Chrome/125.0.0.0 Safari/537.36"
123.117.34.38 - - [03/Jun/2024:16:11:37 +0800] "GET /wp-includes/css/editor.min.css?ver=5.6.6 HTTP/1.1" 200 27175 "http://1.92.107.167/wp-admin/" "Mozilla/5.0 (Windows NT 10.0; Win64; x64) AppleWebKit/537.36 (KHTML, like Gecko) Chrome/125.0.0.0 Safari/537.36"
123.117.34.38 - - [03/Jun/2024:16:11:37 +0800] "GET /wp-admin/js/common.min.js?ver=5.6.6 HTTP/1.1" 200 19669 "http://1.92.107.167/wp-admin/" "Mozilla/5.0 (Windows NT 10.0; Win64; x64) AppleWebKit/537.36 (KHTML, like Gecko) Chrome/125.0.0.0 Safari/537.36"
123.117.34.38 - - [03/Jun/2024:16:11:37 +0800] "GET /wp-admin/load-scripts.php?c=0&load%5Bchunk_0%5D=hoverIntent&ver=5.6.6 HTTP/1.1" 200 1123 "http://1.92.107.167/wp-admin/" "Mozilla/5.0 (Windows NT 10.0; Win64; x64) AppleWebKit/537.36 (KHTML, like Gecko) Chrome/125.0.0.0 Safari/537.36"
123.117.34.38 - - [03/Jun/2024:16:11:37 +0800] "GET /wp-includes/js/hoverintent-js.min.js?ver=2.2.1 HTTP/1.1" 200 1718 "http://1.92.107.167/wp-admin/" "Mozilla/5.0 (Windows NT 10.0; Win64; x64) AppleWebKit/537.36 (KHTML, like Gecko) Chrome/125.0.0.0 Safari/537.36"
123.117.34.38 - - [03/Jun/2024:16:11:37 +0800] "GET /wp-includes/js/dist/dom-ready.min.js?ver=93db39f6fe07a70cb9217310bec0a531 HTTP/1.1" 200 1225 "http://1.92.107.167/wp-admin/" "Mozilla/5.0 (Windows NT 10.0; Win64; x64) AppleWebKit/537.36 (KHTML, like Gecko) Chrome/125.0.0.0 Safari/537.36"
123.117.34.38 - - [03/Jun/2024:16:11:37 +0800] "GET /wp-includes/js/admin-bar.min.js?ver=5.6.6 HTTP/1.1" 200 3556 "http://1.92.107.167/wp-admin/" "Mozilla/5.0 (Windows NT 10.0; Win64; x64) AppleWebKit/537.36 (KHTML, like Gecko) Chrome/125.0.0.0 Safari/537.36"
123.117.34.38 - - [03/Jun/2024:16:11:37 +0800] "GET /wp-includes/js/clipboard.min.js?ver=5.6.6 HTTP/1.1" 200 10419 "http://1.92.107.167/wp-admin/" "Mozilla/5.0 (Windows NT 10.0; Win64; x64) AppleWebKit/537.36 (KHTML, like Gecko) Chrome/125.0.0.0 Safari/537.36"
123.117.34.38 - - [03/Jun/2024:16:11:37 +0800] "GET /wp-includes/js/dist/a11y.min.js?ver=f23e5b9c6e4214e0ec04d318a7c9f898 HTTP/1.1" 200 3083 "http://1.92.107.167/wp-admin/" "Mozilla/5.0 (Windows NT 10.0; Win64; x64) AppleWebKit/537.36 (KHTML, like Gecko) Chrome/125.0.0.0 Safari/537.36"
123.117.34.38 - - [03/Jun/2024:16:11:37 +0800] "GET /wp-includes/js/api-request.min.js?ver=5.6.6 HTTP/1.1" 200 1025 "http://1.92.107.167/wp-admin/" "Mozilla/5.0 (Windows NT 10.0; Win64; x64) AppleWebKit/537.36 (KHTML, like Gecko) Chrome/125.0.0.0 Safari/537.36"
123.117.34.38 - - [03/Jun/2024:16:11:37 +0800] "GET /wp-includes/js/dist/vendor/lodash.min.js?ver=4.17.21 HTTP/1.1" 200 73015 "http://1.92.107.167/wp-admin/" "Mozilla/5.0 (Windows NT 10.0; Win64; x64) AppleWebKit/537.36 (KHTML, like Gecko) Chrome/125.0.0.0 Safari/537.36"
123.117.34.38 - - [03/Jun/2024:16:11:37 +0800] "GET /wp-includes/js/dist/url.min.js?ver=1b4bb2b3f526a1db366ca3147ac39562 HTTP/1.1" 200 13851 "http://1.92.107.167/wp-admin/" "Mozilla/5.0 (Windows NT 10.0; Win64; x64) AppleWebKit/537.36 (KHTML, like Gecko) Chrome/125.0.0.0 Safari/537.36"
123.117.34.38 - - [03/Jun/2024:16:11:37 +0800] "GET /wp-admin/js/site-health.min.js?ver=5.6.6 HTTP/1.1" 200 5994 "http://1.92.107.167/wp-admin/" "Mozilla/5.0 (Windows NT 10.0; Win64; x64) AppleWebKit/537.36 (KHTML, like Gecko) Chrome/125.0.0.0 Safari/537.36"
123.117.34.38 - - [03/Jun/2024:16:11:37 +0800] "GET /wp-includes/js/wp-ajax-response.min.js?ver=5.6.6 HTTP/1.1" 200 2093 "http://1.92.107.167/wp-admin/" "Mozilla/5.0 (Windows NT 10.0; Win64; x64) AppleWebKit/537.36 (KHTML, like Gecko) Chrome/125.0.0.0 Safari/537.36"
123.117.34.38 - - [03/Jun/2024:16:11:37 +0800] "GET /wp-includes/js/jquery/jquery.color.min.js?ver=2.1.2 HTTP/1.1" 200 9315 "http://1.92.107.167/wp-admin/" "Mozilla/5.0 (Windows NT 10.0; Win64; x64) AppleWebKit/537.36 (KHTML, like Gecko) Chrome/125.0.0.0 Safari/537.36"
123.117.34.38 - - [03/Jun/2024:16:11:37 +0800] "GET /wp-includes/js/wp-lists.min.js?ver=5.6.6 HTTP/1.1" 200 7406 "http://1.92.107.167/wp-admin/" "Mozilla/5.0 (Windows NT 10.0; Win64; x64) AppleWebKit/537.36 (KHTML, like Gecko) Chrome/125.0.0.0 Safari/537.36"
123.117.34.38 - - [03/Jun/2024:16:11:37 +0800] "GET /wp-includes/js/quicktags.min.js?ver=5.6.6 HTTP/1.1" 200 11149 "http://1.92.107.167/wp-admin/" "Mozilla/5.0 (Windows NT 10.0; Win64; x64) AppleWebKit/537.36 (KHTML, like Gecko) Chrome/125.0.0.0 Safari/537.36"
123.117.34.38 - - [03/Jun/2024:16:11:37 +0800] "GET /wp-includes/js/jquery/jquery.query.js?ver=2.1.7 HTTP/1.1" 200 3785 "http://1.92.107.167/wp-admin/" "Mozilla/5.0 (Windows NT 10.0; Win64; x64) AppleWebKit/537.36 (KHTML, like Gecko) Chrome/125.0.0.0 Safari/537.36"
123.117.34.38 - - [03/Jun/2024:16:11:37 +0800] "GET /wp-admin/js/edit-comments.min.js?ver=5.6.6 HTTP/1.1" 200 15185 "http://1.92.107.167/wp-admin/" "Mozilla/5.0 (Windows NT 10.0; Win64; x64) AppleWebKit/537.36 (KHTML, like Gecko) Chrome/125.0.0.0 Safari/537.36"
123.117.34.38 - - [03/Jun/2024:16:11:37 +0800] "GET /wp-includes/js/jquery/ui/core.min.js?ver=1.12.1 HTTP/1.1" 200 20787 "http://1.92.107.167/wp-admin/" "Mozilla/5.0 (Windows NT 10.0; Win64; x64) AppleWebKit/537.36 (KHTML, like Gecko) Chrome/125.0.0.0 Safari/537.36"
123.117.34.38 - - [03/Jun/2024:16:11:37 +0800] "GET /wp-includes/js/jquery/ui/mouse.min.js?ver=1.12.1 HTTP/1.1" 200 3380 "http://1.92.107.167/wp-admin/" "Mozilla/5.0 (Windows NT 10.0; Win64; x64) AppleWebKit/537.36 (KHTML, like Gecko) Chrome/125.0.0.0 Safari/537.36"
123.117.34.38 - - [03/Jun/2024:16:11:37 +0800] "GET /wp-includes/js/jquery/ui/sortable.min.js?ver=1.12.1 HTTP/1.1" 200 24782 "http://1.92.107.167/wp-admin/" "Mozilla/5.0 (Windows NT 10.0; Win64; x64) AppleWebKit/537.36 (KHTML, like Gecko) Chrome/125.0.0.0 Safari/537.36"
123.117.34.38 - - [03/Jun/2024:16:11:37 +0800] "GET /wp-admin/js/postbox.min.js?ver=5.6.6 HTTP/1.1" 200 6677 "http://1.92.107.167/wp-admin/" "Mozilla/5.0 (Windows NT 10.0; Win64; x64) AppleWebKit/537.36 (KHTML, like Gecko) Chrome/125.0.0.0 Safari/537.36"
123.117.34.38 - - [03/Jun/2024:16:11:37 +0800] "GET /wp-includes/js/dist/vendor/moment.min.js?ver=2.26.0 HTTP/1.1" 200 58318 "http://1.92.107.167/wp-admin/" "Mozilla/5.0 (Windows NT 10.0; Win64; x64) AppleWebKit/537.36 (KHTML, like Gecko) Chrome/125.0.0.0 Safari/537.36"
123.117.34.38 - - [03/Jun/2024:16:11:37 +0800] "GET /wp-admin/js/dashboard.min.js?ver=5.6.6 HTTP/1.1" 200 8767 "http://1.92.107.167/wp-admin/" "Mozilla/5.0 (Windows NT 10.0; Win64; x64) AppleWebKit/537.36 (KHTML, like Gecko) Chrome/125.0.0.0 Safari/537.36"
123.117.34.38 - - [03/Jun/2024:16:11:37 +0800] "GET /wp-includes/js/thickbox/thickbox.js?ver=3.1-20121105 HTTP/1.1" 200 13163 "http://1.92.107.167/wp-admin/" "Mozilla/5.0 (Windows NT 10.0; Win64; x64) AppleWebKit/537.36 (KHTML, like Gecko) Chrome/125.0.0.0 Safari/537.36"
123.117.34.38 - - [03/Jun/2024:16:11:37 +0800] "GET /wp-includes/js/dist/date.min.js?ver=b84140e458419d65dfa2492ed2e6745e HTTP/1.1" 200 204063 "http://1.92.107.167/wp-admin/" "Mozilla/5.0 (Windows NT 10.0; Win64; x64) AppleWebKit/537.36 (KHTML, like Gecko) Chrome/125.0.0.0 Safari/537.36"
123.117.34.38 - - [03/Jun/2024:16:11:37 +0800] "GET /wp-admin/js/plugin-install.min.js?ver=5.6.6 HTTP/1.1" 200 2373 "http://1.92.107.167/wp-admin/" "Mozilla/5.0 (Windows NT 10.0; Win64; x64) AppleWebKit/537.36 (KHTML, like Gecko) Chrome/125.0.0.0 Safari/537.36"
123.117.34.38 - - [03/Jun/2024:16:11:37 +0800] "GET /wp-includes/js/wp-sanitize.min.js?ver=5.6.6 HTTP/1.1" 200 458 "http://1.92.107.167/wp-admin/" "Mozilla/5.0 (Windows NT 10.0; Win64; x64) AppleWebKit/537.36 (KHTML, like Gecko) Chrome/125.0.0.0 Safari/537.36"
123.117.34.38 - - [03/Jun/2024:16:11:37 +0800] "GET /wp-admin/js/updates.min.js?ver=5.6.6 HTTP/1.1" 200 40826 "http://1.92.107.167/wp-admin/" "Mozilla/5.0 (Windows NT 10.0; Win64; x64) AppleWebKit/537.36 (KHTML, like Gecko) Chrome/125.0.0.0 Safari/537.36"
123.117.34.38 - - [03/Jun/2024:16:11:37 +0800] "GET /wp-includes/js/shortcode.min.js?ver=5.6.6 HTTP/1.1" 200 2650 "http://1.92.107.167/wp-admin/" "Mozilla/5.0 (Windows NT 10.0; Win64; x64) AppleWebKit/537.36 (KHTML, like Gecko) Chrome/125.0.0.0 Safari/537.36"
123.117.34.38 - - [03/Jun/2024:16:11:37 +0800] "GET /wp-admin/js/media-upload.min.js?ver=5.6.6 HTTP/1.1" 200 1147 "http://1.92.107.167/wp-admin/" "Mozilla/5.0 (Windows NT 10.0; Win64; x64) AppleWebKit/537.36 (KHTML, like Gecko) Chrome/125.0.0.0 Safari/537.36"
123.117.34.38 - - [03/Jun/2024:16:11:37 +0800] "GET /wp-admin/js/svg-painter.js?ver=5.6.6 HTTP/1.1" 200 5532 "http://1.92.107.167/wp-admin/" "Mozilla/5.0 (Windows NT 10.0; Win64; x64) AppleWebKit/537.36 (KHTML, like Gecko) Chrome/125.0.0.0 Safari/537.36"
123.117.34.38 - - [03/Jun/2024:16:11:37 +0800] "GET /wp-includes/js/dist/hooks.min.js?ver=d0d9f43e03080e6ace9a3dabbd5f9eee HTTP/1.1" 200 6208 "http://1.92.107.167/wp-admin/" "Mozilla/5.0 (Windows NT 10.0; Win64; x64) AppleWebKit/537.36 (KHTML, like Gecko) Chrome/125.0.0.0 Safari/537.36"
123.117.34.38 - - [03/Jun/2024:16:11:37 +0800] "GET /wp-includes/js/heartbeat.min.js?ver=5.6.6 HTTP/1.1" 200 5883 "http://1.92.107.167/wp-admin/" "Mozilla/5.0 (Windows NT 10.0; Win64; x64) AppleWebKit/537.36 (KHTML, like Gecko) Chrome/125.0.0.0 Safari/537.36"
123.117.34.38 - - [03/Jun/2024:16:11:37 +0800] "GET /wp-includes/js/wp-auth-check.min.js?ver=5.6.6 HTTP/1.1" 200 1674 "http://1.92.107.167/wp-admin/" "Mozilla/5.0 (Windows NT 10.0; Win64; x64) AppleWebKit/537.36 (KHTML, like Gecko) Chrome/125.0.0.0 Safari/537.36"
123.117.34.38 - - [03/Jun/2024:16:11:37 +0800] "GET /wp-includes/js/wplink.min.js?ver=5.6.6 HTTP/1.1" 200 11213 "http://1.92.107.167/wp-admin/" "Mozilla/5.0 (Windows NT 10.0; Win64; x64) AppleWebKit/537.36 (KHTML, like Gecko) Chrome/125.0.0.0 Safari/537.36"
123.117.34.38 - - [03/Jun/2024:16:11:37 +0800] "GET /wp-includes/js/jquery/ui/menu.min.js?ver=1.12.1 HTTP/1.1" 200 9531 "http://1.92.107.167/wp-admin/" "Mozilla/5.0 (Windows NT 10.0; Win64; x64) AppleWebKit/537.36 (KHTML, like Gecko) Chrome/125.0.0.0 Safari/537.36"
123.117.34.38 - - [03/Jun/2024:16:11:37 +0800] "GET /wp-includes/js/jquery/ui/autocomplete.min.js?ver=1.12.1 HTTP/1.1" 200 8539 "http://1.92.107.167/wp-admin/" "Mozilla/5.0 (Windows NT 10.0; Win64; x64) AppleWebKit/537.36 (KHTML, like Gecko) Chrome/125.0.0.0 Safari/537.36"
123.117.34.38 - - [03/Jun/2024:16:11:37 +0800] "GET /wp-includes/js/thickbox/loadingAnimation.gif HTTP/1.1" 200 15238 "http://1.92.107.167/wp-admin/" "Mozilla/5.0 (Windows NT 10.0; Win64; x64) AppleWebKit/537.36 (KHTML, like Gecko) Chrome/125.0.0.0 Safari/537.36"
1.92.107.167 - - [03/Jun/2024:16:11:37 +0800] "POST /wp-cron.php?doing_wp_cron=1717402297.8088669776916503906250 HTTP/1.1" 200 - "http://1.92.107.167/wp-cron.php?doing_wp_cron=1717402297.8088669776916503906250" "WordPress/5.6.6; http://1.92.107.167"
123.117.34.38 - - [03/Jun/2024:16:11:37 +0800] "GET /wp-admin/admin-ajax.php?action=wp-compression-test&test=1&_ajax_nonce=1383bbfa38&1717402297546 HTTP/1.1" 200 1114 "http://1.92.107.167/wp-admin/" "Mozilla/5.0 (Windows NT 10.0; Win64; x64) AppleWebKit/537.36 (KHTML, like Gecko) Chrome/125.0.0.0 Safari/537.36"
123.117.34.38 - - [03/Jun/2024:16:11:37 +0800] "GET /wp-admin/admin-ajax.php?action=wp-compression-test&test=2&_ajax_nonce=1383bbfa38&1717402297648 HTTP/1.1" 200 572 "http://1.92.107.167/wp-admin/" "Mozilla/5.0 (Windows NT 10.0; Win64; x64) AppleWebKit/537.36 (KHTML, like Gecko) Chrome/125.0.0.0 Safari/537.36"
123.117.34.38 - - [03/Jun/2024:16:11:37 +0800] "GET /wp-admin/admin-ajax.php?action=wp-compression-test&test=yes&_ajax_nonce=1383bbfa38&1717402297683 HTTP/1.1" 200 1 "http://1.92.107.167/wp-admin/" "Mozilla/5.0 (Windows NT 10.0; Win64; x64) AppleWebKit/537.36 (KHTML, like Gecko) Chrome/125.0.0.0 Safari/537.36"
123.117.34.38 - - [03/Jun/2024:16:11:38 +0800] "GET /wp-admin/edit-comments.php HTTP/1.1" 200 60553 "http://1.92.107.167/wp-admin/" "Mozilla/5.0 (Windows NT 10.0; Win64; x64) AppleWebKit/537.36 (KHTML, like Gecko) Chrome/125.0.0.0 Safari/537.36"
123.117.34.38 - - [03/Jun/2024:16:11:38 +0800] "GET /wp-admin/load-scripts.php?c=1&load%5Bchunk_0%5D=hoverIntent&ver=5.6.6 HTTP/1.1" 200 1123 "http://1.92.107.167/wp-admin/edit-comments.php" "Mozilla/5.0 (Windows NT 10.0; Win64; x64) AppleWebKit/537.36 (KHTML, like Gecko) Chrome/125.0.0.0 Safari/537.36"
123.117.34.38 - - [03/Jun/2024:16:11:38 +0800] "GET /wp-admin/load-scripts.php?c=1&load%5Bchunk_0%5D=jquery-core,jquery-migrate,utils&ver=5.6.6 HTTP/1.1" 200 102587 "http://1.92.107.167/wp-admin/edit-comments.php" "Mozilla/5.0 (Windows NT 10.0; Win64; x64) AppleWebKit/537.36 (KHTML, like Gecko) Chrome/125.0.0.0 Safari/537.36"
123.117.34.38 - - [03/Jun/2024:16:11:37 +0800] "POST /wp-admin/admin-ajax.php HTTP/1.1" 200 101 "http://1.92.107.167/wp-admin/" "Mozilla/5.0 (Windows NT 10.0; Win64; x64) AppleWebKit/537.36 (KHTML, like Gecko) Chrome/125.0.0.0 Safari/537.36"
123.117.34.38 - - [03/Jun/2024:16:11:38 +0800] "GET /wp-admin/load-styles.php?c=1&dir=ltr&load%5Bchunk_0%5D=dashicons,admin-bar,common,forms,admin-menu,dashboard,list-tables,edit,revisions,media,themes,about,nav-menus,wp-pointer,widgets&load%5Bchunk_1%5D=,site-icon,l10n,buttons,wp-auth-check&ver=5.6.6 HTTP/1.1" 200 372890 "http://1.92.107.167/wp-admin/edit-comments.php" "Mozilla/5.0 (Windows NT 10.0; Win64; x64) AppleWebKit/537.36 (KHTML, like Gecko) Chrome/125.0.0.0 Safari/537.36"
121.56.27.29 - - [03/Jun/2024:16:11:40 +0800] "GET / HTTP/1.1" 200 9859 "-" "Mozilla/5.0 (Windows NT 10.0; Win64; x64) AppleWebKit/537.36 (KHTML, like Gecko) Chrome/114.0.0.0 Safari/537.36 Edg/114.0.1823.67"
121.56.27.29 - - [03/Jun/2024:16:11:40 +0800] "GET /wp-includes/css/dist/block-library/style.min.css?ver=5.6.6 HTTP/1.1" 200 51338 "http://1.92.107.167/" "Mozilla/5.0 (Windows NT 10.0; Win64; x64) AppleWebKit/537.36 (KHTML, like Gecko) Chrome/114.0.0.0 Safari/537.36 Edg/114.0.1823.67"
121.56.27.29 - - [03/Jun/2024:16:11:40 +0800] "GET /wp-includes/css/dist/block-library/theme.min.css?ver=5.6.6 HTTP/1.1" 200 2297 "http://1.92.107.167/" "Mozilla/5.0 (Windows NT 10.0; Win64; x64) AppleWebKit/537.36 (KHTML, like Gecko) Chrome/114.0.0.0 Safari/537.36 Edg/114.0.1823.67"
121.56.27.29 - - [03/Jun/2024:16:11:40 +0800] "GET /wp-content/themes/twentytwentyone/assets/js/responsive-embeds.js?ver=1.1 HTTP/1.1" 200 1127 "http://1.92.107.167/" "Mozilla/5.0 (Windows NT 10.0; Win64; x64) AppleWebKit/537.36 (KHTML, like Gecko) Chrome/114.0.0.0 Safari/537.36 Edg/114.0.1823.67"
121.56.27.29 - - [03/Jun/2024:16:11:40 +0800] "GET /wp-includes/js/wp-embed.min.js?ver=5.6.6 HTTP/1.1" 200 1426 "http://1.92.107.167/" "Mozilla/5.0 (Windows NT 10.0; Win64; x64) AppleWebKit/537.36 (KHTML, like Gecko) Chrome/114.0.0.0 Safari/537.36 Edg/114.0.1823.67"
121.56.27.29 - - [03/Jun/2024:16:11:40 +0800] "GET /wp-includes/js/wp-emoji-release.min.js?ver=5.6.6 HTTP/1.1" 200 14229 "http://1.92.107.167/" "Mozilla/5.0 (Windows NT 10.0; Win64; x64) AppleWebKit/537.36 (KHTML, like Gecko) Chrome/114.0.0.0 Safari/537.36 Edg/114.0.1823.67"
121.56.27.29 - - [03/Jun/2024:16:11:40 +0800] "GET /wp-content/themes/twentytwentyone/assets/css/print.css?ver=1.1 HTTP/1.1" 200 2897 "http://1.92.107.167/" "Mozilla/5.0 (Windows NT 10.0; Win64; x64) AppleWebKit/537.36 (KHTML, like Gecko) Chrome/114.0.0.0 Safari/537.36 Edg/114.0.1823.67"
121.56.27.29 - - [03/Jun/2024:16:11:40 +0800] "GET /wp-content/themes/twentytwentyone/style.css?ver=1.1 HTTP/1.1" 200 152103 "http://1.92.107.167/" "Mozilla/5.0 (Windows NT 10.0; Win64; x64) AppleWebKit/537.36 (KHTML, like Gecko) Chrome/114.0.0.0 Safari/537.36 Edg/114.0.1823.67"
121.56.27.29 - - [03/Jun/2024:16:11:41 +0800] "GET /favicon.ico HTTP/1.1" 404 209 "http://1.92.107.167/" "Mozilla/5.0 (Windows NT 10.0; Win64; x64) AppleWebKit/537.36 (KHTML, like Gecko) Chrome/114.0.0.0 Safari/537.36 Edg/114.0.1823.67"
123.117.34.38 - - [03/Jun/2024:16:11:37 +0800] "GET /wp-admin/admin-ajax.php?action=dashboard-widgets&widget=dashboard_primary&pagenow=dashboard HTTP/1.1" 200 1249 "http://1.92.107.167/wp-admin/" "Mozilla/5.0 (Windows NT 10.0; Win64; x64) AppleWebKit/537.36 (KHTML, like Gecko) Chrome/125.0.0.0 Safari/537.36"
123.117.34.38 - - [03/Jun/2024:16:11:46 +0800] "POST /wp-admin/admin-ajax.php HTTP/1.1" 200 608 "http://1.92.107.167/wp-admin/edit-comments.php" "Mozilla/5.0 (Windows NT 10.0; Win64; x64) AppleWebKit/537.36 (KHTML, like Gecko) Chrome/125.0.0.0 Safari/537.36"
::1 - - [03/Jun/2024:16:11:46 +0800] "OPTIONS * HTTP/1.0" 200 - "-" "Apache/2.4.6 (CentOS) PHP/7.2.34 (internal dummy connection)"
::1 - - [03/Jun/2024:16:11:48 +0800] "OPTIONS * HTTP/1.0" 200 - "-" "Apache/2.4.6 (CentOS) PHP/7.2.34 (internal dummy connection)"
::1 - - [03/Jun/2024:16:11:49 +0800] "OPTIONS * HTTP/1.0" 200 - "-" "Apache/2.4.6 (CentOS) PHP/7.2.34 (internal dummy connection)"
::1 - - [03/Jun/2024:16:11:50 +0800] "OPTIONS * HTTP/1.0" 200 - "-" "Apache/2.4.6 (CentOS) PHP/7.2.34 (internal dummy connection)"
::1 - - [03/Jun/2024:16:11:51 +0800] "OPTIONS * HTTP/1.0" 200 - "-" "Apache/2.4.6 (CentOS) PHP/7.2.34 (internal dummy connection)"
123.117.34.38 - - [03/Jun/2024:16:11:52 +0800] "GET /index.php/2024/06/03/hello-world/ HTTP/1.1" 200 23126 "http://1.92.107.167/index.php/2024/06/03/hello-world/" "Mozilla/5.0 (Windows NT 10.0; Win64; x64) AppleWebKit/537.36 (KHTML, like Gecko) Chrome/125.0.0.0 Safari/537.36"
123.117.34.38 - - [03/Jun/2024:16:11:52 +0800] "GET /wp-includes/css/admin-bar.min.css?ver=5.6.6 HTTP/1.1" 200 19329 "http://1.92.107.167/index.php/2024/06/03/hello-world/" "Mozilla/5.0 (Windows NT 10.0; Win64; x64) AppleWebKit/537.36 (KHTML, like Gecko) Chrome/125.0.0.0 Safari/537.36"
106.120.13.53 - - [03/Jun/2024:16:11:59 +0800] "-" 408 - "-" "-"
::1 - - [03/Jun/2024:16:11:59 +0800] "OPTIONS * HTTP/1.0" 200 - "-" "Apache/2.4.6 (CentOS) PHP/7.2.34 (internal dummy connection)"
::1 - - [03/Jun/2024:16:12:00 +0800] "OPTIONS * HTTP/1.0" 200 - "-" "Apache/2.4.6 (CentOS) PHP/7.2.34 (internal dummy connection)"
::1 - - [03/Jun/2024:16:12:01 +0800] "OPTIONS * HTTP/1.0" 200 - "-" "Apache/2.4.6 (CentOS) PHP/7.2.34 (internal dummy connection)"
123.117.34.38 - - [03/Jun/2024:16:12:06 +0800] "POST /wp-comments-post.php HTTP/1.1" 302 - "http://1.92.107.167/index.php/2024/06/03/hello-world/" "Mozilla/5.0 (Windows NT 10.0; Win64; x64) AppleWebKit/537.36 (KHTML, like Gecko) Chrome/125.0.0.0 Safari/537.36"
123.117.34.38 - - [03/Jun/2024:16:12:06 +0800] "GET /index.php/2024/06/03/hello-world/ HTTP/1.1" 200 25033 "http://1.92.107.167/index.php/2024/06/03/hello-world/" "Mozilla/5.0 (Windows NT 10.0; Win64; x64) AppleWebKit/537.36 (KHTML, like Gecko) Chrome/125.0.0.0 Safari/537.36"
221.217.54.148 - - [03/Jun/2024:16:12:17 +0800] "GET /index.php/2024/06/03/hello-world/ HTTP/1.1" 200 18153 "-" "Mozilla/5.0 (Windows NT 10.0; Win64; x64) AppleWebKit/537.36 (KHTML, like Gecko) Chrome/125.0.0.0 Safari/537.36 Edg/125.0.0.0"
123.117.34.38 - - [03/Jun/2024:16:12:28 +0800] "POST /wp-comments-post.php HTTP/1.1" 302 - "http://1.92.107.167/index.php/2024/06/03/hello-world/" "Mozilla/5.0 (Windows NT 10.0; Win64; x64) AppleWebKit/537.36 (KHTML, like Gecko) Chrome/125.0.0.0 Safari/537.36"
123.117.34.38 - - [03/Jun/2024:16:12:28 +0800] "GET /index.php/2024/06/03/hello-world/ HTTP/1.1" 200 26911 "http://1.92.107.167/index.php/2024/06/03/hello-world/" "Mozilla/5.0 (Windows NT 10.0; Win64; x64) AppleWebKit/537.36 (KHTML, like Gecko) Chrome/125.0.0.0 Safari/537.36"
123.117.34.38 - - [03/Jun/2024:16:12:30 +0800] "GET /index.php/2024/06/03/hello-world/ HTTP/1.1" 200 26911 "http://1.92.107.167/index.php/2024/06/03/hello-world/" "Mozilla/5.0 (Windows NT 10.0; Win64; x64) AppleWebKit/537.36 (KHTML, like Gecko) Chrome/125.0.0.0 Safari/537.36"
1.92.107.167 - - [03/Jun/2024:16:12:34 +0800] "POST /wp-cron.php?doing_wp_cron=1717402354.3070530891418457031250 HTTP/1.1" 200 - "http://1.92.107.167/wp-cron.php?doing_wp_cron=1717402354.3070530891418457031250" "WordPress/5.6.6; http://1.92.107.167"
123.117.34.38 - - [03/Jun/2024:16:12:34 +0800] "GET /index.php/2024/06/03/hello-world/ HTTP/1.1" 200 19884 "-" "Mozilla/5.0 (Windows NT 10.0; Win64; x64) AppleWebKit/537.36 (KHTML, like Gecko) Chrome/125.0.0.0 Safari/537.36 Edg/125.0.0.0"
123.117.34.38 - - [03/Jun/2024:16:12:38 +0800] "GET /index.php/2024/06/03/hello-world/ HTTP/1.1" 200 19884 "-" "Mozilla/5.0 (Windows NT 10.0; Win64; x64) AppleWebKit/537.36 (KHTML, like Gecko) Chrome/125.0.0.0 Safari/537.36 Edg/125.0.0.0"
123.117.34.38 - - [03/Jun/2024:16:12:39 +0800] "POST /wp-admin/admin-ajax.php HTTP/1.1" 200 47 "http://1.92.107.167/wp-admin/edit-comments.php" "Mozilla/5.0 (Windows NT 10.0; Win64; x64) AppleWebKit/537.36 (KHTML, like Gecko) Chrome/125.0.0.0 Safari/537.36"
123.117.34.38 - - [03/Jun/2024:16:12:39 +0800] "GET /index.php/2024/06/03/hello-world/ HTTP/1.1" 200 19884 "-" "Mozilla/5.0 (Windows NT 10.0; Win64; x64) AppleWebKit/537.36 (KHTML, like Gecko) Chrome/125.0.0.0 Safari/537.36 Edg/125.0.0.0"
183.230.219.195 - - [03/Jun/2024:16:13:07 +0800] "GET / HTTP/1.1" 200 10636 "-" "python-requests/2.13.0"
221.217.54.148 - - [03/Jun/2024:16:13:07 +0800] "POST /wp-comments-post.php HTTP/1.1" 200 2761 "http://1.92.107.167/index.php/2024/06/03/hello-world/" "Mozilla/5.0 (Windows NT 10.0; Win64; x64) AppleWebKit/537.36 (KHTML, like Gecko) Chrome/125.0.0.0 Safari/537.36 Edg/125.0.0.0"
123.117.34.38 - - [03/Jun/2024:16:13:15 +0800] "POST /wp-comments-post.php HTTP/1.1" 302 - "http://1.92.107.167/index.php/2024/06/03/hello-world/" "Mozilla/5.0 (Windows NT 10.0; Win64; x64) AppleWebKit/537.36 (KHTML, like Gecko) Chrome/125.0.0.0 Safari/537.36"
123.117.34.38 - - [03/Jun/2024:16:13:15 +0800] "GET /index.php/2024/06/03/hello-world/ HTTP/1.1" 200 28796 "http://1.92.107.167/index.php/2024/06/03/hello-world/" "Mozilla/5.0 (Windows NT 10.0; Win64; x64) AppleWebKit/537.36 (KHTML, like Gecko) Chrome/125.0.0.0 Safari/537.36"
221.217.54.148 - - [03/Jun/2024:16:13:24 +0800] "POST /wp-comments-post.php HTTP/1.1" 302 - "http://1.92.107.167/index.php/2024/06/03/hello-world/" "Mozilla/5.0 (Windows NT 10.0; Win64; x64) AppleWebKit/537.36 (KHTML, like Gecko) Chrome/125.0.0.0 Safari/537.36 Edg/125.0.0.0"
221.217.54.148 - - [03/Jun/2024:16:13:24 +0800] "GET /index.php/2024/06/03/hello-world/?unapproved=6&moderation-hash=cd99861eba7568f98541171417f7b142 HTTP/1.1" 200 22811 "http://1.92.107.167/index.php/2024/06/03/hello-world/" "Mozilla/5.0 (Windows NT 10.0; Win64; x64) AppleWebKit/537.36 (KHTML, like Gecko) Chrome/125.0.0.0 Safari/537.36 Edg/125.0.0.0"
123.117.34.38 - - [03/Jun/2024:16:13:25 +0800] "POST /wp-comments-post.php HTTP/1.1" 302 - "http://1.92.107.167/index.php/2024/06/03/hello-world/" "Mozilla/5.0 (Windows NT 10.0; Win64; x64) AppleWebKit/537.36 (KHTML, like Gecko) Chrome/125.0.0.0 Safari/537.36"
123.117.34.38 - - [03/Jun/2024:16:13:25 +0800] "GET /index.php/2024/06/03/hello-world/ HTTP/1.1" 200 30371 "http://1.92.107.167/index.php/2024/06/03/hello-world/" "Mozilla/5.0 (Windows NT 10.0; Win64; x64) AppleWebKit/537.36 (KHTML, like Gecko) Chrome/125.0.0.0 Safari/537.36"
123.117.34.38 - - [03/Jun/2024:16:13:27 +0800] "GET /index.php/2024/06/03/hello-world/ HTTP/1.1" 200 30371 "http://1.92.107.167/index.php/2024/06/03/hello-world/" "Mozilla/5.0 (Windows NT 10.0; Win64; x64) AppleWebKit/537.36 (KHTML, like Gecko) Chrome/125.0.0.0 Safari/537.36"
221.217.54.148 - - [03/Jun/2024:16:13:35 +0800] "GET /index.php/2024/06/03/hello-world/?unapproved=6&moderation-hash=cd99861eba7568f98541171417f7b142 HTTP/1.1" 200 24236 "http://1.92.107.167/index.php/2024/06/03/hello-world/" "Mozilla/5.0 (Windows NT 10.0; Win64; x64) AppleWebKit/537.36 (KHTML, like Gecko) Chrome/125.0.0.0 Safari/537.36 Edg/125.0.0.0"
123.117.34.38 - - [03/Jun/2024:16:13:36 +0800] "GET /wp-admin/edit-comments.php HTTP/1.1" 200 85183 "http://1.92.107.167/wp-admin/" "Mozilla/5.0 (Windows NT 10.0; Win64; x64) AppleWebKit/537.36 (KHTML, like Gecko) Chrome/125.0.0.0 Safari/537.36"
123.117.34.38 - - [03/Jun/2024:16:13:39 +0800] "POST /wp-admin/admin-ajax.php HTTP/1.1" 200 608 "http://1.92.107.167/wp-admin/edit-comments.php" "Mozilla/5.0 (Windows NT 10.0; Win64; x64) AppleWebKit/537.36 (KHTML, like Gecko) Chrome/125.0.0.0 Safari/537.36"
106.120.13.53 - - [03/Jun/2024:16:13:50 +0800] "GET /index.php/2024/06/03/hello-world/ HTTP/1.1" 200 24409 "-" "Mozilla/5.0 (Windows NT 10.0; Win64; x64; rv:126.0) Gecko/20100101 Firefox/126.0"
106.120.13.53 - - [03/Jun/2024:16:13:50 +0800] "GET /wp-includes/js/wp-emoji-release.min.js?ver=5.6.6 HTTP/1.1" 200 14229 "http://1.92.107.167/index.php/2024/06/03/hello-world/" "Mozilla/5.0 (Windows NT 10.0; Win64; x64; rv:126.0) Gecko/20100101 Firefox/126.0"
106.120.13.53 - - [03/Jun/2024:16:13:50 +0800] "GET /wp-includes/css/dist/block-library/theme.min.css?ver=5.6.6 HTTP/1.1" 200 2297 "http://1.92.107.167/index.php/2024/06/03/hello-world/" "Mozilla/5.0 (Windows NT 10.0; Win64; x64; rv:126.0) Gecko/20100101 Firefox/126.0"
106.120.13.53 - - [03/Jun/2024:16:13:50 +0800] "GET /wp-includes/css/dist/block-library/style.min.css?ver=5.6.6 HTTP/1.1" 200 51338 "http://1.92.107.167/index.php/2024/06/03/hello-world/" "Mozilla/5.0 (Windows NT 10.0; Win64; x64; rv:126.0) Gecko/20100101 Firefox/126.0"
106.120.13.53 - - [03/Jun/2024:16:13:50 +0800] "GET /wp-includes/js/comment-reply.min.js?ver=5.6.6 HTTP/1.1" 200 2984 "http://1.92.107.167/index.php/2024/06/03/hello-world/" "Mozilla/5.0 (Windows NT 10.0; Win64; x64; rv:126.0) Gecko/20100101 Firefox/126.0"
106.120.13.53 - - [03/Jun/2024:16:13:50 +0800] "GET /wp-content/themes/twentytwentyone/assets/js/responsive-embeds.js?ver=1.1 HTTP/1.1" 200 1127 "http://1.92.107.167/index.php/2024/06/03/hello-world/" "Mozilla/5.0 (Windows NT 10.0; Win64; x64; rv:126.0) Gecko/20100101 Firefox/126.0"
106.120.13.53 - - [03/Jun/2024:16:13:50 +0800] "GET /wp-includes/js/wp-embed.min.js?ver=5.6.6 HTTP/1.1" 200 1426 "http://1.92.107.167/index.php/2024/06/03/hello-world/" "Mozilla/5.0 (Windows NT 10.0; Win64; x64; rv:126.0) Gecko/20100101 Firefox/126.0"
106.120.13.53 - - [03/Jun/2024:16:13:50 +0800] "GET /wp-content/themes/twentytwentyone/style.css?ver=1.1 HTTP/1.1" 200 152103 "http://1.92.107.167/index.php/2024/06/03/hello-world/" "Mozilla/5.0 (Windows NT 10.0; Win64; x64; rv:126.0) Gecko/20100101 Firefox/126.0"
106.120.13.53 - - [03/Jun/2024:16:13:53 +0800] "GET /wp-content/themes/twentytwentyone/assets/css/print.css?ver=1.1 HTTP/1.1" 200 2897 "http://1.92.107.167/index.php/2024/06/03/hello-world/" "Mozilla/5.0 (Windows NT 10.0; Win64; x64; rv:126.0) Gecko/20100101 Firefox/126.0"
123.117.34.38 - - [03/Jun/2024:16:14:00 +0800] "GET /wp-admin/load-scripts.php?c=1&load%5Bchunk_0%5D=jquery-core,jquery-migrate,utils,zxcvbn-async&ver=5.6.6 HTTP/1.1" 200 102939 "http://1.92.107.167/wp-admin/profile.php" "Mozilla/5.0 (Windows NT 10.0; Win64; x64) AppleWebKit/537.36 (KHTML, like Gecko) Chrome/125.0.0.0 Safari/537.36"
123.117.34.38 - - [03/Jun/2024:16:14:00 +0800] "GET /wp-admin/profile.php HTTP/1.1" 200 44728 "http://1.92.107.167/wp-admin/edit-comments.php" "Mozilla/5.0 (Windows NT 10.0; Win64; x64) AppleWebKit/537.36 (KHTML, like Gecko) Chrome/125.0.0.0 Safari/537.36"
123.117.34.38 - - [03/Jun/2024:16:14:02 +0800] "GET /wp-login.php?action=logout&_wpnonce=c723ac824a HTTP/1.1" 302 - "http://1.92.107.167/wp-admin/profile.php" "Mozilla/5.0 (Windows NT 10.0; Win64; x64) AppleWebKit/537.36 (KHTML, like Gecko) Chrome/125.0.0.0 Safari/537.36"
123.117.34.38 - - [03/Jun/2024:16:14:02 +0800] "GET /wp-login.php?loggedout=true&wp_lang=zh_CN HTTP/1.1" 200 8053 "http://1.92.107.167/wp-admin/profile.php" "Mozilla/5.0 (Windows NT 10.0; Win64; x64) AppleWebKit/537.36 (KHTML, like Gecko) Chrome/125.0.0.0 Safari/537.36"
221.217.54.148 - - [03/Jun/2024:16:14:16 +0800] "GET /index.php/2024/06/03/hello-world/?unapproved=6&moderation-hash=cd99861eba7568f98541171417f7b142 HTTP/1.1" 200 24409 "http://1.92.107.167/index.php/2024/06/03/hello-world/" "Mozilla/5.0 (Windows NT 10.0; Win64; x64) AppleWebKit/537.36 (KHTML, like Gecko) Chrome/125.0.0.0 Safari/537.36 Edg/125.0.0.0"
221.217.54.148 - - [03/Jun/2024:16:14:16 +0800] "GET /index.php/2024/06/03/hello-world/?unapproved=6&moderation-hash=cd99861eba7568f98541171417f7b142 HTTP/1.1" 200 24409 "http://1.92.107.167/index.php/2024/06/03/hello-world/" "Mozilla/5.0 (Windows NT 10.0; Win64; x64) AppleWebKit/537.36 (KHTML, like Gecko) Chrome/125.0.0.0 Safari/537.36 Edg/125.0.0.0"
221.217.54.148 - - [03/Jun/2024:16:14:17 +0800] "GET /index.php/2024/06/03/hello-world/?unapproved=6&moderation-hash=cd99861eba7568f98541171417f7b142 HTTP/1.1" 200 24409 "http://1.92.107.167/index.php/2024/06/03/hello-world/" "Mozilla/5.0 (Windows NT 10.0; Win64; x64) AppleWebKit/537.36 (KHTML, like Gecko) Chrome/125.0.0.0 Safari/537.36 Edg/125.0.0.0"
123.117.34.38 - - [03/Jun/2024:16:14:29 +0800] "POST /wp-login.php HTTP/1.1" 200 8045 "http://1.92.107.167/wp-login.php?loggedout=true&wp_lang=zh_CN" "Mozilla/5.0 (Windows NT 10.0; Win64; x64) AppleWebKit/537.36 (KHTML, like Gecko) Chrome/125.0.0.0 Safari/537.36"
123.117.34.38 - - [03/Jun/2024:16:14:34 +0800] "POST /wp-login.php HTTP/1.1" 302 - "http://1.92.107.167/wp-login.php" "Mozilla/5.0 (Windows NT 10.0; Win64; x64) AppleWebKit/537.36 (KHTML, like Gecko) Chrome/125.0.0.0 Safari/537.36"
123.117.34.38 - - [03/Jun/2024:16:14:34 +0800] "GET /wp-admin/ HTTP/1.1" 200 94114 "http://1.92.107.167/wp-login.php" "Mozilla/5.0 (Windows NT 10.0; Win64; x64) AppleWebKit/537.36 (KHTML, like Gecko) Chrome/125.0.0.0 Safari/537.36"
123.117.34.38 - - [03/Jun/2024:16:14:34 +0800] "GET /wp-admin/load-styles.php?c=1&dir=ltr&load%5Bchunk_0%5D=dashicons,admin-bar,site-health,common,forms,admin-menu,dashboard,list-tables,edit,revisions,media,themes,about,nav-menus,wp-poi&load%5Bchunk_1%5D=nter,widgets,site-icon,l10n,buttons,wp-auth-check&ver=5.6.6 HTTP/1.1" 200 379494 "http://1.92.107.167/wp-admin/" "Mozilla/5.0 (Windows NT 10.0; Win64; x64) AppleWebKit/537.36 (KHTML, like Gecko) Chrome/125.0.0.0 Safari/537.36"
221.217.54.148 - - [03/Jun/2024:16:15:07 +0800] "-" 408 - "-" "-"
123.117.34.38 - - [03/Jun/2024:16:15:11 +0800] "GET /wp-admin/edit-comments.php HTTP/1.1" 200 84998 "http://1.92.107.167/index.php/2024/06/03/hello-world/" "Mozilla/5.0 (Windows NT 10.0; Win64; x64) AppleWebKit/537.36 (KHTML, like Gecko) Chrome/125.0.0.0 Safari/537.36"
123.117.34.38 - - [03/Jun/2024:16:15:35 +0800] "POST /wp-admin/admin-ajax.php HTTP/1.1" 200 47 "http://1.92.107.167/wp-admin/" "Mozilla/5.0 (Windows NT 10.0; Win64; x64) AppleWebKit/537.36 (KHTML, like Gecko) Chrome/125.0.0.0 Safari/537.36"
123.117.34.38 - - [03/Jun/2024:16:16:07 +0800] "GET /wp-admin/about.php HTTP/1.1" 200 46424 "http://1.92.107.167/wp-admin/edit-comments.php" "Mozilla/5.0 (Windows NT 10.0; Win64; x64) AppleWebKit/537.36 (KHTML, like Gecko) Chrome/125.0.0.0 Safari/537.36"
123.117.34.38 - - [03/Jun/2024:16:16:11 +0800] "GET /wp-admin/edit.php?post_type=page HTTP/1.1" 200 52874 "http://1.92.107.167/wp-admin/about.php" "Mozilla/5.0 (Windows NT 10.0; Win64; x64) AppleWebKit/537.36 (KHTML, like Gecko) Chrome/125.0.0.0 Safari/537.36"
123.117.34.38 - - [03/Jun/2024:16:16:11 +0800] "GET /wp-admin/js/tags-suggest.min.js?ver=5.6.6 HTTP/1.1" 200 2250 "http://1.92.107.167/wp-admin/edit.php?post_type=page" "Mozilla/5.0 (Windows NT 10.0; Win64; x64) AppleWebKit/537.36 (KHTML, like Gecko) Chrome/125.0.0.0 Safari/537.36"
123.117.34.38 - - [03/Jun/2024:16:16:11 +0800] "GET /wp-admin/js/inline-edit-post.min.js?ver=5.6.6 HTTP/1.1" 200 7374 "http://1.92.107.167/wp-admin/edit.php?post_type=page" "Mozilla/5.0 (Windows NT 10.0; Win64; x64) AppleWebKit/537.36 (KHTML, like Gecko) Chrome/125.0.0.0 Safari/537.36"
123.117.34.38 - - [03/Jun/2024:16:16:11 +0800] "POST /wp-admin/admin-ajax.php HTTP/1.1" 200 47 "http://1.92.107.167/wp-admin/edit.php?post_type=page" "Mozilla/5.0 (Windows NT 10.0; Win64; x64) AppleWebKit/537.36 (KHTML, like Gecko) Chrome/125.0.0.0 Safari/537.36"
123.117.34.38 - - [03/Jun/2024:16:16:13 +0800] "GET /wp-admin/profile.php HTTP/1.1" 200 44728 "http://1.92.107.167/wp-admin/edit.php?post_type=page" "Mozilla/5.0 (Windows NT 10.0; Win64; x64) AppleWebKit/537.36 (KHTML, like Gecko) Chrome/125.0.0.0 Safari/537.36"
123.117.34.38 - - [03/Jun/2024:16:16:15 +0800] "GET /wp-admin/profile.php HTTP/1.1" 200 44736 "http://1.92.107.167/wp-admin/profile.php" "Mozilla/5.0 (Windows NT 10.0; Win64; x64) AppleWebKit/537.36 (KHTML, like Gecko) Chrome/125.0.0.0 Safari/537.36"
123.117.34.38 - - [03/Jun/2024:16:16:16 +0800] "GET / HTTP/1.1" 200 17786 "http://1.92.107.167/wp-admin/profile.php" "Mozilla/5.0 (Windows NT 10.0; Win64; x64) AppleWebKit/537.36 (KHTML, like Gecko) Chrome/125.0.0.0 Safari/537.36"
123.117.34.38 - - [03/Jun/2024:16:16:21 +0800] "GET /index.php/2024/06/03/hello-world/ HTTP/1.1" 200 31877 "http://1.92.107.167/" "Mozilla/5.0 (Windows NT 10.0; Win64; x64) AppleWebKit/537.36 (KHTML, like Gecko) Chrome/125.0.0.0 Safari/537.36"
123.117.34.38 - - [03/Jun/2024:16:16:34 +0800] "POST /wp-comments-post.php HTTP/1.1" 302 - "http://1.92.107.167/index.php/2024/06/03/hello-world/" "Mozilla/5.0 (Windows NT 10.0; Win64; x64) AppleWebKit/537.36 (KHTML, like Gecko) Chrome/125.0.0.0 Safari/537.36"
123.117.34.38 - - [03/Jun/2024:16:16:34 +0800] "GET /index.php/2024/06/03/hello-world/ HTTP/1.1" 200 33486 "http://1.92.107.167/index.php/2024/06/03/hello-world/" "Mozilla/5.0 (Windows NT 10.0; Win64; x64) AppleWebKit/537.36 (KHTML, like Gecko) Chrome/125.0.0.0 Safari/537.36"
123.117.34.38 - - [03/Jun/2024:16:16:38 +0800] "GET /index.php/2024/06/03/hello-world/ HTTP/1.1" 200 33486 "http://1.92.107.167/index.php/2024/06/03/hello-world/" "Mozilla/5.0 (Windows NT 10.0; Win64; x64) AppleWebKit/537.36 (KHTML, like Gecko) Chrome/125.0.0.0 Safari/537.36"
123.117.34.38 - - [03/Jun/2024:16:16:45 +0800] "GET /wp-admin/about.php HTTP/1.1" 200 46424 "http://1.92.107.167/index.php/2024/06/03/hello-world/" "Mozilla/5.0 (Windows NT 10.0; Win64; x64) AppleWebKit/537.36 (KHTML, like Gecko) Chrome/125.0.0.0 Safari/537.36"
123.117.34.38 - - [03/Jun/2024:16:16:45 +0800] "GET / HTTP/1.1" 200 17786 "http://1.92.107.167/wp-admin/about.php" "Mozilla/5.0 (Windows NT 10.0; Win64; x64) AppleWebKit/537.36 (KHTML, like Gecko) Chrome/125.0.0.0 Safari/537.36"
123.117.34.38 - - [03/Jun/2024:16:16:46 +0800] "GET /wp-admin/ HTTP/1.1" 200 94108 "http://1.92.107.167/" "Mozilla/5.0 (Windows NT 10.0; Win64; x64) AppleWebKit/537.36 (KHTML, like Gecko) Chrome/125.0.0.0 Safari/537.36"
123.117.34.38 - - [03/Jun/2024:16:17:01 +0800] "GET /wp-admin/edit.php HTTP/1.1" 200 54579 "http://1.92.107.167/wp-admin/" "Mozilla/5.0 (Windows NT 10.0; Win64; x64) AppleWebKit/537.36 (KHTML, like Gecko) Chrome/125.0.0.0 Safari/537.36"
123.117.34.38 - - [03/Jun/2024:16:17:02 +0800] "POST /wp-admin/admin-ajax.php HTTP/1.1" 200 47 "http://1.92.107.167/wp-admin/edit.php" "Mozilla/5.0 (Windows NT 10.0; Win64; x64) AppleWebKit/537.36 (KHTML, like Gecko) Chrome/125.0.0.0 Safari/537.36"
123.117.34.38 - - [03/Jun/2024:16:17:04 +0800] "GET /wp-includes/js/mediaelement/mediaelementplayer-legacy.min.css?ver=4.2.16 HTTP/1.1" 200 11256 "http://1.92.107.167/wp-admin/post.php?post=1&action=edit" "Mozilla/5.0 (Windows NT 10.0; Win64; x64) AppleWebKit/537.36 (KHTML, like Gecko) Chrome/125.0.0.0 Safari/537.36"
123.117.34.38 - - [03/Jun/2024:16:17:04 +0800] "GET /wp-includes/js/mediaelement/wp-mediaelement.min.css?ver=5.6.6 HTTP/1.1" 200 4186 "http://1.92.107.167/wp-admin/post.php?post=1&action=edit" "Mozilla/5.0 (Windows NT 10.0; Win64; x64) AppleWebKit/537.36 (KHTML, like Gecko) Chrome/125.0.0.0 Safari/537.36"
123.117.34.38 - - [03/Jun/2024:16:17:04 +0800] "GET /wp-includes/js/imgareaselect/imgareaselect.css?ver=0.9.8 HTTP/1.1" 200 790 "http://1.92.107.167/wp-admin/post.php?post=1&action=edit" "Mozilla/5.0 (Windows NT 10.0; Win64; x64) AppleWebKit/537.36 (KHTML, like Gecko) Chrome/125.0.0.0 Safari/537.36"
123.117.34.38 - - [03/Jun/2024:16:17:04 +0800] "GET /wp-content/themes/twentytwentyone/assets/css/custom-color-overrides.css?ver=1605206175 HTTP/1.1" 200 130 "http://1.92.107.167/wp-admin/post.php?post=1&action=edit" "Mozilla/5.0 (Windows NT 10.0; Win64; x64) AppleWebKit/537.36 (KHTML, like Gecko) Chrome/125.0.0.0 Safari/537.36"
123.117.34.38 - - [03/Jun/2024:16:17:04 +0800] "GET /wp-includes/js/dist/api-fetch.min.js?ver=c207d2d188ba8bf763f7acd50b7fd5a9 HTTP/1.1" 200 12503 "http://1.92.107.167/wp-admin/post.php?post=1&action=edit" "Mozilla/5.0 (Windows NT 10.0; Win64; x64) AppleWebKit/537.36 (KHTML, like Gecko) Chrome/125.0.0.0 Safari/537.36"
123.117.34.38 - - [03/Jun/2024:16:17:04 +0800] "GET /wp-includes/js/dist/vendor/react.min.js?ver=16.13.1 HTTP/1.1" 200 12463 "http://1.92.107.167/wp-admin/post.php?post=1&action=edit" "Mozilla/5.0 (Windows NT 10.0; Win64; x64) AppleWebKit/537.36 (KHTML, like Gecko) Chrome/125.0.0.0 Safari/537.36"
123.117.34.38 - - [03/Jun/2024:16:17:04 +0800] "GET /wp-includes/js/dist/blob.min.js?ver=125149076a58ec206a0a8ed2cf6b6894 HTTP/1.1" 200 1575 "http://1.92.107.167/wp-admin/post.php?post=1&action=edit" "Mozilla/5.0 (Windows NT 10.0; Win64; x64) AppleWebKit/537.36 (KHTML, like Gecko) Chrome/125.0.0.0 Safari/537.36"
123.117.34.38 - - [03/Jun/2024:16:17:04 +0800] "GET /wp-admin/load-scripts.php?c=1&load%5Bchunk_0%5D=jquery-core,jquery-migrate,utils,moxiejs,plupload&ver=5.6.6 HTTP/1.1" 200 205861 "http://1.92.107.167/wp-admin/post.php?post=1&action=edit" "Mozilla/5.0 (Windows NT 10.0; Win64; x64) AppleWebKit/537.36 (KHTML, like Gecko) Chrome/125.0.0.0 Safari/537.36"
123.117.34.38 - - [03/Jun/2024:16:17:04 +0800] "GET /wp-includes/js/dist/autop.min.js?ver=e34d2621e1f0dad60385333bd1afd228 HTTP/1.1" 200 7863 "http://1.92.107.167/wp-admin/post.php?post=1&action=edit" "Mozilla/5.0 (Windows NT 10.0; Win64; x64) AppleWebKit/537.36 (KHTML, like Gecko) Chrome/125.0.0.0 Safari/537.36"
123.117.34.38 - - [03/Jun/2024:16:17:04 +0800] "GET /wp-includes/js/dist/block-serialization-default-parser.min.js?ver=1ad42c18fd77dc8c8370f25dddd73a7f HTTP/1.1" 200 4516 "http://1.92.107.167/wp-admin/post.php?post=1&action=edit" "Mozilla/5.0 (Windows NT 10.0; Win64; x64) AppleWebKit/537.36 (KHTML, like Gecko) Chrome/125.0.0.0 Safari/537.36"
123.117.34.38 - - [03/Jun/2024:16:17:05 +0800] "GET /wp-includes/js/dist/escape-html.min.js?ver=cf3ba719eafb9297c5843cfc50c8f87e HTTP/1.1" 200 1781 "http://1.92.107.167/wp-admin/post.php?post=1&action=edit" "Mozilla/5.0 (Windows NT 10.0; Win64; x64) AppleWebKit/537.36 (KHTML, like Gecko) Chrome/125.0.0.0 Safari/537.36"
123.117.34.38 - - [03/Jun/2024:16:17:05 +0800] "GET /wp-includes/js/dist/element.min.js?ver=706303a9fd2fa288eac1331e8741b55b HTTP/1.1" 200 14732 "http://1.92.107.167/wp-admin/post.php?post=1&action=edit" "Mozilla/5.0 (Windows NT 10.0; Win64; x64) AppleWebKit/537.36 (KHTML, like Gecko) Chrome/125.0.0.0 Safari/537.36"
123.117.34.38 - - [03/Jun/2024:16:17:04 +0800] "GET /wp-admin/post.php?post=1&action=edit HTTP/1.1" 200 553998 "http://1.92.107.167/wp-admin/edit.php" "Mozilla/5.0 (Windows NT 10.0; Win64; x64) AppleWebKit/537.36 (KHTML, like Gecko) Chrome/125.0.0.0 Safari/537.36"
123.117.34.38 - - [03/Jun/2024:16:17:05 +0800] "GET /wp-includes/js/dist/is-shallow-equal.min.js?ver=9b9485fde3a57e7ab33df6b14011ae5b HTTP/1.1" 200 1719 "http://1.92.107.167/wp-admin/post.php?post=1&action=edit" "Mozilla/5.0 (Windows NT 10.0; Win64; x64) AppleWebKit/537.36 (KHTML, like Gecko) Chrome/125.0.0.0 Safari/537.36"
123.117.34.38 - - [03/Jun/2024:16:17:05 +0800] "GET /wp-includes/js/dist/priority-queue.min.js?ver=1c942d9a6078a04ec1c4fb9ea8278f65 HTTP/1.1" 200 1706 "http://1.92.107.167/wp-admin/post.php?post=1&action=edit" "Mozilla/5.0 (Windows NT 10.0; Win64; x64) AppleWebKit/537.36 (KHTML, like Gecko) Chrome/125.0.0.0 Safari/537.36"
