123.117.34.38 - - [03/Jun/2024:16:40:30 +0800] "GET /wp-admin/edit-comments.php HTTP/1.1" 200 107125 "http://1.92.107.167/wp-admin/plugins.php" "Mozilla/5.0 (Windows NT 10.0; Win64; x64) AppleWebKit/537.36 (KHTML, like Gecko) Chrome/125.0.0.0 Safari/537.36"
123.117.34.38 - - [03/Jun/2024:16:40:36 +0800] "GET /wp-admin/edit-comments.php HTTP/1.1" 200 107135 "http://1.92.107.167/wp-admin/plugins.php" "Mozilla/5.0 (Windows NT 10.0; Win64; x64) AppleWebKit/537.36 (KHTML, like Gecko) Chrome/125.0.0.0 Safari/537.36"
123.117.34.38 - - [03/Jun/2024:16:40:38 +0800] "POST /wp-admin/admin-ajax.php HTTP/1.1" 200 611 "http://1.92.107.167/wp-admin/edit-comments.php" "Mozilla/5.0 (Windows NT 10.0; Win64; x64) AppleWebKit/537.36 (KHTML, like Gecko) Chrome/125.0.0.0 Safari/537.36"
123.117.34.38 - - [03/Jun/2024:16:40:39 +0800] "POST /wp-admin/admin-ajax.php HTTP/1.1" 200 612 "http://1.92.107.167/wp-admin/edit-comments.php" "Mozilla/5.0 (Windows NT 10.0; Win64; x64) AppleWebKit/537.36 (KHTML, like Gecko) Chrome/125.0.0.0 Safari/537.36"
221.217.54.148 - - [03/Jun/2024:16:40:41 +0800] "-" 408 - "-" "-"
123.117.34.38 - - [03/Jun/2024:16:40:41 +0800] "POST /wp-admin/admin-ajax.php HTTP/1.1" 200 609 "http://1.92.107.167/wp-admin/edit-comments.php" "Mozilla/5.0 (Windows NT 10.0; Win64; x64) AppleWebKit/537.36 (KHTML, like Gecko) Chrome/125.0.0.0 Safari/537.36"
123.117.34.38 - - [03/Jun/2024:16:40:46 +0800] "GET /index.php/2024/06/03/hello-world/ HTTP/1.1" 200 31182 "http://1.92.107.167/index.php/2024/06/03/hello-world/" "Mozilla/5.0 (Windows NT 10.0; Win64; x64) AppleWebKit/537.36 (KHTML, like Gecko) Chrome/125.0.0.0 Safari/537.36 Edg/125.0.0.0"
::1 - - [03/Jun/2024:16:40:53 +0800] "OPTIONS * HTTP/1.0" 200 - "-" "Apache/2.4.6 (CentOS) PHP/7.2.34 (internal dummy connection)"
123.117.34.38 - - [03/Jun/2024:16:40:54 +0800] "GET /index.php/2024/06/03/aaa%e5%bb%ba%e6%9d%90%e5%90%b4%e6%80%bb/ HTTP/1.1" 404 11039 "http://1.92.107.167/index.php/2024/06/03/hello-world/" "Mozilla/5.0 (Windows NT 10.0; Win64; x64) AppleWebKit/537.36 (KHTML, like Gecko) Chrome/125.0.0.0 Safari/537.36 Edg/125.0.0.0"
221.217.54.148 - - [03/Jun/2024:16:40:59 +0800] "POST /wp-comments-post.php HTTP/1.1" 302 - "http://1.92.107.167/index.php/2024/06/03/hello-world/?unapproved=6&moderation-hash=cd99861eba7568f98541171417f7b142" "Mozilla/5.0 (Windows NT 10.0; Win64; x64) AppleWebKit/537.36 (KHTML, like Gecko) Chrome/125.0.0.0 Safari/537.36 Edg/125.0.0.0"
221.217.54.148 - - [03/Jun/2024:16:41:00 +0800] "GET /index.php/2024/06/03/hello-world/ HTTP/1.1" 200 32438 "http://1.92.107.167/index.php/2024/06/03/hello-world/?unapproved=6&moderation-hash=cd99861eba7568f98541171417f7b142" "Mozilla/5.0 (Windows NT 10.0; Win64; x64) AppleWebKit/537.36 (KHTML, like Gecko) Chrome/125.0.0.0 Safari/537.36 Edg/125.0.0.0"
123.117.34.38 - - [03/Jun/2024:16:41:00 +0800] "GET /index.php/2024/06/03/asdfdsafdsafdsa/ HTTP/1.1" 200 15026 "http://1.92.107.167/index.php/2024/06/03/hello-world/" "Mozilla/5.0 (Windows NT 10.0; Win64; x64) AppleWebKit/537.36 (KHTML, like Gecko) Chrome/125.0.0.0 Safari/537.36 Edg/125.0.0.0"
221.217.54.148 - - [03/Jun/2024:16:41:08 +0800] "POST /wp-admin/admin-ajax.php HTTP/1.1" 200 47 "http://1.92.107.167/wp-admin/options-general.php?page=redis-cache" "Mozilla/5.0 (Windows NT 10.0; Win64; x64; rv:126.0) Gecko/20100101 Firefox/126.0"
106.120.13.53 - - [03/Jun/2024:16:41:14 +0800] "-" 408 - "-" "-"
123.117.34.38 - - [03/Jun/2024:16:41:26 +0800] "POST /wp-comments-post.php HTTP/1.1" 302 - "http://1.92.107.167/index.php/2024/06/03/hello-world/" "Mozilla/5.0 (Windows NT 10.0; Win64; x64) AppleWebKit/537.36 (KHTML, like Gecko) Chrome/125.0.0.0 Safari/537.36 Edg/125.0.0.0"
123.117.34.38 - - [03/Jun/2024:16:41:26 +0800] "GET /index.php/2024/06/03/hello-world/ HTTP/1.1" 200 33919 "http://1.92.107.167/index.php/2024/06/03/hello-world/" "Mozilla/5.0 (Windows NT 10.0; Win64; x64) AppleWebKit/537.36 (KHTML, like Gecko) Chrome/125.0.0.0 Safari/537.36 Edg/125.0.0.0"
123.117.34.38 - - [03/Jun/2024:16:41:37 +0800] "POST /wp-admin/admin-ajax.php HTTP/1.1" 200 47 "http://1.92.107.167/wp-admin/edit-comments.php" "Mozilla/5.0 (Windows NT 10.0; Win64; x64) AppleWebKit/537.36 (KHTML, like Gecko) Chrome/125.0.0.0 Safari/537.36"
221.217.54.148 - - [03/Jun/2024:16:41:49 +0800] "GET /index.php/2024/06/03/hello-world/ HTTP/1.1" 200 33862 "http://1.92.107.167/index.php/2024/06/03/hello-world/?unapproved=6&moderation-hash=cd99861eba7568f98541171417f7b142" "Mozilla/5.0 (Windows NT 10.0; Win64; x64) AppleWebKit/537.36 (KHTML, like Gecko) Chrome/125.0.0.0 Safari/537.36 Edg/125.0.0.0"
123.117.34.38 - - [03/Jun/2024:16:42:11 +0800] "POST /wp-admin/admin-ajax.php HTTP/1.1" 200 47 "http://1.92.107.167/wp-admin/edit.php" "Mozilla/5.0 (Windows NT 10.0; Win64; x64) AppleWebKit/537.36 (KHTML, like Gecko) Chrome/125.0.0.0 Safari/537.36"
180.102.196.13 - - [03/Jun/2024:16:42:28 +0800] "POST /wp-admin/admin-ajax.php HTTP/1.1" 200 47 "http://1.92.107.167/wp-admin/edit-comments.php" "Mozilla/5.0 (Windows NT 10.0; Win64; x64) AppleWebKit/537.36 (KHTML, like Gecko) Chrome/125.0.0.0 Safari/537.36"
221.217.54.148 - - [03/Jun/2024:16:42:40 +0800] "-" 408 - "-" "-"
123.117.34.38 - - [03/Jun/2024:16:43:03 +0800] "GET /index.php/2024/06/03/hello-world/ HTTP/1.1" 200 33919 "http://1.92.107.167/index.php/2024/06/03/hello-world/" "Mozilla/5.0 (Windows NT 10.0; Win64; x64) AppleWebKit/537.36 (KHTML, like Gecko) Chrome/125.0.0.0 Safari/537.36 Edg/125.0.0.0"
123.117.34.38 - - [03/Jun/2024:16:43:07 +0800] "GET /index.php/2024/06/03/aaa%e5%bb%ba%e6%9d%90%e5%90%b4%e6%80%bb/ HTTP/1.1" 404 10966 "http://1.92.107.167/index.php/2024/06/03/hello-world/" "Mozilla/5.0 (Windows NT 10.0; Win64; x64) AppleWebKit/537.36 (KHTML, like Gecko) Chrome/125.0.0.0 Safari/537.36 Edg/125.0.0.0"
123.117.34.38 - - [03/Jun/2024:16:43:08 +0800] "POST /wp-admin/admin-ajax.php HTTP/1.1" 200 47 "http://1.92.107.167/wp-admin/options-general.php?page=redis-cache" "Mozilla/5.0 (Windows NT 10.0; Win64; x64; rv:126.0) Gecko/20100101 Firefox/126.0"
123.117.34.38 - - [03/Jun/2024:16:43:12 +0800] "GET /index.php/2024/06/03/aaa%e5%bb%ba%e6%9d%90%e5%90%b4%e6%80%bb/ HTTP/1.1" 404 10966 "http://1.92.107.167/index.php/2024/06/03/hello-world/" "Mozilla/5.0 (Windows NT 10.0; Win64; x64) AppleWebKit/537.36 (KHTML, like Gecko) Chrome/125.0.0.0 Safari/537.36 Edg/125.0.0.0"
123.117.34.38 - - [03/Jun/2024:16:43:17 +0800] "GET /index.php/2024/06/03/hello-world/ HTTP/1.1" 200 33919 "http://1.92.107.167/index.php/2024/06/03/hello-world/" "Mozilla/5.0 (Windows NT 10.0; Win64; x64) AppleWebKit/537.36 (KHTML, like Gecko) Chrome/125.0.0.0 Safari/537.36 Edg/125.0.0.0"
106.120.13.53 - - [03/Jun/2024:16:43:23 +0800] "GET /index.php/2024/06/03/hello-world/ HTTP/1.1" 200 33862 "http://1.92.107.167/" "Mozilla/5.0 (Windows NT 10.0; Win64; x64) AppleWebKit/537.36 (KHTML, like Gecko) Chrome/115.0.0.0 Safari/537.36 Edg/115.0.1901.188"
106.120.13.53 - - [03/Jun/2024:16:43:38 +0800] "GET /index.php/2024/06/03/aaa%e5%bb%ba%e6%9d%90%e5%90%b4%e6%80%bb/ HTTP/1.1" 404 10966 "http://1.92.107.167/index.php/2024/06/03/hello-world/" "Mozilla/5.0 (Windows NT 10.0; Win64; x64) AppleWebKit/537.36 (KHTML, like Gecko) Chrome/115.0.0.0 Safari/537.36 Edg/115.0.1901.188"
123.117.34.38 - - [03/Jun/2024:16:43:38 +0800] "POST /wp-admin/admin-ajax.php HTTP/1.1" 200 47 "http://1.92.107.167/wp-admin/edit-comments.php" "Mozilla/5.0 (Windows NT 10.0; Win64; x64) AppleWebKit/537.36 (KHTML, like Gecko) Chrome/125.0.0.0 Safari/537.36"
123.117.34.38 - - [03/Jun/2024:16:44:08 +0800] "POST /wp-admin/admin-ajax.php HTTP/1.1" 200 47 "http://1.92.107.167/wp-admin/options-general.php?page=redis-cache" "Mozilla/5.0 (Windows NT 10.0; Win64; x64; rv:126.0) Gecko/20100101 Firefox/126.0"
123.117.34.38 - - [03/Jun/2024:16:44:12 +0800] "POST /wp-admin/admin-ajax.php HTTP/1.1" 200 47 "http://1.92.107.167/wp-admin/edit.php" "Mozilla/5.0 (Windows NT 10.0; Win64; x64) AppleWebKit/537.36 (KHTML, like Gecko) Chrome/125.0.0.0 Safari/537.36"
106.120.13.53 - - [03/Jun/2024:16:44:29 +0800] "-" 408 - "-" "-"
180.102.196.13 - - [03/Jun/2024:16:44:29 +0800] "POST /wp-admin/admin-ajax.php HTTP/1.1" 200 47 "http://1.92.107.167/wp-admin/edit-comments.php" "Mozilla/5.0 (Windows NT 10.0; Win64; x64) AppleWebKit/537.36 (KHTML, like Gecko) Chrome/125.0.0.0 Safari/537.36"
123.117.34.38 - - [03/Jun/2024:16:44:39 +0800] "POST /wp-admin/admin-ajax.php HTTP/1.1" 200 47 "http://1.92.107.167/wp-admin/edit-comments.php" "Mozilla/5.0 (Windows NT 10.0; Win64; x64) AppleWebKit/537.36 (KHTML, like Gecko) Chrome/125.0.0.0 Safari/537.36"
123.117.34.38 - - [03/Jun/2024:16:44:46 +0800] "POST /wp-comments-post.php HTTP/1.1" 302 - "http://1.92.107.167/index.php/2024/06/03/hello-world/" "Mozilla/5.0 (Windows NT 10.0; Win64; x64) AppleWebKit/537.36 (KHTML, like Gecko) Chrome/125.0.0.0 Safari/537.36 Edg/125.0.0.0"
123.117.34.38 - - [03/Jun/2024:16:44:46 +0800] "GET /index.php/2024/06/03/hello-world/ HTTP/1.1" 200 35325 "http://1.92.107.167/index.php/2024/06/03/hello-world/" "Mozilla/5.0 (Windows NT 10.0; Win64; x64) AppleWebKit/537.36 (KHTML, like Gecko) Chrome/125.0.0.0 Safari/537.36 Edg/125.0.0.0"
106.120.13.53 - - [03/Jun/2024:16:44:48 +0800] "-" 408 - "-" "-"
123.117.34.38 - - [03/Jun/2024:16:46:04 +0800] "GET /?s=ls HTTP/1.1" 200 11262 "http://1.92.107.167/index.php/2024/06/03/hello-world/" "Mozilla/5.0 (Windows NT 10.0; Win64; x64) AppleWebKit/537.36 (KHTML, like Gecko) Chrome/125.0.0.0 Safari/537.36 Edg/125.0.0.0"
221.217.54.148 - - [03/Jun/2024:16:46:08 +0800] "POST /wp-admin/admin-ajax.php HTTP/1.1" 200 47 "http://1.92.107.167/wp-admin/options-general.php?page=redis-cache" "Mozilla/5.0 (Windows NT 10.0; Win64; x64; rv:126.0) Gecko/20100101 Firefox/126.0"
123.117.34.38 - - [03/Jun/2024:16:46:08 +0800] "GET /?s=ls HTTP/1.1" 200 11262 "http://1.92.107.167/?s=ls" "Mozilla/5.0 (Windows NT 10.0; Win64; x64) AppleWebKit/537.36 (KHTML, like Gecko) Chrome/125.0.0.0 Safari/537.36 Edg/125.0.0.0"
123.117.34.38 - - [03/Jun/2024:16:46:12 +0800] "GET /?s=hah4 HTTP/1.1" 200 11274 "http://1.92.107.167/?s=ls" "Mozilla/5.0 (Windows NT 10.0; Win64; x64) AppleWebKit/537.36 (KHTML, like Gecko) Chrome/125.0.0.0 Safari/537.36 Edg/125.0.0.0"
123.117.34.38 - - [03/Jun/2024:16:46:13 +0800] "POST /wp-admin/admin-ajax.php HTTP/1.1" 200 47 "http://1.92.107.167/wp-admin/edit.php" "Mozilla/5.0 (Windows NT 10.0; Win64; x64) AppleWebKit/537.36 (KHTML, like Gecko) Chrome/125.0.0.0 Safari/537.36"
123.117.34.38 - - [03/Jun/2024:16:46:15 +0800] "GET /?s=ha HTTP/1.1" 200 11262 "http://1.92.107.167/?s=hah4" "Mozilla/5.0 (Windows NT 10.0; Win64; x64) AppleWebKit/537.36 (KHTML, like Gecko) Chrome/125.0.0.0 Safari/537.36 Edg/125.0.0.0"
